Archive member included to satisfy reference by file (symbol)

/home/arduino/ArduinoApps/Robot-for-Post-Hurricane-Agricultural-Inspection/robot-project-new/.cache/sketch/core/core.a(Common.cpp.o)
                              /home/arduino/ArduinoApps/Robot-for-Post-Hurricane-Agricultural-Inspection/robot-project-new/.cache/sketch/libraries/Servo/zephyr/Servo.cpp.o (map(long, long, long, long, long))
/home/arduino/ArduinoApps/Robot-for-Post-Hurricane-Agricultural-Inspection/robot-project-new/.cache/sketch/core/core.a(Print.cpp.o)
                              /home/arduino/ArduinoApps/Robot-for-Post-Hurricane-Agricultural-Inspection/robot-project-new/.cache/sketch/libraries/Adafruit Unified Sensor/Adafruit_Sensor.cpp.o (arduino::Print::print(arduino::__FlashStringHelper const*))
/home/arduino/ArduinoApps/Robot-for-Post-Hurricane-Agricultural-Inspection/robot-project-new/.cache/sketch/core/core.a(Stream.cpp.o)
                              /home/arduino/ArduinoApps/Robot-for-Post-Hurricane-Agricultural-Inspection/robot-project-new/.cache/sketch/sketch/sketch.ino.cpp.o (arduino::Stream::setTimeout(unsigned long))
/home/arduino/ArduinoApps/Robot-for-Post-Hurricane-Agricultural-Inspection/robot-project-new/.cache/sketch/core/core.a(String.cpp.o)
                              /home/arduino/ArduinoApps/Robot-for-Post-Hurricane-Agricultural-Inspection/robot-project-new/.cache/sketch/sketch/sketch.ino.cpp.o (arduino::String::String(arduino::String&&))
/home/arduino/ArduinoApps/Robot-for-Post-Hurricane-Agricultural-Inspection/robot-project-new/.cache/sketch/core/core.a(itoa.cpp.o)
                              /home/arduino/ArduinoApps/Robot-for-Post-Hurricane-Agricultural-Inspection/robot-project-new/.cache/sketch/core/core.a(String.cpp.o) (dtostrf)
/home/arduino/ArduinoApps/Robot-for-Post-Hurricane-Agricultural-Inspection/robot-project-new/.cache/sketch/core/core.a(llext_wrappers.c.o)
                              /home/arduino/ArduinoApps/Robot-for-Post-Hurricane-Agricultural-Inspection/robot-project-new/.cache/sketch/sketch/sketch.ino.cpp.o (memcpy)
/home/arduino/ArduinoApps/Robot-for-Post-Hurricane-Agricultural-Inspection/robot-project-new/.cache/sketch/core/core.a(main.cpp.o)
                              (main)
/home/arduino/ArduinoApps/Robot-for-Post-Hurricane-Agricultural-Inspection/robot-project-new/.cache/sketch/core/core.a(new.cpp.o)
                              /home/arduino/ArduinoApps/Robot-for-Post-Hurricane-Agricultural-Inspection/robot-project-new/.cache/sketch/sketch/sketch.ino.cpp.o (operator new(unsigned int))
/home/arduino/ArduinoApps/Robot-for-Post-Hurricane-Agricultural-Inspection/robot-project-new/.cache/sketch/core/core.a(threads.cpp.o)
                              /home/arduino/ArduinoApps/Robot-for-Post-Hurricane-Agricultural-Inspection/robot-project-new/.cache/sketch/core/core.a(main.cpp.o) (start_static_threads())
/home/arduino/ArduinoApps/Robot-for-Post-Hurricane-Agricultural-Inspection/robot-project-new/.cache/sketch/core/core.a(zephyrCommon.cpp.o)
                              /home/arduino/ArduinoApps/Robot-for-Post-Hurricane-Agricultural-Inspection/robot-project-new/.cache/sketch/sketch/sketch.ino.cpp.o (pinMode)
/home/arduino/ArduinoApps/Robot-for-Post-Hurricane-Agricultural-Inspection/robot-project-new/.cache/sketch/core/core.a(zephyrSerial.cpp.o)
                              /home/arduino/ArduinoApps/Robot-for-Post-Hurricane-Agricultural-Inspection/robot-project-new/.cache/sketch/libraries/Arduino_RouterBridge/singletons.cpp.o (Serial2)
/home/arduino/.arduino15/packages/zephyr/tools/arm-zephyr-eabi/0.16.8/bin/../lib/gcc/arm-zephyr-eabi/12.2.0/../../../../arm-zephyr-eabi/lib/thumb/v8-m.main+fp/hard/libstdc++_nano.a(functexcept.o)
                              /home/arduino/ArduinoApps/Robot-for-Post-Hurricane-Agricultural-Inspection/robot-project-new/.cache/sketch/sketch/sketch.ino.cpp.o (std::__throw_bad_alloc())
/home/arduino/.arduino15/packages/zephyr/tools/arm-zephyr-eabi/0.16.8/bin/../lib/gcc/arm-zephyr-eabi/12.2.0/../../../../arm-zephyr-eabi/lib/thumb/v8-m.main+fp/hard/libstdc++_nano.a(functional.o)
                              /home/arduino/ArduinoApps/Robot-for-Post-Hurricane-Agricultural-Inspection/robot-project-new/.cache/sketch/sketch/sketch.ino.cpp.o (std::__throw_bad_function_call())
/home/arduino/.arduino15/packages/zephyr/tools/arm-zephyr-eabi/0.16.8/bin/../lib/gcc/arm-zephyr-eabi/12.2.0/../../../../arm-zephyr-eabi/lib/thumb/v8-m.main+fp/hard/libstdc++_nano.a(eh_exception.o)
                              /home/arduino/.arduino15/packages/zephyr/tools/arm-zephyr-eabi/0.16.8/bin/../lib/gcc/arm-zephyr-eabi/12.2.0/../../../../arm-zephyr-eabi/lib/thumb/v8-m.main+fp/hard/libstdc++_nano.a(functional.o) (std::exception::~exception())
/home/arduino/.arduino15/packages/zephyr/tools/arm-zephyr-eabi/0.16.8/bin/../lib/gcc/arm-zephyr-eabi/12.2.0/../../../../arm-zephyr-eabi/lib/thumb/v8-m.main+fp/hard/libstdc++_nano.a(si_class_type_info.o)
[...]
Memory Configuration

Name             Origin             Length             Attributes
*default*        0x0000000000000000 0xffffffffffffffff

Linker script and memory map

LOAD /home/arduino/.arduino15/packages/zephyr/tools/arm-zephyr-eabi/0.16.8/bin/../lib/gcc/arm-zephyr-eabi/12.2.0/../../../../arm-zephyr-eabi/lib/thumb/v8-m.main+fp/hard/libstdc++_nano.a
LOAD /home/arduino/.arduino15/packages/zephyr/tools/arm-zephyr-eabi/0.16.8/bin/../lib/gcc/arm-zephyr-eabi/12.2.0/../../../../arm-zephyr-eabi/lib/thumb/v8-m.main+fp/hard/libsupc++_nano.a
LOAD /home/arduino/.arduino15/packages/zephyr/tools/arm-zephyr-eabi/0.16.8/bin/../lib/gcc/arm-zephyr-eabi/12.2.0/../../../../arm-zephyr-eabi/lib/thumb/v8-m.main+fp/hard/libnosys.a
LOAD /home/arduino/ArduinoApps/Robot-for-Post-Hurricane-Agricultural-Inspection/robot-project-new/.cache/sketch/sketch/sketch.ino.cpp.o
LOAD /home/arduino/ArduinoApps/Robot-for-Post-Hurricane-Agricultural-Inspection/robot-project-new/.cache/sketch/libraries/Wire/Wire.cpp.o
LOAD /home/arduino/ArduinoApps/Robot-for-Post-Hurricane-Agricultural-Inspection/robot-project-new/.cache/sketch/libraries/SPI/SPI.cpp.o
LOAD /home/arduino/ArduinoApps/Robot-for-Post-Hurricane-Agricultural-Inspection/robot-project-new/.cache/sketch/libraries/Arduino_RouterBridge/singletons.cpp.o
LOAD /home/arduino/ArduinoApps/Robot-for-Post-Hurricane-Agricultural-Inspection/robot-project-new/.cache/sketch/libraries/Adafruit MPU6050/Adafruit_MPU6050.cpp.o
LOAD /home/arduino/ArduinoApps/Robot-for-Post-Hurricane-Agricultural-Inspection/robot-project-new/.cache/sketch/libraries/Adafruit BusIO/Adafruit_BusIO_Register.cpp.o
LOAD /home/arduino/ArduinoApps/Robot-for-Post-Hurricane-Agricultural-Inspection/robot-project-new/.cache/sketch/libraries/Adafruit BusIO/Adafruit_GenericDevice.cpp.o
LOAD /home/arduino/ArduinoApps/Robot-for-Post-Hurricane-Agricultural-Inspection/robot-project-new/.cache/sketch/libraries/Adafruit BusIO/Adafruit_I2CDevice.cpp.o
LOAD /home/arduino/ArduinoApps/Robot-for-Post-Hurricane-Agricultural-Inspection/robot-project-new/.cache/sketch/libraries/Adafruit BusIO/Adafruit_SPIDevice.cpp.o
LOAD /home/arduino/ArduinoApps/Robot-for-Post-Hurricane-Agricultural-Inspection/robot-project-new/.cache/sketch/libraries/Adafruit Unified Sensor/Adafruit_Sensor.cpp.o
LOAD /home/arduino/ArduinoApps/Robot-for-Post-Hurricane-Agricultural-Inspection/robot-project-new/.cache/sketch/libraries/Servo/avr/Servo.cpp.o
LOAD /home/arduino/ArduinoApps/Robot-for-Post-Hurricane-Agricultural-Inspection/robot-project-new/.cache/sketch/libraries/Servo/esp32/Servo.cpp.o
LOAD /home/arduino/ArduinoApps/Robot-for-Post-Hurricane-Agricultural-Inspection/robot-project-new/.cache/sketch/libraries/Servo/mbed/Servo.cpp.o
LOAD /home/arduino/ArduinoApps/Robot-for-Post-Hurricane-Agricultural-Inspection/robot-project-new/.cache/sketch/libraries/Servo/megaavr/Servo.cpp.o
LOAD /home/arduino/ArduinoApps/Robot-for-Post-Hurricane-Agricultural-Inspection/robot-project-new/.cache/sketch/libraries/Servo/nrf52/Servo.cpp.o
LOAD /home/arduino/ArduinoApps/Robot-for-Post-Hurricane-Agricultural-Inspection/robot-project-new/.cache/sketch/libraries/Servo/renesas/Servo.cpp.o
LOAD /home/arduino/ArduinoApps/Robot-for-Post-Hurricane-Agricultural-Inspection/robot-project-new/.cache/sketch/libraries/Servo/sam/Servo.cpp.o
LOAD /home/arduino/ArduinoApps/Robot-for-Post-Hurricane-Agricultural-Inspection/robot-project-new/.cache/sketch/libraries/Servo/samd/Servo.cpp.o
LOAD /home/arduino/ArduinoApps/Robot-for-Post-Hurricane-Agricultural-Inspection/robot-project-new/.cache/sketch/libraries/Servo/stm32f4/Servo.cpp.o
LOAD /home/arduino/ArduinoApps/Robot-for-Post-Hurricane-Agricultural-Inspection/robot-project-new/.cache/sketch/libraries/Servo/xmc/Servo.cpp.o
LOAD /home/arduino/ArduinoApps/Robot-for-Post-Hurricane-Agricultural-Inspection/robot-project-new/.cache/sketch/libraries/Servo/zephyr/Servo.cpp.o
LOAD /home/arduino/ArduinoApps/Robot-for-Post-Hurricane-Agricultural-Inspection/robot-project-new/.cache/sketch/core/analogReference.cpp.o
START GROUP
LOAD /home/arduino/ArduinoApps/Robot-for-Post-Hurricane-Agricultural-Inspection/robot-project-new/.cache/sketch/core/core.a
LOAD /home/arduino/.arduino15/packages/zephyr/tools/arm-zephyr-eabi/0.16.8/bin/../lib/gcc/arm-zephyr-eabi/12.2.0/../../../../arm-zephyr-eabi/lib/thumb/v8-m.main+fp/hard/libstdc++_nano.a
LOAD /home/arduino/.arduino15/packages/zephyr/tools/arm-zephyr-eabi/0.16.8/bin/../lib/gcc/arm-zephyr-eabi/12.2.0/../../../../arm-zephyr-eabi/lib/thumb/v8-m.main+fp/hard/libsupc++_nano.a
LOAD /home/arduino/.arduino15/packages/zephyr/tools/arm-zephyr-eabi/0.16.8/bin/../lib/gcc/arm-zephyr-eabi/12.2.0/../../../../arm-zephyr-eabi/lib/thumb/v8-m.main+fp/hard/libm_nano.a
END GROUP

/DISCARD/
 *(.ARM.attributes)
 *(.ARM.attributes.*)
 *(.ARM.exidx)
 *(.ARM.exidx.*)
 *(.ARM.extidx)
 *(.ARM.extidx.*)
 *(.ARM.extab)
 *(.ARM.extab.*)
 *(.comment)
 *(.comment.*)
 *(.llvmbc)
 *(.llvmcmd)
 *(.eh_frame)
 *stdexcept.o()
 *eh_*.o()
 *cow-stdexcept.o()
 *cow-string-inst.o()

.text           0x0000000000000000     0x8f82
 *(.text)
 *(.stub)
 *(.text*)
 .text._ZN15SerialTransport9availableEv
                0x0000000000000000       0x12 /home/arduino/ArduinoApps/Robot-for-Post-Hurricane-Agricultural-Inspection/robot-project-new/.cache/sketch/sketch/sketch.ino.cpp.o
                0x0000000000000000                SerialTransport::available()
 .text._ZN15SerialTransport5writeEPKhj
                0x0000000000000012       0x10 /home/arduino/ArduinoApps/Robot-for-Post-Hurricane-Agricultural-Inspection/robot-project-new/.cache/sketch/sketch/sketch.ino.cpp.o
                0x0000000000000012                SerialTransport::write(unsigned char const*, unsigned int)
 *fill*         0x0000000000000022        0x2 
 .text._Z15get_motor_speedv
                0x0000000000000024        0xc /home/arduino/ArduinoApps/Robot-for-Post-Hurricane-Agricultural-Inspection/robot-project-new/.cache/sketch/sketch/sketch.ino.cpp.o
                0x0000000000000024                get_motor_speed()
 .text._Z13get_curvaturev
                0x0000000000000030        0xc /home/arduino/ArduinoApps/Robot-for-Post-Hurricane-Agricultural-Inspection/robot-project-new/.cache/sketch/sketch/sketch.ino.cpp.o
                0x0000000000000030                get_curvature()
 .text._ZN15SerialTransportD2Ev
                0x000000000000003c        0x2 /home/arduino/ArduinoApps/Robot-for-Post-Hurricane-Agricultural-Inspection/robot-project-new/.cache/sketch/sketch/sketch.ino.cpp.o
                0x000000000000003c                SerialTransport::~SerialTransport()
                0x000000000000003c                SerialTransport::~SerialTransport()
 *fill*         0x000000000000003e        0x2 
 .text.k_yield  0x0000000000000040        0x8 /home/arduino/ArduinoApps/Robot-for-Post-Hurricane-Agricultural-Inspection/robot-project-new/.cache/sketch/sketch/sketch.ino.cpp.o
 .text.k_mutex_lock
                0x0000000000000048        0x8 /home/arduino/ArduinoApps/Robot-for-Post-Hurricane-Agricultural-Inspection/robot-project-new/.cache/sketch/sketch/sketch.ino.cpp.o
 .text.__tcf_0  0x0000000000000050       0x10 /home/arduino/ArduinoApps/Robot-for-Post-Hurricane-Agricultural-Inspection/robot-project-new/.cache/sketch/sketch/sketch.ino.cpp.o
 .text._ZN15SerialTransport4readEPhj
                0x0000000000000060       0x28 /home/arduino/ArduinoApps/Robot-for-Post-Hurricane-Agricultural-Inspection/robot-project-new/.cache/sketch/sketch/sketch.ino.cpp.o
                0x0000000000000060                SerialTransport::read(unsigned char*, unsigned int)
 .text._ZN15SerialTransport9read_byteERh
                0x0000000000000088       0x20 /home/arduino/ArduinoApps/Robot-for-Post-Hurricane-Agricultural-Inspection/robot-project-new/.cache/sketch/sketch/sketch.ino.cpp.o
                0x0000000000000088                SerialTransport::read_byte(unsigned char&)
 .text._ZN15SerialTransportD0Ev
                0x00000000000000a8       0x14 /home/arduino/ArduinoApps/Robot-for-Post-Hurricane-Agricultural-Inspection/robot-project-new/.cache/sketch/sketch/sketch.ino.cpp.o
                0x00000000000000a8                SerialTransport::~SerialTransport()
 .text._Z13setServoSpeedi
                0x00000000000000bc       0x2c /home/arduino/ArduinoApps/Robot-for-Post-Hurricane-Agricultural-Inspection/robot-project-new/.cache/sketch/sketch/sketch.ino.cpp.o
                0x00000000000000bc                setServoSpeed(int)
 .text._Z14stopServoMotorv
                0x00000000000000e8       0x10 /home/arduino/ArduinoApps/Robot-for-Post-Hurricane-Agricultural-Inspection/robot-project-new/.cache/sketch/sketch/sketch.ino.cpp.o
                0x00000000000000e8                stopServoMotor()
 .text._ZNSt17_Function_handlerIFviEPS0_E10_M_managerERSt9_Any_dataRKS3_St18_Manager_operation
                0x00000000000000f8       0x30 /home/arduino/ArduinoApps/Robot-for-Post-Hurricane-Agricultural-Inspection/robot-project-new/.cache/sketch/sketch/sketch.ino.cpp.o
                0x00000000000000f8                std::_Function_handler<void (int), void (*)(int)>::_M_manager(std::_Any_data&, std::_Any_data const&, std::_Manager_operation)
 .text._ZNSt17_Function_handlerIFviEPS0_E9_M_invokeERKSt9_Any_dataOi
                0x0000000000000128        0x6 /home/arduino/ArduinoApps/Robot-for-Post-Hurricane-Agricultural-Inspection/robot-project-new/.cache/sketch/sketch/sketch.ino.cpp.o
                0x0000000000000128                std::_Function_handler<void (int), void (*)(int)>::_M_invoke(std::_Any_data const&, int&&)
 *fill*         0x000000000000012e        0x2 
 .text._ZNSt17_Function_handlerIFivEPS0_E10_M_managerERSt9_Any_dataRKS3_St18_Manager_operation
                0x0000000000000130       0x30 /home/arduino/ArduinoApps/Robot-for-Post-Hurricane-Agricultural-Inspection/robot-project-new/.cache/sketch/sketch/sketch.ino.cpp.o
                0x0000000000000130                std::_Function_handler<int (), int (*)()>::_M_manager(std::_Any_data&, std::_Any_data const&, std::_Manager_operation)
 .text._ZNSt17_Function_handlerIFivEPS0_E9_M_invokeERKSt9_Any_data
                0x0000000000000160        0x4 /home/arduino/ArduinoApps/Robot-for-Post-Hurricane-Agricultural-Inspection/robot-project-new/.cache/sketch/sketch/sketch.ino.cpp.o
                0x0000000000000160                std::_Function_handler<int (), int (*)()>::_M_invoke(std::_Any_data const&)
 .text._ZNSt17_Function_handlerIFvvEPS0_E10_M_managerERSt9_Any_dataRKS3_St18_Manager_operation
                0x0000000000000164       0x30 /home/arduino/ArduinoApps/Robot-for-Post-Hurricane-Agricultural-Inspection/robot-project-new/.cache/sketch/sketch/sketch.ino.cpp.o
                0x0000000000000164                std::_Function_handler<void (), void (*)()>::_M_manager(std::_Any_data&, std::_Any_data const&, std::_Manager_operation)
 .text._ZNSt17_Function_handlerIFvvEPS0_E9_M_invokeERKSt9_Any_data
                0x0000000000000194        0x4 /home/arduino/ArduinoApps/Robot-for-Post-Hurricane-Agricultural-Inspection/robot-project-new/.cache/sketch/sketch/sketch.ino.cpp.o
                0x0000000000000194                std::_Function_handler<void (), void (*)()>::_M_invoke(std::_Any_data const&)
 .text._ZSt14__relocate_a_1IhhENSt9enable_ifIXsrSt24__is_bitwise_relocatableIT_vE5valueEPS2_E4typeES4_S4_S4_RSaIT0_E.isra.0
                0x0000000000000198       0x20 /home/arduino/ArduinoApps/Robot-for-Post-Hurricane-Agricultural-Inspection/robot-project-new/.cache/sketch/sketch/sketch.ino.cpp.o
 .text._ZN13DispatchEntryaSEOS_.isra.0
                0x00000000000001b8       0x20 /home/arduino/ArduinoApps/Robot-for-Post-Hurricane-Agricultural-Inspection/robot-project-new/.cache/sketch/sketch/sketch.ino.cpp.o
 .text._ZNSt12_Vector_baseIhSaIhEE11_M_allocateEj.isra.0
                0x00000000000001d8       0x20 /home/arduino/ArduinoApps/Robot-for-Post-Hurricane-Agricultural-Inspection/robot-project-new/.cache/sketch/sketch/sketch.ino.cpp.o
 .text.k_mutex_unlock.isra.0
                0x00000000000001f8        0x8 /home/arduino/ArduinoApps/Robot-for-Post-Hurricane-Agricultural-Inspection/robot-project-new/.cache/sketch/sketch/sketch.ino.cpp.o
 .text.k_mutex_init.isra.0
                0x0000000000000200        0x8 /home/arduino/ArduinoApps/Robot-for-Post-Hurricane-Agricultural-Inspection/robot-project-new/.cache/sketch/sketch/sketch.ino.cpp.o
 .text.k_msleep.constprop.0.isra.0
                0x0000000000000208        0xc /home/arduino/ArduinoApps/Robot-for-Post-Hurricane-Agricultural-Inspection/robot-project-new/.cache/sketch/sketch/sketch.ino.cpp.o
 .text._ZNSt14_Function_baseD2Ev
                0x0000000000000214       0x12 /home/arduino/ArduinoApps/Robot-for-Post-Hurricane-Agricultural-Inspection/robot-project-new/.cache/sketch/sketch/sketch.ino.cpp.o
                0x0000000000000214                std::_Function_base::~_Function_base()
                0x0000000000000214                std::_Function_base::~_Function_base()
 *fill*         0x0000000000000226        0x2 
 .text._ZN18RpcFunctionWrapperISt8functionIFivEEED2Ev
                0x0000000000000228       0x1c /home/arduino/ArduinoApps/Robot-for-Post-Hurricane-Agricultural-Inspection/robot-project-new/.cache/sketch/sketch/sketch.ino.cpp.o
                0x0000000000000228                RpcFunctionWrapper<std::function<int ()> >::~RpcFunctionWrapper()
                0x0000000000000228                RpcFunctionWrapper<std::function<int ()> >::~RpcFunctionWrapper()
 .text._ZN18RpcFunctionWrapperISt8functionIFivEEED0Ev
                0x0000000000000244       0x1c /home/arduino/ArduinoApps/Robot-for-Post-Hurricane-Agricultural-Inspection/robot-project-new/.cache/sketch/sketch/sketch.ino.cpp.o
                0x0000000000000244                RpcFunctionWrapper<std::function<int ()> >::~RpcFunctionWrapper()
 .text._ZN18RpcFunctionWrapperISt8functionIFviEEED2Ev
                0x0000000000000260       0x1c /home/arduino/ArduinoApps/Robot-for-Post-Hurricane-Agricultural-Inspection/robot-project-new/.cache/sketch/sketch/sketch.ino.cpp.o
                0x0000000000000260                RpcFunctionWrapper<std::function<void (int)> >::~RpcFunctionWrapper()
                0x0000000000000260                RpcFunctionWrapper<std::function<void (int)> >::~RpcFunctionWrapper()
 .text._ZN18RpcFunctionWrapperISt8functionIFviEEED0Ev
                0x000000000000027c       0x1c /home/arduino/ArduinoApps/Robot-for-Post-Hurricane-Agricultural-Inspection/robot-project-new/.cache/sketch/sketch/sketch.ino.cpp.o
                0x000000000000027c                RpcFunctionWrapper<std::function<void (int)> >::~RpcFunctionWrapper()
 .text._ZN18RpcFunctionWrapperISt8functionIFvvEEED2Ev
                0x0000000000000298       0x1c /home/arduino/ArduinoApps/Robot-for-Post-Hurricane-Agricultural-Inspection/robot-project-new/.cache/sketch/sketch/sketch.ino.cpp.o
                0x0000000000000298                RpcFunctionWrapper<std::function<void ()> >::~RpcFunctionWrapper()
                0x0000000000000298                RpcFunctionWrapper<std::function<void ()> >::~RpcFunctionWrapper()
 .text._ZN18RpcFunctionWrapperISt8functionIFvvEEED0Ev
                0x00000000000002b4       0x1c /home/arduino/ArduinoApps/Robot-for-Post-Hurricane-Agricultural-Inspection/robot-project-new/.cache/sketch/sketch/sketch.ino.cpp.o
                0x00000000000002b4                RpcFunctionWrapper<std::function<void ()> >::~RpcFunctionWrapper()
 .text._ZN7arduino7msgpack8Unpacker11deserializeEv
                0x00000000000002d0       0x16 /home/arduino/ArduinoApps/Robot-for-Post-Hurricane-Agricultural-Inspection/robot-project-new/.cache/sketch/sketch/sketch.ino.cpp.o
                0x00000000000002d0                arduino::msgpack::Unpacker::deserialize()
 .text._ZN7arduino7msgpack8Unpacker5clearEv
                0x00000000000002e6       0x14 /home/arduino/ArduinoApps/Robot-for-Post-Hurricane-Agricultural-Inspection/robot-project-new/.cache/sketch/sketch/sketch.ino.cpp.o
                0x00000000000002e6                arduino::msgpack::Unpacker::clear()
 .text._ZNK7arduino7msgpack8Unpacker13getRawBytePtrEjj
                0x00000000000002fa       0x1e /home/arduino/ArduinoApps/Robot-for-Post-Hurricane-Agricultural-Inspection/robot-project-new/.cache/sketch/sketch/sketch.ino.cpp.o
                0x00000000000002fa                arduino::msgpack::Unpacker::getRawBytePtr(unsigned int, unsigned int) const
 .text._ZN8RpcErrorC2Ev
                0x0000000000000318       0x2c /home/arduino/ArduinoApps/Robot-for-Post-Hurricane-Agricultural-Inspection/robot-project-new/.cache/sketch/sketch/sketch.ino.cpp.o
                0x0000000000000318                RpcError::RpcError()
                0x0000000000000318                RpcError::RpcError()
 .text._ZN17RpcDecoderManager10getDecoderER10ITransport
                0x0000000000000344       0x7c /home/arduino/ArduinoApps/Robot-for-Post-Hurricane-Agricultural-Inspection/robot-project-new/.cache/sketch/sketch/sketch.ino.cpp.o
                0x0000000000000344                RpcDecoderManager::getDecoder(ITransport&)
 .text._ZN17RpcDecoderManager11getInstanceEv
                0x00000000000003c0       0x30 /home/arduino/ArduinoApps/Robot-for-Post-Hurricane-Agricultural-Inspection/robot-project-new/.cache/sketch/sketch/sketch.ino.cpp.o
                0x00000000000003c0                RpcDecoderManager::getInstance()
 .text._ZN7arduino7msgpack8UnpackerC2Ev
                0x00000000000003f0       0x10 /home/arduino/ArduinoApps/Robot-for-Post-Hurricane-Agricultural-Inspection/robot-project-new/.cache/sketch/sketch/sketch.ino.cpp.o
                0x00000000000003f0                arduino::msgpack::Unpacker::Unpacker()
                0x00000000000003f0                arduino::msgpack::Unpacker::Unpacker()
 .text._ZN10RPCRequestILj256EEC2Ev
                0x0000000000000400       0x4c /home/arduino/ArduinoApps/Robot-for-Post-Hurricane-Agricultural-Inspection/robot-project-new/.cache/sketch/sketch/sketch.ino.cpp.o
                0x0000000000000400                RPCRequest<256u>::RPCRequest()
                0x0000000000000400                RPCRequest<256u>::RPCRequest()
 .text._ZN11BridgeClass10is_startedEv
                0x000000000000044c       0x2c /home/arduino/ArduinoApps/Robot-for-Post-Hurricane-Agricultural-Inspection/robot-project-new/.cache/sketch/sketch/sketch.ino.cpp.o
                0x000000000000044c                BridgeClass::is_started()
 .text._ZN5Sonar11getDistanceEv
                0x0000000000000478       0x74 /home/arduino/ArduinoApps/Robot-for-Post-Hurricane-Agricultural-Inspection/robot-project-new/.cache/sketch/sketch/sketch.ino.cpp.o
                0x0000000000000478                Sonar::getDistance()
 .text._Z14set_led4_colorbbb
                0x00000000000004ec       0x2c /home/arduino/ArduinoApps/Robot-for-Post-Hurricane-Agricultural-Inspection/robot-project-new/.cache/sketch/sketch/sketch.ino.cpp.o
                0x00000000000004ec                set_led4_color(bool, bool, bool)
 .text._ZNSt12_Vector_baseIhSaIhEED2Ev
                0x0000000000000518       0x18 /home/arduino/ArduinoApps/Robot-for-Post-Hurricane-Agricultural-Inspection/robot-project-new/.cache/sketch/sketch/sketch.ino.cpp.o
                0x0000000000000518                std::_Vector_base<unsigned char, std::allocator<unsigned char> >::~_Vector_base()
                0x0000000000000518                std::_Vector_base<unsigned char, std::allocator<unsigned char> >::~_Vector_base()
 .text.__tcf_2  0x0000000000000530       0x14 /home/arduino/ArduinoApps/Robot-for-Post-Hurricane-Agricultural-Inspection/robot-project-new/.cache/sketch/sketch/sketch.ino.cpp.o
 .text.__tcf_1  0x0000000000000544       0x14 /home/arduino/ArduinoApps/Robot-for-Post-Hurricane-Agricultural-Inspection/robot-project-new/.cache/sketch/sketch/sketch.ino.cpp.o
 .text._ZNSt6vectorIhSaIhEE14_M_move_assignEOS1_St17integral_constantIbLb1EE.isra.0
                0x0000000000000558       0x34 /home/arduino/ArduinoApps/Robot-for-Post-Hurricane-Agricultural-Inspection/robot-project-new/.cache/sketch/sketch/sketch.ino.cpp.o
 .text._ZNK7arduino7msgpack8Unpacker11getRawBytesIhEET_jj
                0x000000000000058c       0x1e /home/arduino/ArduinoApps/Robot-for-Post-Hurricane-Agricultural-Inspection/robot-project-new/.cache/sketch/sketch/sketch.ino.cpp.o
                0x000000000000058c                unsigned char arduino::msgpack::Unpacker::getRawBytes<unsigned char>(unsigned int, unsigned int) const
 *fill*         0x00000000000005aa        0x2 
 .text._ZNK7arduino7msgpack8Unpacker7getTypeEj
                0x00000000000005ac       0x58 /home/arduino/ArduinoApps/Robot-for-Post-Hurricane-Agricultural-Inspection/robot-project-new/.cache/sketch/sketch/sketch.ino.cpp.o
                0x00000000000005ac                arduino::msgpack::Unpacker::getType(unsigned int) const
 .text._ZNK7arduino7msgpack8Unpacker7getTypeEv
                0x0000000000000604       0x10 /home/arduino/ArduinoApps/Robot-for-Post-Hurricane-Agricultural-Inspection/robot-project-new/.cache/sketch/sketch/sketch.ino.cpp.o
                0x0000000000000604                arduino::msgpack::Unpacker::getType() const
 .text._ZN7arduino7msgpack8Unpacker9unpackNilEv
                0x0000000000000614       0x3c /home/arduino/ArduinoApps/Robot-for-Post-Hurricane-Agricultural-Inspection/robot-project-new/.cache/sketch/sketch/sketch.ino.cpp.o
                0x0000000000000614                arduino::msgpack::Unpacker::unpackNil()
 .text._ZNK7arduino7msgpack8Unpacker7isArrayEv
                0x0000000000000650       0x20 /home/arduino/ArduinoApps/Robot-for-Post-Hurricane-Agricultural-Inspection/robot-project-new/.cache/sketch/sketch/sketch.ino.cpp.o
                0x0000000000000650                arduino::msgpack::Unpacker::isArray() const
 .text._ZNK7arduino7msgpack8Unpacker5isMapEv
                0x0000000000000670       0x20 /home/arduino/ArduinoApps/Robot-for-Post-Hurricane-Agricultural-Inspection/robot-project-new/.cache/sketch/sketch/sketch.ino.cpp.o
                0x0000000000000670                arduino::msgpack::Unpacker::isMap() const
 .text._ZN7arduino7msgpack8Unpacker13unpackFloat32Ev
                0x0000000000000690       0x60 /home/arduino/ArduinoApps/Robot-for-Post-Hurricane-Agricultural-Inspection/robot-project-new/.cache/sketch/sketch/sketch.ino.cpp.o
                0x0000000000000690                arduino::msgpack::Unpacker::unpackFloat32()
 .text._ZN7arduino7msgpack8Unpacker13unpackFloat64Ev
                0x00000000000006f0       0x6c /home/arduino/ArduinoApps/Robot-for-Post-Hurricane-Agricultural-Inspection/robot-project-new/.cache/sketch/sketch/sketch.ino.cpp.o
                0x00000000000006f0                arduino::msgpack::Unpacker::unpackFloat64()
 .text._ZN7arduino7msgpack8Unpacker11unpackInt64Ev
                0x000000000000075c       0x60 /home/arduino/ArduinoApps/Robot-for-Post-Hurricane-Agricultural-Inspection/robot-project-new/.cache/sketch/sketch/sketch.ino.cpp.o
                0x000000000000075c                arduino::msgpack::Unpacker::unpackInt64()
 .text._ZN7arduino7msgpack8Unpacker11unpackInt32Ev
                0x00000000000007bc       0x58 /home/arduino/ArduinoApps/Robot-for-Post-Hurricane-Agricultural-Inspection/robot-project-new/.cache/sketch/sketch/sketch.ino.cpp.o
                0x00000000000007bc                arduino::msgpack::Unpacker::unpackInt32()
 .text._ZN7arduino7msgpack8Unpacker11unpackInt16Ev
                0x0000000000000814       0x4c /home/arduino/ArduinoApps/Robot-for-Post-Hurricane-Agricultural-Inspection/robot-project-new/.cache/sketch/sketch/sketch.ino.cpp.o
                0x0000000000000814                arduino::msgpack::Unpacker::unpackInt16()
 .text._ZN7arduino7msgpack8Unpacker10unpackInt5Ev
                0x0000000000000860       0x4c /home/arduino/ArduinoApps/Robot-for-Post-Hurricane-Agricultural-Inspection/robot-project-new/.cache/sketch/sketch/sketch.ino.cpp.o
                0x0000000000000860                arduino::msgpack::Unpacker::unpackInt5()
 .text._ZN7arduino7msgpack8Unpacker11unpackUInt7Ev
                0x00000000000008ac       0x48 /home/arduino/ArduinoApps/Robot-for-Post-Hurricane-Agricultural-Inspection/robot-project-new/.cache/sketch/sketch/sketch.ino.cpp.o
                0x00000000000008ac                arduino::msgpack::Unpacker::unpackUInt7()
 .text._ZN7arduino7msgpack8Unpacker11unpackUInt8Ev
                0x00000000000008f4       0x48 /home/arduino/ArduinoApps/Robot-for-Post-Hurricane-Agricultural-Inspection/robot-project-new/.cache/sketch/sketch/sketch.ino.cpp.o
                0x00000000000008f4                arduino::msgpack::Unpacker::unpackUInt8()
 .text._ZNK7arduino7msgpack8Unpacker11getRawBytesItEET_jj
                0x000000000000093c       0x26 /home/arduino/ArduinoApps/Robot-for-Post-Hurricane-Agricultural-Inspection/robot-project-new/.cache/sketch/sketch/sketch.ino.cpp.o
                0x000000000000093c                unsigned short arduino::msgpack::Unpacker::getRawBytes<unsigned short>(unsigned int, unsigned int) const
 *fill*         0x0000000000000962        0x2 
 .text._ZN7arduino7msgpack8Unpacker12unpackUInt16Ev
                0x0000000000000964       0x48 /home/arduino/ArduinoApps/Robot-for-Post-Hurricane-Agricultural-Inspection/robot-project-new/.cache/sketch/sketch/sketch.ino.cpp.o
                0x0000000000000964                arduino::msgpack::Unpacker::unpackUInt16()
 .text._ZNK7arduino7msgpack8Unpacker11getRawBytesIjEET_jj
                0x00000000000009ac       0x34 /home/arduino/ArduinoApps/Robot-for-Post-Hurricane-Agricultural-Inspection/robot-project-new/.cache/sketch/sketch/sketch.ino.cpp.o
                0x00000000000009ac                unsigned int arduino::msgpack::Unpacker::getRawBytes<unsigned int>(unsigned int, unsigned int) const
 .text._ZNK7arduino7msgpack8Unpacker14getElementSizeEj
                0x00000000000009e0      0x11c /home/arduino/ArduinoApps/Robot-for-Post-Hurricane-Agricultural-Inspection/robot-project-new/.cache/sketch/sketch/sketch.ino.cpp.o
                0x00000000000009e0                arduino::msgpack::Unpacker::getElementSize(unsigned int) const
 .text._ZN7arduino7msgpack8Unpacker15unpackArraySizeEv
                0x0000000000000afc       0x78 /home/arduino/ArduinoApps/Robot-for-Post-Hurricane-Agricultural-Inspection/robot-project-new/.cache/sketch/sketch/sketch.ino.cpp.o
                0x0000000000000afc                arduino::msgpack::Unpacker::unpackArraySize()
 .text._ZN7arduino7msgpack8Unpacker12unpackUInt32Ev
                0x0000000000000b74       0x48 /home/arduino/ArduinoApps/Robot-for-Post-Hurricane-Agricultural-Inspection/robot-project-new/.cache/sketch/sketch/sketch.ino.cpp.o
                0x0000000000000b74                arduino::msgpack::Unpacker::unpackUInt32()
 .text._ZN7arduino7msgpack8Unpacker13unpackMapSizeEv
                0x0000000000000bbc       0x78 /home/arduino/ArduinoApps/Robot-for-Post-Hurricane-Agricultural-Inspection/robot-project-new/.cache/sketch/sketch/sketch.ino.cpp.o
                0x0000000000000bbc                arduino::msgpack::Unpacker::unpackMapSize()
 .text._ZNK7arduino7msgpack8Unpacker11getRawBytesIyEET_jj
                0x0000000000000c34       0x3a /home/arduino/ArduinoApps/Robot-for-Post-Hurricane-Agricultural-Inspection/robot-project-new/.cache/sketch/sketch/sketch.ino.cpp.o
                0x0000000000000c34                unsigned long long arduino::msgpack::Unpacker::getRawBytes<unsigned long long>(unsigned int, unsigned int) const
 *fill*         0x0000000000000c6e        0x2 
 .text._ZN7arduino7msgpack8Unpacker12unpackUInt64Ev
                0x0000000000000c70       0x4c /home/arduino/ArduinoApps/Robot-for-Post-Hurricane-Agricultural-Inspection/robot-project-new/.cache/sketch/sketch/sketch.ino.cpp.o
                0x0000000000000c70                arduino::msgpack::Unpacker::unpackUInt64()
 .text._ZNK7arduino7msgpack8Unpacker11getRawBytesIaEET_jj
                0x0000000000000cbc       0x1e /home/arduino/ArduinoApps/Robot-for-Post-Hurricane-Agricultural-Inspection/robot-project-new/.cache/sketch/sketch/sketch.ino.cpp.o
                0x0000000000000cbc                signed char arduino::msgpack::Unpacker::getRawBytes<signed char>(unsigned int, unsigned int) const
 *fill*         0x0000000000000cda        0x2 
 .text._ZN7arduino7msgpack8Unpacker10unpackInt8Ev
                0x0000000000000cdc       0x48 /home/arduino/ArduinoApps/Robot-for-Post-Hurricane-Agricultural-Inspection/robot-project-new/.cache/sketch/sketch/sketch.ino.cpp.o
                0x0000000000000cdc                arduino::msgpack::Unpacker::unpackInt8()
 .text._ZNK7arduino7msgpack8Unpacker13isTimestamp32Ev
                0x0000000000000d24       0x2c /home/arduino/ArduinoApps/Robot-for-Post-Hurricane-Agricultural-Inspection/robot-project-new/.cache/sketch/sketch/sketch.ino.cpp.o
                0x0000000000000d24                arduino::msgpack::Unpacker::isTimestamp32() const
 .text._ZNK7arduino7msgpack8Unpacker13isTimestamp64Ev
                0x0000000000000d50       0x2c /home/arduino/ArduinoApps/Robot-for-Post-Hurricane-Agricultural-Inspection/robot-project-new/.cache/sketch/sketch/sketch.ino.cpp.o
                0x0000000000000d50                arduino::msgpack::Unpacker::isTimestamp64() const
 .text._ZNK7arduino7msgpack8Unpacker13isTimestamp96Ev
                0x0000000000000d7c       0x40 /home/arduino/ArduinoApps/Robot-for-Post-Hurricane-Agricultural-Inspection/robot-project-new/.cache/sketch/sketch/sketch.ino.cpp.o
                0x0000000000000d7c                arduino::msgpack::Unpacker::isTimestamp96() const
 .text._ZNK7arduino7msgpack8Unpacker11getRawBytesIcEET_jj
                0x0000000000000dbc       0x1e /home/arduino/ArduinoApps/Robot-for-Post-Hurricane-Agricultural-Inspection/robot-project-new/.cache/sketch/sketch/sketch.ino.cpp.o
                0x0000000000000dbc                char arduino::msgpack::Unpacker::getRawBytes<char>(unsigned int, unsigned int) const
 *fill*         0x0000000000000dda        0x2 
 .text._ZN7arduino7msgpack8Unpacker11deserializeINS0_4type9ArraySizeEJEEEbRT_DpOT0_
                0x0000000000000ddc       0x40 /home/arduino/ArduinoApps/Robot-for-Post-Hurricane-Agricultural-Inspection/robot-project-new/.cache/sketch/sketch/sketch.ino.cpp.o
                0x0000000000000ddc                bool arduino::msgpack::Unpacker::deserialize<arduino::msgpack::type::ArraySize>(arduino::msgpack::type::ArraySize&)
 .text._ZN7arduino7msgpack8Unpacker11deserializeINS0_6object5nil_tEJEEEbRT_DpOT0_
                0x0000000000000e1c       0x40 /home/arduino/ArduinoApps/Robot-for-Post-Hurricane-Agricultural-Inspection/robot-project-new/.cache/sketch/sketch/sketch.ino.cpp.o
                0x0000000000000e1c                bool arduino::msgpack::Unpacker::deserialize<arduino::msgpack::object::nil_t>(arduino::msgpack::object::nil_t&)
 .text._ZN7arduino7msgpack8Unpacker11deserializeIbJEEEbRT_DpOT0_
                0x0000000000000e5c       0x68 /home/arduino/ArduinoApps/Robot-for-Post-Hurricane-Agricultural-Inspection/robot-project-new/.cache/sketch/sketch/sketch.ino.cpp.o
                0x0000000000000e5c                bool arduino::msgpack::Unpacker::deserialize<bool>(bool&)
 .text._ZN7arduino7msgpack8Unpacker11deserializeINS_6StringEJEEEbRT_DpOT0_
                0x0000000000000ec4      0x174 /home/arduino/ArduinoApps/Robot-for-Post-Hurricane-Agricultural-Inspection/robot-project-new/.cache/sketch/sketch/sketch.ino.cpp.o
                0x0000000000000ec4                bool arduino::msgpack::Unpacker::deserialize<arduino::String>(arduino::String&)
 .text._ZN7arduino7msgpack8Unpacker11deserializeINS0_6object8timespecEJEEEbRT_DpOT0_
                0x0000000000001038       0xc4 /home/arduino/ArduinoApps/Robot-for-Post-Hurricane-Agricultural-Inspection/robot-project-new/.cache/sketch/sketch/sketch.ino.cpp.o
                0x0000000000001038                bool arduino::msgpack::Unpacker::deserialize<arduino::msgpack::object::timespec>(arduino::msgpack::object::timespec&)
 .text._ZNSt12_Vector_baseIjSaIjEED2Ev
                0x00000000000010fc       0x18 /home/arduino/ArduinoApps/Robot-for-Post-Hurricane-Agricultural-Inspection/robot-project-new/.cache/sketch/sketch/sketch.ino.cpp.o
                0x00000000000010fc                std::_Vector_base<unsigned int, std::allocator<unsigned int> >::~_Vector_base()
                0x00000000000010fc                std::_Vector_base<unsigned int, std::allocator<unsigned int> >::~_Vector_base()
 .text._ZN10RPCRequestILj256EED2Ev
                0x0000000000001114       0x2c /home/arduino/ArduinoApps/Robot-for-Post-Hurricane-Agricultural-Inspection/robot-project-new/.cache/sketch/sketch/sketch.ino.cpp.o
                0x0000000000001114                RPCRequest<256u>::~RPCRequest()
                0x0000000000001114                RPCRequest<256u>::~RPCRequest()
 .text._ZNSt6vectorIjSaIjEE17_M_realloc_insertIJRjEEEvN9__gnu_cxx17__normal_iteratorIPjS1_EEDpOT_
                0x0000000000001140       0xdc /home/arduino/ArduinoApps/Robot-for-Post-Hurricane-Agricultural-Inspection/robot-project-new/.cache/sketch/sketch/sketch.ino.cpp.o
                0x0000000000001140                void std::vector<unsigned int, std::allocator<unsigned int> >::_M_realloc_insert<unsigned int&>(__gnu_cxx::__normal_iterator<unsigned int*, std::vector<unsigned int, std::allocator<unsigned int> > >, unsigned int&)
 .text._ZN7arduino7msgpack8Unpacker4feedEPKhj
                0x000000000000121c       0x78 /home/arduino/ArduinoApps/Robot-for-Post-Hurricane-Agricultural-Inspection/robot-project-new/.cache/sketch/sketch/sketch.ino.cpp.o
                0x000000000000121c                arduino::msgpack::Unpacker::feed(unsigned char const*, unsigned int)
 .text._ZN7RpcCallIJEE8setErrorEiN7arduino6StringE
                0x0000000000001294       0x40 /home/arduino/ArduinoApps/Robot-for-Post-Hurricane-Agricultural-Inspection/robot-project-new/.cache/sketch/sketch/sketch.ino.cpp.o
                0x0000000000001294                RpcCall<>::setError(int, arduino::String)
 .text._ZN7RpcCallIJEEC2ERKN7arduino6StringEP9RPCClientP7k_mutexS8_
                0x00000000000012d4       0x7c /home/arduino/ArduinoApps/Robot-for-Post-Hurricane-Agricultural-Inspection/robot-project-new/.cache/sketch/sketch/sketch.ino.cpp.o
                0x00000000000012d4                RpcCall<>::RpcCall(arduino::String const&, RPCClient*, k_mutex*, k_mutex*)
                0x00000000000012d4                RpcCall<>::RpcCall(arduino::String const&, RPCClient*, k_mutex*, k_mutex*)
 .text._ZN7RpcCallIJEE6resultIbEEbRT_.part.0
                0x0000000000001350       0x34 /home/arduino/ArduinoApps/Robot-for-Post-Hurricane-Agricultural-Inspection/robot-project-new/.cache/sketch/sketch/sketch.ino.cpp.o
 .text._ZN7RpcCallIJEE7isErrorEv
                0x0000000000001384       0x34 /home/arduino/ArduinoApps/Robot-for-Post-Hurricane-Agricultural-Inspection/robot-project-new/.cache/sketch/sketch/sketch.ino.cpp.o
                0x0000000000001384                RpcCall<>::isError()
 .text._ZNKSt6vectorIhSaIhEE12_M_check_lenEjPKc
                0x00000000000013b8       0x38 /home/arduino/ArduinoApps/Robot-for-Post-Hurricane-Agricultural-Inspection/robot-project-new/.cache/sketch/sketch/sketch.ino.cpp.o
                0x00000000000013b8                std::vector<unsigned char, std::allocator<unsigned char> >::_M_check_len(unsigned int, char const*) const
 .text._ZNSt6vectorIhSaIhEE12emplace_backIJhEEERhDpOT_.isra.0
                0x00000000000013f0       0x90 /home/arduino/ArduinoApps/Robot-for-Post-Hurricane-Agricultural-Inspection/robot-project-new/.cache/sketch/sketch/sketch.ino.cpp.o
 .text._ZN7arduino7msgpack6Packer11packRawByteERKNS0_4TypeE.isra.0
                0x0000000000001480       0x18 /home/arduino/ArduinoApps/Robot-for-Post-Hurricane-Agricultural-Inspection/robot-project-new/.cache/sketch/sketch/sketch.ino.cpp.o
 .text._ZN7arduino7msgpack6Packer7packNilEv
                0x0000000000001498       0x18 /home/arduino/ArduinoApps/Robot-for-Post-Hurricane-Agricultural-Inspection/robot-project-new/.cache/sketch/sketch/sketch.ino.cpp.o
                0x0000000000001498                arduino::msgpack::Packer::packNil()
 .text._ZNSt6vectorIhSaIhEE12emplace_backIJRKhEEERhDpOT_.isra.0
                0x00000000000014b0       0x90 /home/arduino/ArduinoApps/Robot-for-Post-Hurricane-Agricultural-Inspection/robot-project-new/.cache/sketch/sketch/sketch.ino.cpp.o
 .text._ZN7arduino7msgpack6Packer9packUInt8Eh
                0x0000000000001540       0x2c /home/arduino/ArduinoApps/Robot-for-Post-Hurricane-Agricultural-Inspection/robot-project-new/.cache/sketch/sketch/sketch.ino.cpp.o
                0x0000000000001540                arduino::msgpack::Packer::packUInt8(unsigned char)
 .text._ZNSt6vectorIhSaIhEE12emplace_backIJRhEEES3_DpOT_.isra.0
                0x000000000000156c       0x90 /home/arduino/ArduinoApps/Robot-for-Post-Hurricane-Agricultural-Inspection/robot-project-new/.cache/sketch/sketch/sketch.ino.cpp.o
 .text._ZN7arduino7msgpack6Packer15packRawReversedIjEEvRKT_
                0x00000000000015fc       0x1c /home/arduino/ArduinoApps/Robot-for-Post-Hurricane-Agricultural-Inspection/robot-project-new/.cache/sketch/sketch/sketch.ino.cpp.o
                0x00000000000015fc                void arduino::msgpack::Packer::packRawReversed<unsigned int>(unsigned int const&)
 .text._ZN7arduino7msgpack6Packer10packUInt32Ej
                0x0000000000001618       0x28 /home/arduino/ArduinoApps/Robot-for-Post-Hurricane-Agricultural-Inspection/robot-project-new/.cache/sketch/sketch/sketch.ino.cpp.o
                0x0000000000001618                arduino::msgpack::Packer::packUInt32(unsigned int)
 .text._ZN7arduino7msgpack6Packer15packRawReversedItEEvRKT_
                0x0000000000001640       0x1c /home/arduino/ArduinoApps/Robot-for-Post-Hurricane-Agricultural-Inspection/robot-project-new/.cache/sketch/sketch/sketch.ino.cpp.o
                0x0000000000001640                void arduino::msgpack::Packer::packRawReversed<unsigned short>(unsigned short const&)
 .text._ZN7arduino7msgpack6Packer13packArraySizeEj
                0x000000000000165c       0x58 /home/arduino/ArduinoApps/Robot-for-Post-Hurricane-Agricultural-Inspection/robot-project-new/.cache/sketch/sketch/sketch.ino.cpp.o
                0x000000000000165c                arduino::msgpack::Packer::packArraySize(unsigned int)
 .text._ZN7arduino7msgpack6Packer10packUInt16Et
                0x00000000000016b4       0x2c /home/arduino/ArduinoApps/Robot-for-Post-Hurricane-Agricultural-Inspection/robot-project-new/.cache/sketch/sketch/sketch.ino.cpp.o
                0x00000000000016b4                arduino::msgpack::Packer::packUInt16(unsigned short)
 .text._ZN7arduino7msgpack6Packer11packIntegerIjEENSt9enable_ifIXaaaaaasrSt13is_arithmeticIT_E5valuesrSt11is_integralIS5_E5valuentsrSt7is_sameIS5_bE5valuentsrS9_INSt9remove_cvIS5_E4typeEPcE5valueEvE4typeERKS5_.isra.0
                0x00000000000016e0       0x50 /home/arduino/ArduinoApps/Robot-for-Post-Hurricane-Agricultural-Inspection/robot-project-new/.cache/sketch/sketch/sketch.ino.cpp.o
 .text._ZN7arduino7msgpack6Packer11packIntegerIiEENSt9enable_ifIXaaaaaasrSt13is_arithmeticIT_E5valuesrSt11is_integralIS5_E5valuentsrSt7is_sameIS5_bE5valuentsrS9_INSt9remove_cvIS5_E4typeEPcE5valueEvE4typeERKS5_.isra.0
                0x0000000000001730       0xb8 /home/arduino/ArduinoApps/Robot-for-Post-Hurricane-Agricultural-Inspection/robot-project-new/.cache/sketch/sketch/sketch.ino.cpp.o
 .text._ZN7arduino7msgpack6Packer12packRawBytesEPKcj
                0x00000000000017e8       0x9c /home/arduino/ArduinoApps/Robot-for-Post-Hurricane-Agricultural-Inspection/robot-project-new/.cache/sketch/sketch/sketch.ino.cpp.o
                0x00000000000017e8                arduino::msgpack::Packer::packRawBytes(char const*, unsigned int)
 .text._ZN7arduino7msgpack6Packer11packString5EPKcj
                0x0000000000001884       0x38 /home/arduino/ArduinoApps/Robot-for-Post-Hurricane-Agricultural-Inspection/robot-project-new/.cache/sketch/sketch/sketch.ino.cpp.o
                0x0000000000001884                arduino::msgpack::Packer::packString5(char const*, unsigned int)
 .text._ZN7arduino7msgpack6Packer11packString8EPKcj
                0x00000000000018bc       0x3c /home/arduino/ArduinoApps/Robot-for-Post-Hurricane-Agricultural-Inspection/robot-project-new/.cache/sketch/sketch/sketch.ino.cpp.o
                0x00000000000018bc                arduino::msgpack::Packer::packString8(char const*, unsigned int)
 .text._ZN7arduino7msgpack6Packer12packString16EPKcj
                0x00000000000018f8       0x3c /home/arduino/ArduinoApps/Robot-for-Post-Hurricane-Agricultural-Inspection/robot-project-new/.cache/sketch/sketch/sketch.ino.cpp.o
                0x00000000000018f8                arduino::msgpack::Packer::packString16(char const*, unsigned int)
 .text._ZN7arduino7msgpack6Packer12packString32EPKcj
                0x0000000000001934       0x38 /home/arduino/ArduinoApps/Robot-for-Post-Hurricane-Agricultural-Inspection/robot-project-new/.cache/sketch/sketch/sketch.ino.cpp.o
                0x0000000000001934                arduino::msgpack::Packer::packString32(char const*, unsigned int)
 .text._ZN7arduino7msgpack6Packer4packEPKc
                0x000000000000196c       0x44 /home/arduino/ArduinoApps/Robot-for-Post-Hurricane-Agricultural-Inspection/robot-project-new/.cache/sketch/sketch/sketch.ino.cpp.o
                0x000000000000196c                arduino::msgpack::Packer::pack(char const*)
 .text._ZN7arduino7msgpack6Packer4packERKNS_6StringE
                0x00000000000019b0       0x34 /home/arduino/ArduinoApps/Robot-for-Post-Hurricane-Agricultural-Inspection/robot-project-new/.cache/sketch/sketch/sketch.ino.cpp.o
                0x00000000000019b0                arduino::msgpack::Packer::pack(arduino::String const&)
 .text._ZN7arduino7msgpack6Packer9serializeIJRKiRKNS_6StringEEEEvRKNS0_4type9ArraySizeEDpOT_.isra.0
                0x00000000000019e4       0x2c /home/arduino/ArduinoApps/Robot-for-Post-Hurricane-Agricultural-Inspection/robot-project-new/.cache/sketch/sketch/sketch.ino.cpp.o
 .text._ZN7arduino7msgpack6Packer9serializeI8RpcErrorJRNS0_6object5nil_tEEEENSt9enable_ifIXoooontsrSt10is_pointerIT_E5valuesrSt7is_sameIS9_PKcE5valuesrSB_IS9_PKNS_19__FlashStringHelperEE5valueEvE4typeERKS9_DpOT0_.constprop.0
                0x0000000000001a10       0x20 /home/arduino/ArduinoApps/Robot-for-Post-Hurricane-Agricultural-Inspection/robot-project-new/.cache/sketch/sketch/sketch.ino.cpp.o
 .text._ZN18RpcFunctionWrapperISt8functionIFvvEEEclERN7arduino7msgpack8UnpackerERNS5_6PackerE
                0x0000000000001a30       0x98 /home/arduino/ArduinoApps/Robot-for-Post-Hurricane-Agricultural-Inspection/robot-project-new/.cache/sketch/sketch/sketch.ino.cpp.o
                0x0000000000001a30                RpcFunctionWrapper<std::function<void ()> >::operator()(arduino::msgpack::Unpacker&, arduino::msgpack::Packer&)
 .text._ZN18RpcFunctionWrapperISt8functionIFivEEEclERN7arduino7msgpack8UnpackerERNS5_6PackerE
                0x0000000000001ac8       0xa4 /home/arduino/ArduinoApps/Robot-for-Post-Hurricane-Agricultural-Inspection/robot-project-new/.cache/sketch/sketch/sketch.ino.cpp.o
                0x0000000000001ac8                RpcFunctionWrapper<std::function<int ()> >::operator()(arduino::msgpack::Unpacker&, arduino::msgpack::Packer&)
 .text._ZN7arduino7msgpack8Unpacker9unpackIntIiEENSt9enable_ifIXaaaaaaaasrSt13is_arithmeticIT_E5valuesrSt11is_integralIS5_E5valuentsrSt7is_sameIS5_bE5valuentsrS9_INSt9remove_cvIS5_E4typeEPcE5valuesrSt9is_signedIS5_E5valueES5_E4typeEv
                0x0000000000001b6c       0xd0 /home/arduino/ArduinoApps/Robot-for-Post-Hurricane-Agricultural-Inspection/robot-project-new/.cache/sketch/sketch/sketch.ino.cpp.o
                0x0000000000001b6c                std::enable_if<(((std::is_arithmetic<int>::value&&std::is_integral<int>::value)&&(!std::is_same<int, bool>::value))&&(!std::is_same<std::remove_cv<int>::type, char*>::value))&&std::is_signed<int>::value, int>::type arduino::msgpack::Unpacker::unpackInt<int>()
 .text._ZN7arduino7msgpack8Unpacker11deserializeIiJEEEbRT_DpOT0_
                0x0000000000001c3c       0x40 /home/arduino/ArduinoApps/Robot-for-Post-Hurricane-Agricultural-Inspection/robot-project-new/.cache/sketch/sketch/sketch.ino.cpp.o
                0x0000000000001c3c                bool arduino::msgpack::Unpacker::deserialize<int>(int&)
 .text._ZN7arduino7msgpack8Unpacker11unpackFloatIfEENSt9enable_ifIXaasrSt13is_arithmeticIT_E5valuesrSt17is_floating_pointIS5_E5valueES5_E4typeEv
                0x0000000000001c7c      0x118 /home/arduino/ArduinoApps/Robot-for-Post-Hurricane-Agricultural-Inspection/robot-project-new/.cache/sketch/sketch/sketch.ino.cpp.o
                0x0000000000001c7c                std::enable_if<std::is_arithmetic<float>::value&&std::is_floating_point<float>::value, float>::type arduino::msgpack::Unpacker::unpackFloat<float>()
 *fill*         0x0000000000001d94        0x4 
 .text._ZN7arduino7msgpack8Unpacker11unpackFloatIdEENSt9enable_ifIXaasrSt13is_arithmeticIT_E5valuesrSt17is_floating_pointIS5_E5valueES5_E4typeEv
                0x0000000000001d98      0x118 /home/arduino/ArduinoApps/Robot-for-Post-Hurricane-Agricultural-Inspection/robot-project-new/.cache/sketch/sketch/sketch.ino.cpp.o
                0x0000000000001d98                std::enable_if<std::is_arithmetic<double>::value&&std::is_floating_point<double>::value, double>::type arduino::msgpack::Unpacker::unpackFloat<double>()
 .text._ZN7arduino7msgpack8Unpacker12unpackBinaryIhEENSt9enable_ifIXoosrSt7is_sameIT_cE5valuesrS4_IS5_hE5valueESt6vectorINS3_IXoosrS7_5valuesrS6_5valueES5_E4typeESaIS5_EEE4typeEv
                0x0000000000001eb0      0x114 /home/arduino/ArduinoApps/Robot-for-Post-Hurricane-Agricultural-Inspection/robot-project-new/.cache/sketch/sketch/sketch.ino.cpp.o
                0x0000000000001eb0                std::enable_if<std::is_same<unsigned char, char>::value||std::is_same<unsigned char, unsigned char>::value, std::vector<std::enable_if<std::is_same<unsigned char, unsigned char>::value||std::is_same<unsigned char, char>::value, unsigned char>::type, std::allocator<unsigned char> > >::type arduino::msgpack::Unpacker::unpackBinary<unsigned char>()
 .text._ZN7arduino7msgpack8Unpacker11deserializeINS0_4type9ArraySizeEJRiEEEbRT_DpOT0_
                0x0000000000001fc4       0x44 /home/arduino/ArduinoApps/Robot-for-Post-Hurricane-Agricultural-Inspection/robot-project-new/.cache/sketch/sketch/sketch.ino.cpp.o
                0x0000000000001fc4                bool arduino::msgpack::Unpacker::deserialize<arduino::msgpack::type::ArraySize, int&>(arduino::msgpack::type::ArraySize&, int&)
 .text._ZNK10RpcDecoderILj1024EE4sendEPKhj
                0x0000000000002008       0x22 /home/arduino/ArduinoApps/Robot-for-Post-Hurricane-Agricultural-Inspection/robot-project-new/.cache/sketch/sketch/sketch.ino.cpp.o
                0x0000000000002008                RpcDecoder<1024u>::send(unsigned char const*, unsigned int) const
 *fill*         0x000000000000202a        0x2 
 .text._ZN9RPCClient8send_rpcIJEEEbRKN7arduino6StringERjDpOT_.isra.0
                0x000000000000202c       0x8c /home/arduino/ArduinoApps/Robot-for-Post-Hurricane-Agricultural-Inspection/robot-project-new/.cache/sketch/sketch/sketch.ino.cpp.o
 .text._ZN9RPCClient8send_rpcIJRKN7arduino6StringEEEEbS4_RjDpOT_.isra.0
                0x00000000000020b8       0x90 /home/arduino/ArduinoApps/Robot-for-Post-Hurricane-Agricultural-Inspection/robot-project-new/.cache/sketch/sketch/sketch.ino.cpp.o
 .text._ZN11BridgeClass6notifyIJRA1_KcEEEvN7arduino6StringEDpOT_
                0x0000000000002148       0xa8 /home/arduino/ArduinoApps/Robot-for-Post-Hurricane-Agricultural-Inspection/robot-project-new/.cache/sketch/sketch/sketch.ino.cpp.o
                0x0000000000002148                void BridgeClass::notify<char const (&) [1]>(arduino::String, char const (&) [1])
 .text._ZN11BridgeClass6notifyIJRA14_KcEEEvN7arduino6StringEDpOT_
                0x00000000000021f0       0xa8 /home/arduino/ArduinoApps/Robot-for-Post-Hurricane-Agricultural-Inspection/robot-project-new/.cache/sketch/sketch/sketch.ino.cpp.o
                0x00000000000021f0                void BridgeClass::notify<char const (&) [14]>(arduino::String, char const (&) [14])
 .text._Z17turn_right_slowlyv
                0x0000000000002298      0x114 /home/arduino/ArduinoApps/Robot-for-Post-Hurricane-Agricultural-Inspection/robot-project-new/.cache/sketch/sketch/sketch.ino.cpp.o
                0x0000000000002298                turn_right_slowly()
 .text._Z16turn_left_slowlyv
                0x00000000000023ac      0x114 /home/arduino/ArduinoApps/Robot-for-Post-Hurricane-Agricultural-Inspection/robot-project-new/.cache/sketch/sketch/sketch.ino.cpp.o
                0x00000000000023ac                turn_left_slowly()
 .text._Z10turn_rightv
                0x00000000000024c0       0xfc /home/arduino/ArduinoApps/Robot-for-Post-Hurricane-Agricultural-Inspection/robot-project-new/.cache/sketch/sketch/sketch.ino.cpp.o
                0x00000000000024c0                turn_right()
 .text._Z9turn_leftv
                0x00000000000025bc       0xfc /home/arduino/ArduinoApps/Robot-for-Post-Hurricane-Agricultural-Inspection/robot-project-new/.cache/sketch/sketch/sketch.ino.cpp.o
                0x00000000000025bc                turn_left()
 .text._Z13move_backwardv
                0x00000000000026b8       0xfc /home/arduino/ArduinoApps/Robot-for-Post-Hurricane-Agricultural-Inspection/robot-project-new/.cache/sketch/sketch/sketch.ino.cpp.o
                0x00000000000026b8                move_backward()
 .text._ZN11BridgeClass6notifyIJRA8_KcEEEvN7arduino6StringEDpOT_
                0x00000000000027b4       0xa8 /home/arduino/ArduinoApps/Robot-for-Post-Hurricane-Agricultural-Inspection/robot-project-new/.cache/sketch/sketch/sketch.ino.cpp.o
                0x00000000000027b4                void BridgeClass::notify<char const (&) [8]>(arduino::String, char const (&) [8])
 .text._Z12move_forwardv
                0x000000000000285c       0x7c /home/arduino/ArduinoApps/Robot-for-Post-Hurricane-Agricultural-Inspection/robot-project-new/.cache/sketch/sketch/sketch.ino.cpp.o
                0x000000000000285c                move_forward()
 .text._Z11stop_motorsv
                0x00000000000028d8       0x74 /home/arduino/ArduinoApps/Robot-for-Post-Hurricane-Agricultural-Inspection/robot-project-new/.cache/sketch/sketch/sketch.ino.cpp.o
                0x00000000000028d8                stop_motors()
 .text._ZN11BridgeClass6notifyIJRN7arduino6StringEEEEvS2_DpOT_
                0x000000000000294c       0xa8 /home/arduino/ArduinoApps/Robot-for-Post-Hurricane-Agricultural-Inspection/robot-project-new/.cache/sketch/sketch/sketch.ino.cpp.o
                0x000000000000294c                void BridgeClass::notify<arduino::String&>(arduino::String, arduino::String&)
 .text._Z13send_IMU_datav
                0x00000000000029f4      0x11c /home/arduino/ArduinoApps/Robot-for-Post-Hurricane-Agricultural-Inspection/robot-project-new/.cache/sketch/sketch/sketch.ino.cpp.o
                0x00000000000029f4                send_IMU_data()
 .text._ZN11BridgeClass6notifyIJiEEEvN7arduino6StringEDpOT_
                0x0000000000002b10       0xa8 /home/arduino/ArduinoApps/Robot-for-Post-Hurricane-Agricultural-Inspection/robot-project-new/.cache/sketch/sketch/sketch.ino.cpp.o
                0x0000000000002b10                void BridgeClass::notify<int>(arduino::String, int&&)
 .text._Z15detect_obstaclev
                0x0000000000002bb8       0x8c /home/arduino/ArduinoApps/Robot-for-Post-Hurricane-Agricultural-Inspection/robot-project-new/.cache/sketch/sketch/sketch.ino.cpp.o
                0x0000000000002bb8                detect_obstacle()
 .text.loop     0x0000000000002c44       0x7c /home/arduino/ArduinoApps/Robot-for-Post-Hurricane-Agricultural-Inspection/robot-project-new/.cache/sketch/sketch/sketch.ino.cpp.o
                0x0000000000002c44                loop
 .text._ZNK9RPCServer13send_responseILj256EEEbRK10RPCRequestIXT_EE.isra.0
                0x0000000000002cc0       0x24 /home/arduino/ArduinoApps/Robot-for-Post-Hurricane-Agricultural-Inspection/robot-project-new/.cache/sketch/sketch/sketch.ino.cpp.o
 .text._ZN7RpcCallIJRKN7arduino6StringEEE8setErrorEiS1_
                0x0000000000002ce4       0x40 /home/arduino/ArduinoApps/Robot-for-Post-Hurricane-Agricultural-Inspection/robot-project-new/.cache/sketch/sketch/sketch.ino.cpp.o
                0x0000000000002ce4                RpcCall<arduino::String const&>::setError(int, arduino::String)
 .text._ZN7RpcCallIJRKN7arduino6StringEEEC2ES3_P9RPCClientP7k_mutexS8_S3_
                0x0000000000002d24       0x80 /home/arduino/ArduinoApps/Robot-for-Post-Hurricane-Agricultural-Inspection/robot-project-new/.cache/sketch/sketch/sketch.ino.cpp.o
                0x0000000000002d24                RpcCall<arduino::String const&>::RpcCall(arduino::String const&, RPCClient*, k_mutex*, k_mutex*, arduino::String const&)
                0x0000000000002d24                RpcCall<arduino::String const&>::RpcCall(arduino::String const&, RPCClient*, k_mutex*, k_mutex*, arduino::String const&)
 .text._ZN7RpcCallIJRKN7arduino6StringEEE7isErrorEv
                0x0000000000002da4       0x34 /home/arduino/ArduinoApps/Robot-for-Post-Hurricane-Agricultural-Inspection/robot-project-new/.cache/sketch/sketch/sketch.ino.cpp.o
                0x0000000000002da4                RpcCall<arduino::String const&>::isError()
 .text._ZN10RpcDecoderILj1024EE7consumeEjj
                0x0000000000002dd8       0x50 /home/arduino/ArduinoApps/Robot-for-Post-Hurricane-Agricultural-Inspection/robot-project-new/.cache/sketch/sketch/sketch.ino.cpp.o
                0x0000000000002dd8                RpcDecoder<1024u>::consume(unsigned int, unsigned int)
 .text._ZN10RpcDecoderILj1024EE7discardEv
                0x0000000000002e28       0x2c /home/arduino/ArduinoApps/Robot-for-Post-Hurricane-Agricultural-Inspection/robot-project-new/.cache/sketch/sketch/sketch.ino.cpp.o
                0x0000000000002e28                RpcDecoder<1024u>::discard()
 .text._ZN7arduino7msgpack8Unpacker11deserializeI8RpcErrorJRNS0_6object5nil_tEEEEbRT_DpOT0_
                0x0000000000002e54       0x90 /home/arduino/ArduinoApps/Robot-for-Post-Hurricane-Agricultural-Inspection/robot-project-new/.cache/sketch/sketch/sketch.ino.cpp.o
                0x0000000000002e54                bool arduino::msgpack::Unpacker::deserialize<RpcError, arduino::msgpack::object::nil_t&>(RpcError&, arduino::msgpack::object::nil_t&)
 .text._ZNK21RpcFunctionDispatcherILj100EE7isBoundERKN7arduino6StringE
                0x0000000000002ee4       0x34 /home/arduino/ArduinoApps/Robot-for-Post-Hurricane-Agricultural-Inspection/robot-project-new/.cache/sketch/sketch/sketch.ino.cpp.o
                0x0000000000002ee4                RpcFunctionDispatcher<100u>::isBound(arduino::String const&) const
 .text._ZN7arduino7msgpack8Unpacker10unpackUIntIjEENSt9enable_ifIXaaaaaaaasrSt13is_arithmeticIT_E5valuesrSt11is_integralIS5_E5valuentsrSt7is_sameIS5_bE5valuentsrS9_INSt9remove_cvIS5_E4typeEPcE5valuentsrSt9is_signedIS5_E5valueES5_E4typeEv
                0x0000000000002f18       0x80 /home/arduino/ArduinoApps/Robot-for-Post-Hurricane-Agricultural-Inspection/robot-project-new/.cache/sketch/sketch/sketch.ino.cpp.o
                0x0000000000002f18                std::enable_if<(((std::is_arithmetic<unsigned int>::value&&std::is_integral<unsigned int>::value)&&(!std::is_same<unsigned int, bool>::value))&&(!std::is_same<std::remove_cv<unsigned int>::type, char*>::value))&&(!std::is_signed<unsigned int>::value), unsigned int>::type arduino::msgpack::Unpacker::unpackUInt<unsigned int>()
 .text._ZN7arduino7msgpack8Unpacker11deserializeIjJRNS_6StringEEEEbRT_DpOT0_
                0x0000000000002f98       0x44 /home/arduino/ArduinoApps/Robot-for-Post-Hurricane-Agricultural-Inspection/robot-project-new/.cache/sketch/sketch/sketch.ino.cpp.o
                0x0000000000002f98                bool arduino::msgpack::Unpacker::deserialize<unsigned int, arduino::String&>(unsigned int&, arduino::String&)
 .text._ZN10RpcDecoderILj1024EE16fetch_rpc_methodEv
                0x0000000000002fdc       0xe8 /home/arduino/ArduinoApps/Robot-for-Post-Hurricane-Agricultural-Inspection/robot-project-new/.cache/sketch/sketch/sketch.ino.cpp.o
                0x0000000000002fdc                RpcDecoder<1024u>::fetch_rpc_method()
 .text._ZN10RPCRequestILj256EE22unpack_request_headersEv
                0x00000000000030c4       0xb8 /home/arduino/ArduinoApps/Robot-for-Post-Hurricane-Agricultural-Inspection/robot-project-new/.cache/sketch/sketch/sketch.ino.cpp.o
                0x00000000000030c4                RPCRequest<256u>::unpack_request_headers()
 .text._ZN9RPCServer15process_requestILj256EEEvR10RPCRequestIXT_EE
                0x000000000000317c      0x114 /home/arduino/ArduinoApps/Robot-for-Post-Hurricane-Agricultural-Inspection/robot-project-new/.cache/sketch/sketch/sketch.ino.cpp.o
                0x000000000000317c                void RPCServer::process_request<256u>(RPCRequest<256u>&)
 .text._ZN7arduino7msgpack8Unpacker11deserializeINS0_4type9ArraySizeEJRiRjEEEbRT_DpOT0_
                0x0000000000003290       0xa0 /home/arduino/ArduinoApps/Robot-for-Post-Hurricane-Agricultural-Inspection/robot-project-new/.cache/sketch/sketch/sketch.ino.cpp.o
                0x0000000000003290                bool arduino::msgpack::Unpacker::deserialize<arduino::msgpack::type::ArraySize, int&, unsigned int&>(arduino::msgpack::type::ArraySize&, int&, unsigned int&)
 .text._ZN10RpcDecoderILj1024EE12get_responseIbEEbjRT_R8RpcError
                0x0000000000003330      0x17c /home/arduino/ArduinoApps/Robot-for-Post-Hurricane-Agricultural-Inspection/robot-project-new/.cache/sketch/sketch/sketch.ino.cpp.o
                0x0000000000003330                bool RpcDecoder<1024u>::get_response<bool>(unsigned int, bool&, RpcError&)
 .text._ZN10RpcDecoderILj1024EE12get_responseIN7arduino6StringEEEbjRT_R8RpcError
                0x00000000000034ac      0x17c /home/arduino/ArduinoApps/Robot-for-Post-Hurricane-Agricultural-Inspection/robot-project-new/.cache/sketch/sketch/sketch.ino.cpp.o
                0x00000000000034ac                bool RpcDecoder<1024u>::get_response<arduino::String>(unsigned int, arduino::String&, RpcError&)
 .text._ZN10RpcDecoderILj1024EE12get_responseIN7arduino7msgpack6object5nil_tEEEbjRT_R8RpcError
                0x0000000000003628      0x17c /home/arduino/ArduinoApps/Robot-for-Post-Hurricane-Agricultural-Inspection/robot-project-new/.cache/sketch/sketch/sketch.ino.cpp.o
                0x0000000000003628                bool RpcDecoder<1024u>::get_response<arduino::msgpack::object::nil_t>(unsigned int, arduino::msgpack::object::nil_t&, RpcError&)
 .text._ZNSt14_Function_baseC2Ev
                0x00000000000037a4        0xa /home/arduino/ArduinoApps/Robot-for-Post-Hurricane-Agricultural-Inspection/robot-project-new/.cache/sketch/sketch/sketch.ino.cpp.o
                0x00000000000037a4                std::_Function_base::_Function_base()
                0x00000000000037a4                std::_Function_base::_Function_base()
 *fill*         0x00000000000037ae        0x2 
 .text._Z4wrapIRFvvESt8functionIS0_EEP18RpcFunctionWrapperIT0_EOT_
                0x00000000000037b0       0x80 /home/arduino/ArduinoApps/Robot-for-Post-Hurricane-Agricultural-Inspection/robot-project-new/.cache/sketch/sketch/sketch.ino.cpp.o
                0x00000000000037b0                RpcFunctionWrapper<std::function<void ()> >* wrap<void (&)(), std::function<void ()> >(void (&)())
 .text._Z4wrapIRFivESt8functionIS0_EEP18RpcFunctionWrapperIT0_EOT_
                0x0000000000003830       0x80 /home/arduino/ArduinoApps/Robot-for-Post-Hurricane-Agricultural-Inspection/robot-project-new/.cache/sketch/sketch/sketch.ino.cpp.o
                0x0000000000003830                RpcFunctionWrapper<std::function<int ()> >* wrap<int (&)(), std::function<int ()> >(int (&)())
 .text._Z4wrapIRFviESt8functionIS0_EEP18RpcFunctionWrapperIT0_EOT_
                0x00000000000038b0       0x80 /home/arduino/ArduinoApps/Robot-for-Post-Hurricane-Agricultural-Inspection/robot-project-new/.cache/sketch/sketch/sketch.ino.cpp.o
                0x00000000000038b0                RpcFunctionWrapper<std::function<void (int)> >* wrap<void (&)(int), std::function<void (int)> >(void (&)(int))
 .text._ZNSt11__copy_moveILb0ELb1ESt26random_access_iterator_tagE8__copy_mIhEEPT_PKS3_S6_S4_
                0x0000000000003930       0x1c /home/arduino/ArduinoApps/Robot-for-Post-Hurricane-Agricultural-Inspection/robot-project-new/.cache/sketch/sketch/sketch.ino.cpp.o
                0x0000000000003930                unsigned char* std::__copy_move<false, true, std::random_access_iterator_tag>::__copy_m<unsigned char>(unsigned char const*, unsigned char const*, unsigned char*)
 .text._ZNSt11__copy_moveILb1ELb1ESt26random_access_iterator_tagE8__copy_mIhEEPT_PKS3_S6_S4_
                0x000000000000394c       0x1c /home/arduino/ArduinoApps/Robot-for-Post-Hurricane-Agricultural-Inspection/robot-project-new/.cache/sketch/sketch/sketch.ino.cpp.o
                0x000000000000394c                unsigned char* std::__copy_move<true, true, std::random_access_iterator_tag>::__copy_m<unsigned char>(unsigned char const*, unsigned char const*, unsigned char*)
 .text._ZN7arduino7msgpack6object3extC2EaPKhj
                0x0000000000003968      0x104 /home/arduino/ArduinoApps/Robot-for-Post-Hurricane-Agricultural-Inspection/robot-project-new/.cache/sketch/sketch/sketch.ino.cpp.o
                0x0000000000003968                arduino::msgpack::object::ext::ext(signed char, unsigned char const*, unsigned int)
                0x0000000000003968                arduino::msgpack::object::ext::ext(signed char, unsigned char const*, unsigned int)
 .text._ZN7arduino7msgpack8Unpacker9unpackExtEv
                0x0000000000003a6c      0x178 /home/arduino/ArduinoApps/Robot-for-Post-Hurricane-Agricultural-Inspection/robot-project-new/.cache/sketch/sketch/sketch.ino.cpp.o
                0x0000000000003a6c                arduino::msgpack::Unpacker::unpackExt()
 .text._ZN8RpcUtils6detail12unpackObjectERN7arduino7msgpack8UnpackerE
                0x0000000000003be4      0x29c /home/arduino/ArduinoApps/Robot-for-Post-Hurricane-Agricultural-Inspection/robot-project-new/.cache/sketch/sketch/sketch.ino.cpp.o
                0x0000000000003be4                RpcUtils::detail::unpackObject(arduino::msgpack::Unpacker&)
 .text._ZN10RpcDecoderILj1024EE12parse_packetEv
                0x0000000000003e80      0x13c /home/arduino/ArduinoApps/Robot-for-Post-Hurricane-Agricultural-Inspection/robot-project-new/.cache/sketch/sketch/sketch.ino.cpp.o
                0x0000000000003e80                RpcDecoder<1024u>::parse_packet()
 .text._ZN10RpcDecoderILj1024EE6decodeEv
                0x0000000000003fbc       0x40 /home/arduino/ArduinoApps/Robot-for-Post-Hurricane-Agricultural-Inspection/robot-project-new/.cache/sketch/sketch/sketch.ino.cpp.o
                0x0000000000003fbc                RpcDecoder<1024u>::decode()
 .text._ZN9RPCServer7get_rpcILj256EEEbR10RPCRequestIXT_EEN7arduino6StringE
                0x0000000000003ffc       0xd0 /home/arduino/ArduinoApps/Robot-for-Post-Hurricane-Agricultural-Inspection/robot-project-new/.cache/sketch/sketch/sketch.ino.cpp.o
                0x0000000000003ffc                bool RPCServer::get_rpc<256u>(RPCRequest<256u>&, arduino::String)
 .text._ZN11BridgeClass11update_safeEv
                0x00000000000040cc       0xb0 /home/arduino/ArduinoApps/Robot-for-Post-Hurricane-Agricultural-Inspection/robot-project-new/.cache/sketch/sketch/sketch.ino.cpp.o
                0x00000000000040cc                BridgeClass::update_safe()
 .text._Z10__loopHookv
                0x000000000000417c       0x28 /home/arduino/ArduinoApps/Robot-for-Post-Hurricane-Agricultural-Inspection/robot-project-new/.cache/sketch/sketch/sketch.ino.cpp.o
                0x000000000000417c                __loopHook()
 .text._ZN11BridgeClass6updateEv
                0x00000000000041a4       0xb0 /home/arduino/ArduinoApps/Robot-for-Post-Hurricane-Agricultural-Inspection/robot-project-new/.cache/sketch/sketch/sketch.ino.cpp.o
                0x00000000000041a4                BridgeClass::update()
 .text._Z16updateEntryPointPvS_S_
                0x0000000000004254       0x28 /home/arduino/ArduinoApps/Robot-for-Post-Hurricane-Agricultural-Inspection/robot-project-new/.cache/sketch/sketch/sketch.ino.cpp.o
                0x0000000000004254                updateEntryPoint(void*, void*, void*)
 .text._ZN9RPCClient12get_responseIbEEbjRT_R8RpcError
                0x000000000000427c       0x40 /home/arduino/ArduinoApps/Robot-for-Post-Hurricane-Agricultural-Inspection/robot-project-new/.cache/sketch/sketch/sketch.ino.cpp.o
                0x000000000000427c                bool RPCClient::get_response<bool>(unsigned int, bool&, RpcError&)
 .text._ZN7RpcCallIJEE6resultIbEEbRT_
                0x00000000000042bc       0xf4 /home/arduino/ArduinoApps/Robot-for-Post-Hurricane-Agricultural-Inspection/robot-project-new/.cache/sketch/sketch/sketch.ino.cpp.o
                0x00000000000042bc                bool RpcCall<>::result<bool>(bool&)
 .text._ZN7RpcCallIJRKN7arduino6StringEEE6resultIbEEbRT_
                0x00000000000043b0      0x118 /home/arduino/ArduinoApps/Robot-for-Post-Hurricane-Agricultural-Inspection/robot-project-new/.cache/sketch/sketch/sketch.ino.cpp.o
                0x00000000000043b0                bool RpcCall<arduino::String const&>::result<bool>(bool&)
 .text._ZN9RPCClient12get_responseIN7arduino7msgpack6object5nil_tEEEbjRT_R8RpcError
                0x00000000000044c8       0x40 /home/arduino/ArduinoApps/Robot-for-Post-Hurricane-Agricultural-Inspection/robot-project-new/.cache/sketch/sketch/sketch.ino.cpp.o
                0x00000000000044c8                bool RPCClient::get_response<arduino::msgpack::object::nil_t>(unsigned int, arduino::msgpack::object::nil_t&, RpcError&)
 .text._ZN7RpcCallIJRKN7arduino6StringEEED2Ev
                0x0000000000004508      0x118 /home/arduino/ArduinoApps/Robot-for-Post-Hurricane-Agricultural-Inspection/robot-project-new/.cache/sketch/sketch/sketch.ino.cpp.o
                0x0000000000004508                RpcCall<arduino::String const&>::~RpcCall()
                0x0000000000004508                RpcCall<arduino::String const&>::~RpcCall()
 .text._ZN11BridgeClass7provideIRFivEEEbRKN7arduino6StringEOT_.isra.0
                0x0000000000004620      0x108 /home/arduino/ArduinoApps/Robot-for-Post-Hurricane-Agricultural-Inspection/robot-project-new/.cache/sketch/sketch/sketch.ino.cpp.o
 .text._ZN11BridgeClass7provideIRFvvEEEbRKN7arduino6StringEOT_.isra.0
                0x0000000000004728      0x108 /home/arduino/ArduinoApps/Robot-for-Post-Hurricane-Agricultural-Inspection/robot-project-new/.cache/sketch/sketch/sketch.ino.cpp.o
 .text._ZN7RpcCallIJEED2Ev
                0x0000000000004830       0xfc /home/arduino/ArduinoApps/Robot-for-Post-Hurricane-Agricultural-Inspection/robot-project-new/.cache/sketch/sketch/sketch.ino.cpp.o
                0x0000000000004830                RpcCall<>::~RpcCall()
                0x0000000000004830                RpcCall<>::~RpcCall()
 .text._ZN11BridgeClass5beginEm
                0x000000000000492c      0x1f0 /home/arduino/ArduinoApps/Robot-for-Post-Hurricane-Agricultural-Inspection/robot-project-new/.cache/sketch/sketch/sketch.ino.cpp.o
                0x000000000000492c                BridgeClass::begin(unsigned long)
 .text._ZN7RpcCallIJEE6resultIN7arduino6StringEEEbRT_
                0x0000000000004b1c      0x114 /home/arduino/ArduinoApps/Robot-for-Post-Hurricane-Agricultural-Inspection/robot-project-new/.cache/sketch/sketch/sketch.ino.cpp.o
                0x0000000000004b1c                bool RpcCall<>::result<arduino::String>(arduino::String&)
 .text._ZN13BridgeMonitorILj512EE5beginEmt.isra.0
                0x0000000000004c30      0x130 /home/arduino/ArduinoApps/Robot-for-Post-Hurricane-Agricultural-Inspection/robot-project-new/.cache/sketch/sketch/sketch.ino.cpp.o
 .text._Z11setupSonarsv
                0x0000000000004d60       0x74 /home/arduino/ArduinoApps/Robot-for-Post-Hurricane-Agricultural-Inspection/robot-project-new/.cache/sketch/sketch/sketch.ino.cpp.o
                0x0000000000004d60                setupSonars()
 .text._ZN8RpcUtils6detail9unpackMapERN7arduino7msgpack8UnpackerERj
                0x0000000000004dd4       0x80 /home/arduino/ArduinoApps/Robot-for-Post-Hurricane-Agricultural-Inspection/robot-project-new/.cache/sketch/sketch/sketch.ino.cpp.o
                0x0000000000004dd4                RpcUtils::detail::unpackMap(arduino::msgpack::Unpacker&, unsigned int&)
 .text._ZN18RpcFunctionWrapperISt8functionIFviEEE11handle_callIvEENSt9enable_ifIXsrSt7is_voidIT_E5valueEiE4typeERN7arduino7msgpack8UnpackerERNSC_6PackerE
                0x0000000000004e54       0x74 /home/arduino/ArduinoApps/Robot-for-Post-Hurricane-Agricultural-Inspection/robot-project-new/.cache/sketch/sketch/sketch.ino.cpp.o
                0x0000000000004e54                std::enable_if<std::is_void<void>::value, int>::type RpcFunctionWrapper<std::function<void (int)> >::handle_call<void>(arduino::msgpack::Unpacker&, arduino::msgpack::Packer&)
 .text._ZN18RpcFunctionWrapperISt8functionIFviEEEclERN7arduino7msgpack8UnpackerERNS5_6PackerE
                0x0000000000004ec8       0xec /home/arduino/ArduinoApps/Robot-for-Post-Hurricane-Agricultural-Inspection/robot-project-new/.cache/sketch/sketch/sketch.ino.cpp.o
                0x0000000000004ec8                RpcFunctionWrapper<std::function<void (int)> >::operator()(arduino::msgpack::Unpacker&, arduino::msgpack::Packer&)
 .text._GLOBAL__sub_I_motorSpeed
                0x0000000000004fb4       0x70 /home/arduino/ArduinoApps/Robot-for-Post-Hurricane-Agricultural-Inspection/robot-project-new/.cache/sketch/sketch/sketch.ino.cpp.o
 .text._GLOBAL__sub_D_motorSpeed
                0x0000000000005024       0x30 /home/arduino/ArduinoApps/Robot-for-Post-Hurricane-Agricultural-Inspection/robot-project-new/.cache/sketch/sketch/sketch.ino.cpp.o
 .text.setup    0x0000000000005054      0x324 /home/arduino/ArduinoApps/Robot-for-Post-Hurricane-Agricultural-Inspection/robot-project-new/.cache/sketch/sketch/sketch.ino.cpp.o
                0x0000000000005054                setup
 .text._ZN7arduino5Print17availableForWriteEv
                0x0000000000005378        0x4 /home/arduino/ArduinoApps/Robot-for-Post-Hurricane-Agricultural-Inspection/robot-project-new/.cache/sketch/libraries/Wire/Wire.cpp.o
                0x0000000000005378                arduino::Print::availableForWrite()
 .text._ZN7arduino9ZephyrI2C5writeEi
                0x000000000000537c        0x8 /home/arduino/ArduinoApps/Robot-for-Post-Hurricane-Agricultural-Inspection/robot-project-new/.cache/sketch/libraries/Wire/Wire.cpp.o
                0x000000000000537c                arduino::ZephyrI2C::write(int)
 .text._ZN7arduino9ZephyrI2C5beginEv
                0x0000000000005384        0x8 /home/arduino/ArduinoApps/Robot-for-Post-Hurricane-Agricultural-Inspection/robot-project-new/.cache/sketch/libraries/Wire/Wire.cpp.o
                0x0000000000005384                arduino::ZephyrI2C::begin()
 .text._ZN7arduino9ZephyrI2C15endTransmissionEv
                0x000000000000538c        0x8 /home/arduino/ArduinoApps/Robot-for-Post-Hurricane-Agricultural-Inspection/robot-project-new/.cache/sketch/libraries/Wire/Wire.cpp.o
                0x000000000000538c                arduino::ZephyrI2C::endTransmission()
 .text._ZN7arduino9ZephyrI2C11requestFromEhj
                0x0000000000005394       0x10 /home/arduino/ArduinoApps/Robot-for-Post-Hurricane-Agricultural-Inspection/robot-project-new/.cache/sketch/libraries/Wire/Wire.cpp.o
                0x0000000000005394                arduino::ZephyrI2C::requestFrom(unsigned char, unsigned int)
 .text._ZN7arduino9ZephyrI2C9availableEv
                0x00000000000053a4        0xe /home/arduino/ArduinoApps/Robot-for-Post-Hurricane-Agricultural-Inspection/robot-project-new/.cache/sketch/libraries/Wire/Wire.cpp.o
                0x00000000000053a4                arduino::ZephyrI2C::available()
 .text._ZN7arduino9ZephyrI2C5flushEv
                0x00000000000053b2        0x2 /home/arduino/ArduinoApps/Robot-for-Post-Hurricane-Agricultural-Inspection/robot-project-new/.cache/sketch/libraries/Wire/Wire.cpp.o
                0x00000000000053b2                arduino::ZephyrI2C::flush()
 .text._ZN7arduino9ZephyrI2C9onReceiveEPFviE
                0x00000000000053b4        0x6 /home/arduino/ArduinoApps/Robot-for-Post-Hurricane-Agricultural-Inspection/robot-project-new/.cache/sketch/libraries/Wire/Wire.cpp.o
                0x00000000000053b4                arduino::ZephyrI2C::onReceive(void (*)(int))
 .text._ZN7arduino9ZephyrI2C9onRequestEPFvvE
                0x00000000000053ba        0x6 /home/arduino/ArduinoApps/Robot-for-Post-Hurricane-Agricultural-Inspection/robot-project-new/.cache/sketch/libraries/Wire/Wire.cpp.o
                0x00000000000053ba                arduino::ZephyrI2C::onRequest(void (*)())
 .text._ZN7arduino9ZephyrI2C5writeEh
                0x00000000000053c0       0x1c /home/arduino/ArduinoApps/Robot-for-Post-Hurricane-Agricultural-Inspection/robot-project-new/.cache/sketch/libraries/Wire/Wire.cpp.o
                0x00000000000053c0                arduino::ZephyrI2C::write(unsigned char)
 .text._ZN7arduino9ZephyrI2C5writeEPKhj
                0x00000000000053dc        0xc /home/arduino/ArduinoApps/Robot-for-Post-Hurricane-Agricultural-Inspection/robot-project-new/.cache/sketch/libraries/Wire/Wire.cpp.o
                0x00000000000053dc                arduino::ZephyrI2C::write(unsigned char const*, unsigned int)
 .text._ZN7arduino9ZephyrI2C4readEv
                0x00000000000053e8       0x28 /home/arduino/ArduinoApps/Robot-for-Post-Hurricane-Agricultural-Inspection/robot-project-new/.cache/sketch/libraries/Wire/Wire.cpp.o
                0x00000000000053e8                arduino::ZephyrI2C::read()
 .text._ZL28i2c_target_read_processed_cbP17i2c_target_configPh
                0x0000000000005410       0x18 /home/arduino/ArduinoApps/Robot-for-Post-Hurricane-Agricultural-Inspection/robot-project-new/.cache/sketch/libraries/Wire/Wire.cpp.o
 .text._ZN7arduino9ZephyrI2C4peekEv
                0x0000000000005428       0x28 /home/arduino/ArduinoApps/Robot-for-Post-Hurricane-Agricultural-Inspection/robot-project-new/.cache/sketch/libraries/Wire/Wire.cpp.o
                0x0000000000005428                arduino::ZephyrI2C::peek()
 .text._ZN7arduino9ZephyrI2C3endEv
                0x0000000000005450       0x32 /home/arduino/ArduinoApps/Robot-for-Post-Hurricane-Agricultural-Inspection/robot-project-new/.cache/sketch/libraries/Wire/Wire.cpp.o
                0x0000000000005450                arduino::ZephyrI2C::end()
 *fill*         0x0000000000005482        0x2 
 .text._ZN7arduino9ZephyrI2C5beginEh
                0x0000000000005484       0x20 /home/arduino/ArduinoApps/Robot-for-Post-Hurricane-Agricultural-Inspection/robot-project-new/.cache/sketch/libraries/Wire/Wire.cpp.o
                0x0000000000005484                arduino::ZephyrI2C::begin(unsigned char)
 .text._ZN7arduino9ZephyrI2C8setClockEj
                0x00000000000054a4       0x3c /home/arduino/ArduinoApps/Robot-for-Post-Hurricane-Agricultural-Inspection/robot-project-new/.cache/sketch/libraries/Wire/Wire.cpp.o
                0x00000000000054a4                arduino::ZephyrI2C::setClock(unsigned int)
 .text._ZN7arduino9ZephyrI2C11requestFromEhjb
                0x00000000000054e0       0x88 /home/arduino/ArduinoApps/Robot-for-Post-Hurricane-Agricultural-Inspection/robot-project-new/.cache/sketch/libraries/Wire/Wire.cpp.o
                0x00000000000054e0                arduino::ZephyrI2C::requestFrom(unsigned char, unsigned int, bool)
 .text._ZN7arduino9ZephyrI2C15endTransmissionEb
                0x0000000000005568       0x74 /home/arduino/ArduinoApps/Robot-for-Post-Hurricane-Agricultural-Inspection/robot-project-new/.cache/sketch/libraries/Wire/Wire.cpp.o
                0x0000000000005568                arduino::ZephyrI2C::endTransmission(bool)
 .text._ZL29i2c_target_write_requested_cbP17i2c_target_config
                0x00000000000055dc        0xe /home/arduino/ArduinoApps/Robot-for-Post-Hurricane-Agricultural-Inspection/robot-project-new/.cache/sketch/libraries/Wire/Wire.cpp.o
 .text._ZN7arduino9ZephyrI2C17beginTransmissionEh
                0x00000000000055ea       0x14 /home/arduino/ArduinoApps/Robot-for-Post-Hurricane-Agricultural-Inspection/robot-project-new/.cache/sketch/libraries/Wire/Wire.cpp.o
                0x00000000000055ea                arduino::ZephyrI2C::beginTransmission(unsigned char)
 *fill*         0x00000000000055fe        0x2 
 .text._ZN7arduino9ZephyrI2CC2EPK6device
                0x0000000000005600       0x4c /home/arduino/ArduinoApps/Robot-for-Post-Hurricane-Agricultural-Inspection/robot-project-new/.cache/sketch/libraries/Wire/Wire.cpp.o
                0x0000000000005600                arduino::ZephyrI2C::ZephyrI2C(device const*)
                0x0000000000005600                arduino::ZephyrI2C::ZephyrI2C(device const*)
 .text._ZN7arduino9ZephyrI2C21writeReceivedCallbackEP17i2c_target_configh
                0x000000000000564c       0x44 /home/arduino/ArduinoApps/Robot-for-Post-Hurricane-Agricultural-Inspection/robot-project-new/.cache/sketch/libraries/Wire/Wire.cpp.o
                0x000000000000564c                arduino::ZephyrI2C::writeReceivedCallback(i2c_target_config*, unsigned char)
 .text._ZL28i2c_target_write_received_cbP17i2c_target_configh
                0x0000000000005690       0x10 /home/arduino/ArduinoApps/Robot-for-Post-Hurricane-Agricultural-Inspection/robot-project-new/.cache/sketch/libraries/Wire/Wire.cpp.o
 .text._ZN7arduino9ZephyrI2C21readRequestedCallbackEP17i2c_target_configPh
                0x00000000000056a0       0x30 /home/arduino/ArduinoApps/Robot-for-Post-Hurricane-Agricultural-Inspection/robot-project-new/.cache/sketch/libraries/Wire/Wire.cpp.o
                0x00000000000056a0                arduino::ZephyrI2C::readRequestedCallback(i2c_target_config*, unsigned char*)
 .text._ZL28i2c_target_read_requested_cbP17i2c_target_configPh
                0x00000000000056d0       0x10 /home/arduino/ArduinoApps/Robot-for-Post-Hurricane-Agricultural-Inspection/robot-project-new/.cache/sketch/libraries/Wire/Wire.cpp.o
 .text._ZN7arduino9ZephyrI2C12stopCallbackEP17i2c_target_config
                0x00000000000056e0       0x1c /home/arduino/ArduinoApps/Robot-for-Post-Hurricane-Agricultural-Inspection/robot-project-new/.cache/sketch/libraries/Wire/Wire.cpp.o
                0x00000000000056e0                arduino::ZephyrI2C::stopCallback(i2c_target_config*)
 .text._ZL18i2c_target_stop_cbP17i2c_target_config
                0x00000000000056fc        0xc /home/arduino/ArduinoApps/Robot-for-Post-Hurricane-Agricultural-Inspection/robot-project-new/.cache/sketch/libraries/Wire/Wire.cpp.o
 .text._GLOBAL__sub_I__ZN7arduino9ZephyrI2CC2EPK6device
                0x0000000000005708       0x60 /home/arduino/ArduinoApps/Robot-for-Post-Hurricane-Agricultural-Inspection/robot-project-new/.cache/sketch/libraries/Wire/Wire.cpp.o
 .text._GLOBAL__sub_D__ZN7arduino9ZephyrI2CC2EPK6device
                0x0000000000005768       0x20 /home/arduino/ArduinoApps/Robot-for-Post-Hurricane-Agricultural-Inspection/robot-project-new/.cache/sketch/libraries/Wire/Wire.cpp.o
 .text._ZN7arduino9ZephyrSPI14usingInterruptEi
                0x0000000000005788        0x2 /home/arduino/ArduinoApps/Robot-for-Post-Hurricane-Agricultural-Inspection/robot-project-new/.cache/sketch/libraries/SPI/SPI.cpp.o
                0x0000000000005788                arduino::ZephyrSPI::notUsingInterrupt(int)
                0x0000000000005788                arduino::ZephyrSPI::usingInterrupt(int)
 .text._ZN7arduino9ZephyrSPI15attachInterruptEv
                0x000000000000578a        0x2 /home/arduino/ArduinoApps/Robot-for-Post-Hurricane-Agricultural-Inspection/robot-project-new/.cache/sketch/libraries/SPI/SPI.cpp.o
                0x000000000000578a                arduino::ZephyrSPI::attachInterrupt()
                0x000000000000578a                arduino::ZephyrSPI::detachInterrupt()
 .text._ZN7arduino9ZephyrSPI5beginEv
                0x000000000000578c        0x6 /home/arduino/ArduinoApps/Robot-for-Post-Hurricane-Agricultural-Inspection/robot-project-new/.cache/sketch/libraries/SPI/SPI.cpp.o
                0x000000000000578c                arduino::ZephyrSPI::begin()
 .text._ZN7arduino9ZephyrSPI3endEv
                0x0000000000005792        0xa /home/arduino/ArduinoApps/Robot-for-Post-Hurricane-Agricultural-Inspection/robot-project-new/.cache/sketch/libraries/SPI/SPI.cpp.o
                0x0000000000005792                arduino::ZephyrSPI::end()
 .text._ZN7arduino9ZephyrSPID2Ev
                0x000000000000579c        0x2 /home/arduino/ArduinoApps/Robot-for-Post-Hurricane-Agricultural-Inspection/robot-project-new/.cache/sketch/libraries/SPI/SPI.cpp.o
                0x000000000000579c                arduino::ZephyrSPI::~ZephyrSPI()
                0x000000000000579c                arduino::ZephyrSPI::~ZephyrSPI()
 *fill*         0x000000000000579e        0x2 
 .text._ZN7arduino9ZephyrSPID0Ev
                0x00000000000057a0       0x14 /home/arduino/ArduinoApps/Robot-for-Post-Hurricane-Agricultural-Inspection/robot-project-new/.cache/sketch/libraries/SPI/SPI.cpp.o
                0x00000000000057a0                arduino::ZephyrSPI::~ZephyrSPI()
 .text._ZN7arduino9ZephyrSPI16beginTransactionENS_11SPISettingsE
                0x00000000000057b4       0x80 /home/arduino/ArduinoApps/Robot-for-Post-Hurricane-Agricultural-Inspection/robot-project-new/.cache/sketch/libraries/SPI/SPI.cpp.o
                0x00000000000057b4                arduino::ZephyrSPI::beginTransaction(arduino::SPISettings)
 .text._ZN7arduino9ZephyrSPI14endTransactionEv
                0x0000000000005834        0xc /home/arduino/ArduinoApps/Robot-for-Post-Hurricane-Agricultural-Inspection/robot-project-new/.cache/sketch/libraries/SPI/SPI.cpp.o
                0x0000000000005834                arduino::ZephyrSPI::endTransaction()
 .text._ZN7arduino9ZephyrSPI8transferEPvjPK10spi_config
                0x0000000000005840       0x2e /home/arduino/ArduinoApps/Robot-for-Post-Hurricane-Agricultural-Inspection/robot-project-new/.cache/sketch/libraries/SPI/SPI.cpp.o
                0x0000000000005840                arduino::ZephyrSPI::transfer(void*, unsigned int, spi_config const*)
 *fill*         0x000000000000586e        0x2 
 .text._ZN7arduino9ZephyrSPI8transferEh
                0x0000000000005870       0x28 /home/arduino/ArduinoApps/Robot-for-Post-Hurricane-Agricultural-Inspection/robot-project-new/.cache/sketch/libraries/SPI/SPI.cpp.o
                0x0000000000005870                arduino::ZephyrSPI::transfer(unsigned char)
 .text._ZN7arduino9ZephyrSPI10transfer16Et
                0x0000000000005898       0x28 /home/arduino/ArduinoApps/Robot-for-Post-Hurricane-Agricultural-Inspection/robot-project-new/.cache/sketch/libraries/SPI/SPI.cpp.o
                0x0000000000005898                arduino::ZephyrSPI::transfer16(unsigned short)
 .text._ZN7arduino9ZephyrSPI8transferEPvj
                0x00000000000058c0       0x14 /home/arduino/ArduinoApps/Robot-for-Post-Hurricane-Agricultural-Inspection/robot-project-new/.cache/sketch/libraries/SPI/SPI.cpp.o
                0x00000000000058c0                arduino::ZephyrSPI::transfer(void*, unsigned int)
 .text._GLOBAL__sub_I__ZN7arduino9ZephyrSPIC2EPK6device
                0x00000000000058d4       0x5c /home/arduino/ArduinoApps/Robot-for-Post-Hurricane-Agricultural-Inspection/robot-project-new/.cache/sketch/libraries/SPI/SPI.cpp.o
 .text._GLOBAL__sub_D__ZN7arduino9ZephyrSPIC2EPK6device
                0x0000000000005930       0x20 /home/arduino/ArduinoApps/Robot-for-Post-Hurricane-Agricultural-Inspection/robot-project-new/.cache/sketch/libraries/SPI/SPI.cpp.o
 .text._ZN7arduino5Print5flushEv
                0x0000000000005950        0x2 /home/arduino/ArduinoApps/Robot-for-Post-Hurricane-Agricultural-Inspection/robot-project-new/.cache/sketch/libraries/Arduino_RouterBridge/singletons.cpp.o
                0x0000000000005950                arduino::Print::flush()
 .text._ZN13BridgeMonitorILj512EE5writeEh
                0x0000000000005952       0x18 /home/arduino/ArduinoApps/Robot-for-Post-Hurricane-Agricultural-Inspection/robot-project-new/.cache/sketch/libraries/Arduino_RouterBridge/singletons.cpp.o
                0x0000000000005952                BridgeMonitor<512u>::write(unsigned char)
 *fill*         0x000000000000596a        0x2 
 .text.k_yield  0x000000000000596c        0x8 /home/arduino/ArduinoApps/Robot-for-Post-Hurricane-Agricultural-Inspection/robot-project-new/.cache/sketch/libraries/Arduino_RouterBridge/singletons.cpp.o
 .text.k_mutex_lock
                0x0000000000005974        0x8 /home/arduino/ArduinoApps/Robot-for-Post-Hurricane-Agricultural-Inspection/robot-project-new/.cache/sketch/libraries/Arduino_RouterBridge/singletons.cpp.o
 .text._ZSt14__relocate_a_1IhhENSt9enable_ifIXsrSt24__is_bitwise_relocatableIT_vE5valueEPS2_E4typeES4_S4_S4_RSaIT0_E.isra.0
                0x000000000000597c       0x20 /home/arduino/ArduinoApps/Robot-for-Post-Hurricane-Agricultural-Inspection/robot-project-new/.cache/sketch/libraries/Arduino_RouterBridge/singletons.cpp.o
 .text._ZNSt12_Vector_baseIhSaIhEE11_M_allocateEj.isra.0
                0x000000000000599c       0x20 /home/arduino/ArduinoApps/Robot-for-Post-Hurricane-Agricultural-Inspection/robot-project-new/.cache/sketch/libraries/Arduino_RouterBridge/singletons.cpp.o
 .text.k_mutex_unlock.isra.0
                0x00000000000059bc        0x8 /home/arduino/ArduinoApps/Robot-for-Post-Hurricane-Agricultural-Inspection/robot-project-new/.cache/sketch/libraries/Arduino_RouterBridge/singletons.cpp.o
 .text._ZN7RpcCallIJEE7isErrorEv.isra.0
                0x00000000000059c4       0x28 /home/arduino/ArduinoApps/Robot-for-Post-Hurricane-Agricultural-Inspection/robot-project-new/.cache/sketch/libraries/Arduino_RouterBridge/singletons.cpp.o
 .text._ZN7RpcCallIJRN7arduino6StringEEE7isErrorEv.isra.0
                0x00000000000059ec       0x28 /home/arduino/ArduinoApps/Robot-for-Post-Hurricane-Agricultural-Inspection/robot-project-new/.cache/sketch/libraries/Arduino_RouterBridge/singletons.cpp.o
 .text._ZN13BridgeMonitorILj512EE4readEv
                0x0000000000005a14       0x68 /home/arduino/ArduinoApps/Robot-for-Post-Hurricane-Agricultural-Inspection/robot-project-new/.cache/sketch/libraries/Arduino_RouterBridge/singletons.cpp.o
                0x0000000000005a14                BridgeMonitor<512u>::read()
 .text._ZN13BridgeMonitorILj512EE4peekEv
                0x0000000000005a7c       0x44 /home/arduino/ArduinoApps/Robot-for-Post-Hurricane-Agricultural-Inspection/robot-project-new/.cache/sketch/libraries/Arduino_RouterBridge/singletons.cpp.o
                0x0000000000005a7c                BridgeMonitor<512u>::peek()
 .text.k_msleep.constprop.0.isra.0
                0x0000000000005ac0        0xc /home/arduino/ArduinoApps/Robot-for-Post-Hurricane-Agricultural-Inspection/robot-project-new/.cache/sketch/libraries/Arduino_RouterBridge/singletons.cpp.o
 .text._ZNSt6vectorIhSaIhEE14_M_move_assignEOS1_St17integral_constantIbLb1EE.isra.0
                0x0000000000005acc       0x34 /home/arduino/ArduinoApps/Robot-for-Post-Hurricane-Agricultural-Inspection/robot-project-new/.cache/sketch/libraries/Arduino_RouterBridge/singletons.cpp.o
 .text._ZNSt6vectorIhSaIhEE12emplace_backIJRKhEEERhDpOT_.isra.0
                0x0000000000005b00       0x90 /home/arduino/ArduinoApps/Robot-for-Post-Hurricane-Agricultural-Inspection/robot-project-new/.cache/sketch/libraries/Arduino_RouterBridge/singletons.cpp.o
 .text._ZNSt6vectorIhSaIhEE12emplace_backIJhEEERhDpOT_.isra.0
                0x0000000000005b90       0x90 /home/arduino/ArduinoApps/Robot-for-Post-Hurricane-Agricultural-Inspection/robot-project-new/.cache/sketch/libraries/Arduino_RouterBridge/singletons.cpp.o
 .text._ZN7arduino7msgpack8Unpacker11deserializeISt6vectorIhSaIhEEJEEEbRT_DpOT0_
                0x0000000000005c20      0x13c /home/arduino/ArduinoApps/Robot-for-Post-Hurricane-Agricultural-Inspection/robot-project-new/.cache/sketch/libraries/Arduino_RouterBridge/singletons.cpp.o
                0x0000000000005c20                bool arduino::msgpack::Unpacker::deserialize<std::vector<unsigned char, std::allocator<unsigned char> >>(std::vector<unsigned char, std::allocator<unsigned char> >&)
 .text._ZN7arduino7msgpack6Packer11packRawByteERKNS0_4TypeE.isra.0
                0x0000000000005d5c       0x18 /home/arduino/ArduinoApps/Robot-for-Post-Hurricane-Agricultural-Inspection/robot-project-new/.cache/sketch/libraries/Arduino_RouterBridge/singletons.cpp.o
 .text._ZNSt6vectorIhSaIhEE12emplace_backIJRhEEES3_DpOT_.isra.0
                0x0000000000005d74       0x90 /home/arduino/ArduinoApps/Robot-for-Post-Hurricane-Agricultural-Inspection/robot-project-new/.cache/sketch/libraries/Arduino_RouterBridge/singletons.cpp.o
 .text._ZN7arduino7msgpack6Packer11packIntegerIjEENSt9enable_ifIXaaaaaasrSt13is_arithmeticIT_E5valuesrSt11is_integralIS5_E5valuentsrSt7is_sameIS5_bE5valuentsrS9_INSt9remove_cvIS5_E4typeEPcE5valueEvE4typeERKS5_.isra.0
                0x0000000000005e04       0x50 /home/arduino/ArduinoApps/Robot-for-Post-Hurricane-Agricultural-Inspection/robot-project-new/.cache/sketch/libraries/Arduino_RouterBridge/singletons.cpp.o
 .text._ZN7arduino7msgpack6Packer11packIntegerIiEENSt9enable_ifIXaaaaaasrSt13is_arithmeticIT_E5valuesrSt11is_integralIS5_E5valuentsrSt7is_sameIS5_bE5valuentsrS9_INSt9remove_cvIS5_E4typeEPcE5valueEvE4typeERKS5_.isra.0
                0x0000000000005e54       0xb8 /home/arduino/ArduinoApps/Robot-for-Post-Hurricane-Agricultural-Inspection/robot-project-new/.cache/sketch/libraries/Arduino_RouterBridge/singletons.cpp.o
 .text._ZN7arduino7msgpack6Packer9serializeIJRKiRjRKNS_6StringEEEEvRKNS0_4type9ArraySizeEDpOT_.isra.0
                0x0000000000005f0c       0x38 /home/arduino/ArduinoApps/Robot-for-Post-Hurricane-Agricultural-Inspection/robot-project-new/.cache/sketch/libraries/Arduino_RouterBridge/singletons.cpp.o
 .text._ZN9RPCClient8send_rpcIJEEEbRKN7arduino6StringERjDpOT_.isra.0
                0x0000000000005f44       0x74 /home/arduino/ArduinoApps/Robot-for-Post-Hurricane-Agricultural-Inspection/robot-project-new/.cache/sketch/libraries/Arduino_RouterBridge/singletons.cpp.o
 .text._ZN9RPCClient8send_rpcIJRKN7arduino6StringEEEEbS4_RjDpOT_.isra.0
                0x0000000000005fb8       0x84 /home/arduino/ArduinoApps/Robot-for-Post-Hurricane-Agricultural-Inspection/robot-project-new/.cache/sketch/libraries/Arduino_RouterBridge/singletons.cpp.o
 .text._ZN9RPCClient8send_rpcIJRKjEEEbRKN7arduino6StringERjDpOT_.isra.0
                0x000000000000603c       0x84 /home/arduino/ArduinoApps/Robot-for-Post-Hurricane-Agricultural-Inspection/robot-project-new/.cache/sketch/libraries/Arduino_RouterBridge/singletons.cpp.o
 .text._ZN7arduino7msgpack8Unpacker11deserializeIjJEEEbRT_DpOT0_
                0x00000000000060c0       0x40 /home/arduino/ArduinoApps/Robot-for-Post-Hurricane-Agricultural-Inspection/robot-project-new/.cache/sketch/libraries/Arduino_RouterBridge/singletons.cpp.o
                0x00000000000060c0                bool arduino::msgpack::Unpacker::deserialize<unsigned int>(unsigned int&)
 .text._ZN13BridgeMonitorILj512EEcvbEv
                0x0000000000006100      0x28c /home/arduino/ArduinoApps/Robot-for-Post-Hurricane-Agricultural-Inspection/robot-project-new/.cache/sketch/libraries/Arduino_RouterBridge/singletons.cpp.o
                0x0000000000006100                BridgeMonitor<512u>::operator bool()
 .text._ZN7RpcCallIJRN7arduino6StringEEE8setErrorEiS1_
                0x000000000000638c       0x40 /home/arduino/ArduinoApps/Robot-for-Post-Hurricane-Agricultural-Inspection/robot-project-new/.cache/sketch/libraries/Arduino_RouterBridge/singletons.cpp.o
                0x000000000000638c                RpcCall<arduino::String&>::setError(int, arduino::String)
 .text._ZN7RpcCallIJRN7arduino6StringEEED2Ev
                0x00000000000063cc      0x118 /home/arduino/ArduinoApps/Robot-for-Post-Hurricane-Agricultural-Inspection/robot-project-new/.cache/sketch/libraries/Arduino_RouterBridge/singletons.cpp.o
                0x00000000000063cc                RpcCall<arduino::String&>::~RpcCall()
                0x00000000000063cc                RpcCall<arduino::String&>::~RpcCall()
 .text._ZN10RpcDecoderILj1024EE12get_responseIjEEbjRT_R8RpcError
                0x00000000000064e4      0x17c /home/arduino/ArduinoApps/Robot-for-Post-Hurricane-Agricultural-Inspection/robot-project-new/.cache/sketch/libraries/Arduino_RouterBridge/singletons.cpp.o
                0x00000000000064e4                bool RpcDecoder<1024u>::get_response<unsigned int>(unsigned int, unsigned int&, RpcError&)
 .text._ZN13BridgeMonitorILj512EE5writeEPKhj
                0x0000000000006660      0x1fc /home/arduino/ArduinoApps/Robot-for-Post-Hurricane-Agricultural-Inspection/robot-project-new/.cache/sketch/libraries/Arduino_RouterBridge/singletons.cpp.o
                0x0000000000006660                BridgeMonitor<512u>::write(unsigned char const*, unsigned int)
 .text._ZN7RpcCallIJRjEE8setErrorEiN7arduino6StringE
                0x000000000000685c       0x40 /home/arduino/ArduinoApps/Robot-for-Post-Hurricane-Agricultural-Inspection/robot-project-new/.cache/sketch/libraries/Arduino_RouterBridge/singletons.cpp.o
                0x000000000000685c                RpcCall<unsigned int&>::setError(int, arduino::String)
 .text._ZN7RpcCallIJRjEE7isErrorEv
                0x000000000000689c       0x34 /home/arduino/ArduinoApps/Robot-for-Post-Hurricane-Agricultural-Inspection/robot-project-new/.cache/sketch/libraries/Arduino_RouterBridge/singletons.cpp.o
                0x000000000000689c                RpcCall<unsigned int&>::isError()
 .text._ZN7RpcCallIJRjEED2Ev
                0x00000000000068d0      0x118 /home/arduino/ArduinoApps/Robot-for-Post-Hurricane-Agricultural-Inspection/robot-project-new/.cache/sketch/libraries/Arduino_RouterBridge/singletons.cpp.o