Archive member included to satisfy reference by file (symbol)

/home/arduino/ArduinoApps/Robot-for-Post-Hurricane-Agricultural-Inspection/robot-project-new/.cache/sketch/core/core.a(Common.cpp.o)
                              /home/arduino/ArduinoApps/Robot-for-Post-Hurricane-Agricultural-Inspection/robot-project-new/.cache/sketch/libraries/Servo/zephyr/Servo.cpp.o (map(long, long, long, long, long))
/home/arduino/ArduinoApps/Robot-for-Post-Hurricane-Agricultural-Inspection/robot-project-new/.cache/sketch/core/core.a(Print.cpp.o)
                              /home/arduino/ArduinoApps/Robot-for-Post-Hurricane-Agricultural-Inspection/robot-project-new/.cache/sketch/libraries/Adafruit Unified Sensor/Adafruit_Sensor.cpp.o (arduino::Print::print(arduino::__FlashStringHelper const*))
/home/arduino/ArduinoApps/Robot-for-Post-Hurricane-Agricultural-Inspection/robot-project-new/.cache/sketch/core/core.a(Stream.cpp.o)
                              /home/arduino/ArduinoApps/Robot-for-Post-Hurricane-Agricultural-Inspection/robot-project-new/.cache/sketch/sketch/sketch.ino.cpp.o (arduino::Stream::setTimeout(unsigned long))
/home/arduino/ArduinoApps/Robot-for-Post-Hurricane-Agricultural-Inspection/robot-project-new/.cache/sketch/core/core.a(String.cpp.o)
                              /home/arduino/ArduinoApps/Robot-for-Post-Hurricane-Agricultural-Inspection/robot-project-new/.cache/sketch/sketch/sketch.ino.cpp.o (arduino::String::String(arduino::String&&))
/home/arduino/ArduinoApps/Robot-for-Post-Hurricane-Agricultural-Inspection/robot-project-new/.cache/sketch/core/core.a(itoa.cpp.o)
                              /home/arduino/ArduinoApps/Robot-for-Post-Hurricane-Agricultural-Inspection/robot-project-new/.cache/sketch/core/core.a(String.cpp.o) (dtostrf)
/home/arduino/ArduinoApps/Robot-for-Post-Hurricane-Agricultural-Inspection/robot-project-new/.cache/sketch/core/core.a(llext_wrappers.c.o)
                              /home/arduino/ArduinoApps/Robot-for-Post-Hurricane-Agricultural-Inspection/robot-project-new/.cache/sketch/sketch/sketch.ino.cpp.o (memcpy)
/home/arduino/ArduinoApps/Robot-for-Post-Hurricane-Agricultural-Inspection/robot-project-new/.cache/sketch/core/core.a(main.cpp.o)
                              (main)
/home/arduino/ArduinoApps/Robot-for-Post-Hurricane-Agricultural-Inspection/robot-project-new/.cache/sketch/core/core.a(new.cpp.o)
                              /home/arduino/ArduinoApps/Robot-for-Post-Hurricane-Agricultural-Inspection/robot-project-new/.cache/sketch/sketch/sketch.ino.cpp.o (operator new(unsigned int))
/home/arduino/ArduinoApps/Robot-for-Post-Hurricane-Agricultural-Inspection/robot-project-new/.cache/sketch/core/core.a(threads.cpp.o)
                              /home/arduino/ArduinoApps/Robot-for-Post-Hurricane-Agricultural-Inspection/robot-project-new/.cache/sketch/core/core.a(main.cpp.o) (start_static_threads())
/home/arduino/ArduinoApps/Robot-for-Post-Hurricane-Agricultural-Inspection/robot-project-new/.cache/sketch/core/core.a(zephyrCommon.cpp.o)
                              /home/arduino/ArduinoApps/Robot-for-Post-Hurricane-Agricultural-Inspection/robot-project-new/.cache/sketch/sketch/sketch.ino.cpp.o (pinMode)
/home/arduino/ArduinoApps/Robot-for-Post-Hurricane-Agricultural-Inspection/robot-project-new/.cache/sketch/core/core.a(zephyrSerial.cpp.o)
                              /home/arduino/ArduinoApps/Robot-for-Post-Hurricane-Agricultural-Inspection/robot-project-new/.cache/sketch/libraries/Arduino_RouterBridge/singletons.cpp.o (Serial2)
/home/arduino/.arduino15/packages/zephyr/tools/arm-zephyr-eabi/0.16.8/bin/../lib/gcc/arm-zephyr-eabi/12.2.0/../../../../arm-zephyr-eabi/lib/thumb/v8-m.main+fp/hard/libstdc++_nano.a(functexcept.o)
                              /home/arduino/ArduinoApps/Robot-for-Post-Hurricane-Agricultural-Inspection/robot-project-new/.cache/sketch/sketch/sketch.ino.cpp.o (std::__throw_bad_alloc())
/home/arduino/.arduino15/packages/zephyr/tools/arm-zephyr-eabi/0.16.8/bin/../lib/gcc/arm-zephyr-eabi/12.2.0/../../../../arm-zephyr-eabi/lib/thumb/v8-m.main+fp/hard/libstdc++_nano.a(functional.o)
                              /home/arduino/ArduinoApps/Robot-for-Post-Hurricane-Agricultural-Inspection/robot-project-new/.cache/sketch/sketch/sketch.ino.cpp.o (std::__throw_bad_function_call())
/home/arduino/.arduino15/packages/zephyr/tools/arm-zephyr-eabi/0.16.8/bin/../lib/gcc/arm-zephyr-eabi/12.2.0/../../../../arm-zephyr-eabi/lib/thumb/v8-m.main+fp/hard/libstdc++_nano.a(eh_exception.o)
                              /home/arduino/.arduino15/packages/zephyr/tools/arm-zephyr-eabi/0.16.8/bin/../lib/gcc/arm-zephyr-eabi/12.2.0/../../../../arm-zephyr-eabi/lib/thumb/v8-m.main+fp/hard/libstdc++_nano.a(functional.o) (std::exception::~exception())
/home/arduino/.arduino15/packages/zephyr/tools/arm-zephyr-eabi/0.16.8/bin/../lib/gcc/arm-zephyr-eabi/12.2.0/../../../../arm-zephyr-eabi/lib/thumb/v8-m.main+fp/hard/libstdc++_nano.a(si_class_type_info.o)
[...]
Memory Configuration

Name             Origin             Length             Attributes
*default*        0x0000000000000000 0xffffffffffffffff

Linker script and memory map

LOAD /home/arduino/.arduino15/packages/zephyr/tools/arm-zephyr-eabi/0.16.8/bin/../lib/gcc/arm-zephyr-eabi/12.2.0/../../../../arm-zephyr-eabi/lib/thumb/v8-m.main+fp/hard/libstdc++_nano.a
LOAD /home/arduino/.arduino15/packages/zephyr/tools/arm-zephyr-eabi/0.16.8/bin/../lib/gcc/arm-zephyr-eabi/12.2.0/../../../../arm-zephyr-eabi/lib/thumb/v8-m.main+fp/hard/libsupc++_nano.a
LOAD /home/arduino/.arduino15/packages/zephyr/tools/arm-zephyr-eabi/0.16.8/bin/../lib/gcc/arm-zephyr-eabi/12.2.0/../../../../arm-zephyr-eabi/lib/thumb/v8-m.main+fp/hard/libnosys.a
LOAD /home/arduino/ArduinoApps/Robot-for-Post-Hurricane-Agricultural-Inspection/robot-project-new/.cache/sketch/sketch/sketch.ino.cpp.o
LOAD /home/arduino/ArduinoApps/Robot-for-Post-Hurricane-Agricultural-Inspection/robot-project-new/.cache/sketch/libraries/Wire/Wire.cpp.o
LOAD /home/arduino/ArduinoApps/Robot-for-Post-Hurricane-Agricultural-Inspection/robot-project-new/.cache/sketch/libraries/SPI/SPI.cpp.o
LOAD /home/arduino/ArduinoApps/Robot-for-Post-Hurricane-Agricultural-Inspection/robot-project-new/.cache/sketch/libraries/Arduino_RouterBridge/singletons.cpp.o
LOAD /home/arduino/ArduinoApps/Robot-for-Post-Hurricane-Agricultural-Inspection/robot-project-new/.cache/sketch/libraries/Adafruit MPU6050/Adafruit_MPU6050.cpp.o
LOAD /home/arduino/ArduinoApps/Robot-for-Post-Hurricane-Agricultural-Inspection/robot-project-new/.cache/sketch/libraries/Adafruit BusIO/Adafruit_BusIO_Register.cpp.o
LOAD /home/arduino/ArduinoApps/Robot-for-Post-Hurricane-Agricultural-Inspection/robot-project-new/.cache/sketch/libraries/Adafruit BusIO/Adafruit_GenericDevice.cpp.o
LOAD /home/arduino/ArduinoApps/Robot-for-Post-Hurricane-Agricultural-Inspection/robot-project-new/.cache/sketch/libraries/Adafruit BusIO/Adafruit_I2CDevice.cpp.o
LOAD /home/arduino/ArduinoApps/Robot-for-Post-Hurricane-Agricultural-Inspection/robot-project-new/.cache/sketch/libraries/Adafruit BusIO/Adafruit_SPIDevice.cpp.o
LOAD /home/arduino/ArduinoApps/Robot-for-Post-Hurricane-Agricultural-Inspection/robot-project-new/.cache/sketch/libraries/Adafruit Unified Sensor/Adafruit_Sensor.cpp.o
LOAD /home/arduino/ArduinoApps/Robot-for-Post-Hurricane-Agricultural-Inspection/robot-project-new/.cache/sketch/libraries/Servo/avr/Servo.cpp.o
LOAD /home/arduino/ArduinoApps/Robot-for-Post-Hurricane-Agricultural-Inspection/robot-project-new/.cache/sketch/libraries/Servo/esp32/Servo.cpp.o
LOAD /home/arduino/ArduinoApps/Robot-for-Post-Hurricane-Agricultural-Inspection/robot-project-new/.cache/sketch/libraries/Servo/mbed/Servo.cpp.o
LOAD /home/arduino/ArduinoApps/Robot-for-Post-Hurricane-Agricultural-Inspection/robot-project-new/.cache/sketch/libraries/Servo/megaavr/Servo.cpp.o
LOAD /home/arduino/ArduinoApps/Robot-for-Post-Hurricane-Agricultural-Inspection/robot-project-new/.cache/sketch/libraries/Servo/nrf52/Servo.cpp.o
LOAD /home/arduino/ArduinoApps/Robot-for-Post-Hurricane-Agricultural-Inspection/robot-project-new/.cache/sketch/libraries/Servo/renesas/Servo.cpp.o
LOAD /home/arduino/ArduinoApps/Robot-for-Post-Hurricane-Agricultural-Inspection/robot-project-new/.cache/sketch/libraries/Servo/sam/Servo.cpp.o
LOAD /home/arduino/ArduinoApps/Robot-for-Post-Hurricane-Agricultural-Inspection/robot-project-new/.cache/sketch/libraries/Servo/samd/Servo.cpp.o
LOAD /home/arduino/ArduinoApps/Robot-for-Post-Hurricane-Agricultural-Inspection/robot-project-new/.cache/sketch/libraries/Servo/stm32f4/Servo.cpp.o
LOAD /home/arduino/ArduinoApps/Robot-for-Post-Hurricane-Agricultural-Inspection/robot-project-new/.cache/sketch/libraries/Servo/xmc/Servo.cpp.o
LOAD /home/arduino/ArduinoApps/Robot-for-Post-Hurricane-Agricultural-Inspection/robot-project-new/.cache/sketch/libraries/Servo/zephyr/Servo.cpp.o
LOAD /home/arduino/ArduinoApps/Robot-for-Post-Hurricane-Agricultural-Inspection/robot-project-new/.cache/sketch/core/analogReference.cpp.o
START GROUP
LOAD /home/arduino/ArduinoApps/Robot-for-Post-Hurricane-Agricultural-Inspection/robot-project-new/.cache/sketch/core/core.a
LOAD /home/arduino/.arduino15/packages/zephyr/tools/arm-zephyr-eabi/0.16.8/bin/../lib/gcc/arm-zephyr-eabi/12.2.0/../../../../arm-zephyr-eabi/lib/thumb/v8-m.main+fp/hard/libstdc++_nano.a
LOAD /home/arduino/.arduino15/packages/zephyr/tools/arm-zephyr-eabi/0.16.8/bin/../lib/gcc/arm-zephyr-eabi/12.2.0/../../../../arm-zephyr-eabi/lib/thumb/v8-m.main+fp/hard/libsupc++_nano.a
LOAD /home/arduino/.arduino15/packages/zephyr/tools/arm-zephyr-eabi/0.16.8/bin/../lib/gcc/arm-zephyr-eabi/12.2.0/../../../../arm-zephyr-eabi/lib/thumb/v8-m.main+fp/hard/libm_nano.a
END GROUP

.rodata         0x0000000000000000      0x4c4
 *(.rodata._ZL12arduino_pins)
 .rodata._ZL12arduino_pins
                0x0000000000000000      0x230 /home/arduino/ArduinoApps/Robot-for-Post-Hurricane-Agricultural-Inspection/robot-project-new/.cache/sketch/core/core.a(zephyrCommon.cpp.o)
 *(.rodata._ZN12_GLOBAL__N_1L11arduino_pwmE)
 .rodata._ZN12_GLOBAL__N_1L11arduino_pwmE
                0x0000000000000230      0x100 /home/arduino/ArduinoApps/Robot-for-Post-Hurricane-Agricultural-Inspection/robot-project-new/.cache/sketch/core/core.a(zephyrCommon.cpp.o)
 *(.rodata._ZTV13BridgeMonitorILj512EE)
 .rodata._ZTV13BridgeMonitorILj512EE
                0x0000000000000330       0x24 /home/arduino/ArduinoApps/Robot-for-Post-Hurricane-Agricultural-Inspection/robot-project-new/.cache/sketch/libraries/Arduino_RouterBridge/singletons.cpp.o
                0x0000000000000330                vtable for BridgeMonitor<512u>
 *(.rodata._ZTV15SerialTransport)
 .rodata._ZTV15SerialTransport
                0x0000000000000354       0x20 /home/arduino/ArduinoApps/Robot-for-Post-Hurricane-Agricultural-Inspection/robot-project-new/.cache/sketch/sketch/sketch.ino.cpp.o
                0x0000000000000354                vtable for SerialTransport
 *(.rodata._ZTV16Adafruit_MPU6050)
 .rodata._ZTV16Adafruit_MPU6050
                0x0000000000000374        0xc /home/arduino/ArduinoApps/Robot-for-Post-Hurricane-Agricultural-Inspection/robot-project-new/.cache/sketch/libraries/Adafruit MPU6050/Adafruit_MPU6050.cpp.o
                0x0000000000000374                vtable for Adafruit_MPU6050
 *(.rodata._ZTV18RpcFunctionWrapperISt8functionIFviEEE)
 .rodata._ZTV18RpcFunctionWrapperISt8functionIFviEEE
                0x0000000000000380       0x14 /home/arduino/ArduinoApps/Robot-for-Post-Hurricane-Agricultural-Inspection/robot-project-new/.cache/sketch/sketch/sketch.ino.cpp.o
                0x0000000000000380                vtable for RpcFunctionWrapper<std::function<void (int)> >
 *(.rodata._ZTV18RpcFunctionWrapperISt8functionIFvvEEE)
 .rodata._ZTV18RpcFunctionWrapperISt8functionIFvvEEE
                0x0000000000000394       0x14 /home/arduino/ArduinoApps/Robot-for-Post-Hurricane-Agricultural-Inspection/robot-project-new/.cache/sketch/sketch/sketch.ino.cpp.o
                0x0000000000000394                vtable for RpcFunctionWrapper<std::function<void ()> >
 *(.rodata._ZTV21Adafruit_MPU6050_Gyro)
 .rodata._ZTV21Adafruit_MPU6050_Gyro
                0x00000000000003a8       0x1c /home/arduino/ArduinoApps/Robot-for-Post-Hurricane-Agricultural-Inspection/robot-project-new/.cache/sketch/libraries/Adafruit MPU6050/Adafruit_MPU6050.cpp.o
                0x00000000000003a8                vtable for Adafruit_MPU6050_Gyro
 *(.rodata._ZTV21Adafruit_MPU6050_Temp)
 .rodata._ZTV21Adafruit_MPU6050_Temp
                0x00000000000003c4       0x1c /home/arduino/ArduinoApps/Robot-for-Post-Hurricane-Agricultural-Inspection/robot-project-new/.cache/sketch/libraries/Adafruit MPU6050/Adafruit_MPU6050.cpp.o
                0x00000000000003c4                vtable for Adafruit_MPU6050_Temp
 *(.rodata._ZTV30Adafruit_MPU6050_Accelerometer)
 .rodata._ZTV30Adafruit_MPU6050_Accelerometer
                0x00000000000003e0       0x1c /home/arduino/ArduinoApps/Robot-for-Post-Hurricane-Agricultural-Inspection/robot-project-new/.cache/sketch/libraries/Adafruit MPU6050/Adafruit_MPU6050.cpp.o
                0x00000000000003e0                vtable for Adafruit_MPU6050_Accelerometer
 *(.rodata._ZTVN7arduino12ZephyrSerialE)
 .rodata._ZTVN7arduino12ZephyrSerialE
                0x00000000000003fc       0x38 /home/arduino/ArduinoApps/Robot-for-Post-Hurricane-Agricultural-Inspection/robot-project-new/.cache/sketch/core/core.a(zephyrSerial.cpp.o)
                0x00000000000003fc                vtable for arduino::ZephyrSerial
 *(.rodata._ZTVN7arduino9ZephyrI2CE)
 .rodata._ZTVN7arduino9ZephyrI2CE
                0x0000000000000434       0x54 /home/arduino/ArduinoApps/Robot-for-Post-Hurricane-Agricultural-Inspection/robot-project-new/.cache/sketch/libraries/Wire/Wire.cpp.o
                0x0000000000000434                vtable for arduino::ZephyrI2C
 *(.rodata._ZTVN7arduino9ZephyrSPIE)
 .rodata._ZTVN7arduino9ZephyrSPIE
                0x0000000000000488       0x3c /home/arduino/ArduinoApps/Robot-for-Post-Hurricane-Agricultural-Inspection/robot-project-new/.cache/sketch/libraries/SPI/SPI.cpp.o
                0x0000000000000488                vtable for arduino::ZephyrSPI

.llext.rodata.noreloc
                0x00000000000004c4      0x485
 *(.rodata._Z10turn_rightv.str1.1)
 .rodata._Z10turn_rightv.str1.1
                0x00000000000004c4        0x6 /home/arduino/ArduinoApps/Robot-for-Post-Hurricane-Agricultural-Inspection/robot-project-new/.cache/sketch/sketch/sketch.ino.cpp.o
 *(.rodata._Z11stop_motorsv.str1.1)
 .rodata._Z11stop_motorsv.str1.1
                0x00000000000004ca        0x8 /home/arduino/ArduinoApps/Robot-for-Post-Hurricane-Agricultural-Inspection/robot-project-new/.cache/sketch/sketch/sketch.ino.cpp.o
 *(.rodata._Z12move_forwardv.str1.1)
 .rodata._Z12move_forwardv.str1.1
                0x00000000000004d2        0x8 /home/arduino/ArduinoApps/Robot-for-Post-Hurricane-Agricultural-Inspection/robot-project-new/.cache/sketch/sketch/sketch.ino.cpp.o
 *(.rodata._Z13move_backwardv.str1.1)
 .rodata._Z13move_backwardv.str1.1
                0x00000000000004da        0x9 /home/arduino/ArduinoApps/Robot-for-Post-Hurricane-Agricultural-Inspection/robot-project-new/.cache/sketch/sketch/sketch.ino.cpp.o
 *(.rodata._Z13send_IMU_datav.str1.1)
 .rodata._Z13send_IMU_datav.str1.1
                0x00000000000004e3        0xa /home/arduino/ArduinoApps/Robot-for-Post-Hurricane-Agricultural-Inspection/robot-project-new/.cache/sketch/sketch/sketch.ino.cpp.o
 *(.rodata._Z16turn_left_slowlyv.str1.1)
 .rodata._Z16turn_left_slowlyv.str1.1
                0x00000000000004ed        0xc /home/arduino/ArduinoApps/Robot-for-Post-Hurricane-Agricultural-Inspection/robot-project-new/.cache/sketch/sketch/sketch.ino.cpp.o
 *(.rodata._Z17turn_right_slowlyv.str1.1)
 .rodata._Z17turn_right_slowlyv.str1.1
                0x00000000000004f9       0x1c /home/arduino/ArduinoApps/Robot-for-Post-Hurricane-Agricultural-Inspection/robot-project-new/.cache/sketch/sketch/sketch.ino.cpp.o
 *(.rodata._Z9turn_leftv.str1.1)
 .rodata._Z9turn_leftv.str1.1
                0x0000000000000515        0x5 /home/arduino/ArduinoApps/Robot-for-Post-Hurricane-Agricultural-Inspection/robot-project-new/.cache/sketch/sketch/sketch.ino.cpp.o
 *(.rodata._ZN10RpcDecoderILj1024EE12get_responseIN7arduino7msgpack6object5nil_tEEEbjRT_R8RpcError.str1.1)
 .rodata._ZN10RpcDecoderILj1024EE12get_responseIN7arduino7msgpack6object5nil_tEEEbjRT_R8RpcError.str1.1
                0x000000000000051a       0x7b /home/arduino/ArduinoApps/Robot-for-Post-Hurricane-Agricultural-Inspection/robot-project-new/.cache/sketch/libraries/Arduino_RouterBridge/singletons.cpp.o
 *(.rodata._ZN10RpcDecoderILj1024EE12get_responseIbEEbjRT_R8RpcError.str1.1)
 .rodata._ZN10RpcDecoderILj1024EE12get_responseIbEEbjRT_R8RpcError.str1.1
                0x0000000000000595       0x7b /home/arduino/ArduinoApps/Robot-for-Post-Hurricane-Agricultural-Inspection/robot-project-new/.cache/sketch/sketch/sketch.ino.cpp.o
 *(.rodata._ZN11BridgeClass11update_safeEv.str1.1)
 .rodata._ZN11BridgeClass11update_safeEv.str1.1
                0x0000000000000610        0x9 /home/arduino/ArduinoApps/Robot-for-Post-Hurricane-Agricultural-Inspection/robot-project-new/.cache/sketch/sketch/sketch.ino.cpp.o
 *(.rodata._ZN11BridgeClass5beginEm.str1.1)
 .rodata._ZN11BridgeClass5beginEm.str1.1
                0x0000000000000619       0x45 /home/arduino/ArduinoApps/Robot-for-Post-Hurricane-Agricultural-Inspection/robot-project-new/.cache/sketch/sketch/sketch.ino.cpp.o
 *(.rodata._ZN11BridgeClass7provideIRFvvEEEbRKN7arduino6StringEOT_.isra.0.str1.1)
 .rodata._ZN11BridgeClass7provideIRFvvEEEbRKN7arduino6StringEOT_.isra.0.str1.1
                0x000000000000065e        0xb /home/arduino/ArduinoApps/Robot-for-Post-Hurricane-Agricultural-Inspection/robot-project-new/.cache/sketch/sketch/sketch.ino.cpp.o
 *(.rodata._ZN12_GLOBAL__N_1L16arduino_pwm_pinsE)
 .rodata._ZN12_GLOBAL__N_1L16arduino_pwm_pinsE
                0x0000000000000669       0x10 /home/arduino/ArduinoApps/Robot-for-Post-Hurricane-Agricultural-Inspection/robot-project-new/.cache/sketch/core/core.a(zephyrCommon.cpp.o)
 *(.rodata._ZN13BridgeMonitorILj512EE5_readEj.str1.1)
 .rodata._ZN13BridgeMonitorILj512EE5_readEj.str1.1
                0x0000000000000679        0x9 /home/arduino/ArduinoApps/Robot-for-Post-Hurricane-Agricultural-Inspection/robot-project-new/.cache/sketch/libraries/Arduino_RouterBridge/singletons.cpp.o
 *(.rodata._ZN13BridgeMonitorILj512EE5beginEmt.isra.0.str1.1)
 .rodata._ZN13BridgeMonitorILj512EE5beginEmt.isra.0.str1.1
                0x0000000000000682       0x18 /home/arduino/ArduinoApps/Robot-for-Post-Hurricane-Agricultural-Inspection/robot-project-new/.cache/sketch/sketch/sketch.ino.cpp.o
 *(.rodata._ZN13BridgeMonitorILj512EE5writeEPKhj.str1.1)
 .rodata._ZN13BridgeMonitorILj512EE5writeEPKhj.str1.1
                0x000000000000069a        0xa /home/arduino/ArduinoApps/Robot-for-Post-Hurricane-Agricultural-Inspection/robot-project-new/.cache/sketch/libraries/Arduino_RouterBridge/singletons.cpp.o
 *(.rodata._ZN13BridgeMonitorILj512EEcvbEv.str1.1)
 .rodata._ZN13BridgeMonitorILj512EEcvbEv.str1.1
                0x00000000000006a4       0x4d /home/arduino/ArduinoApps/Robot-for-Post-Hurricane-Agricultural-Inspection/robot-project-new/.cache/sketch/libraries/Arduino_RouterBridge/singletons.cpp.o
 *(.rodata._ZN18RpcFunctionWrapperISt8functionIFviEEEclERN7arduino7msgpack8UnpackerERNS5_6PackerE.str1.1)
 .rodata._ZN18RpcFunctionWrapperISt8functionIFviEEEclERN7arduino7msgpack8UnpackerERNS5_6PackerE.str1.1
                0x00000000000006f1       0x72 /home/arduino/ArduinoApps/Robot-for-Post-Hurricane-Agricultural-Inspection/robot-project-new/.cache/sketch/sketch/sketch.ino.cpp.o
 *(.rodata._ZN18RpcFunctionWrapperISt8functionIFvvEEEclERN7arduino7msgpack8UnpackerERNS5_6PackerE.str1.1)
 .rodata._ZN18RpcFunctionWrapperISt8functionIFvvEEEclERN7arduino7msgpack8UnpackerERNS5_6PackerE.str1.1
                0x0000000000000763       0x34 /home/arduino/ArduinoApps/Robot-for-Post-Hurricane-Agricultural-Inspection/robot-project-new/.cache/sketch/sketch/sketch.ino.cpp.o
 *(.rodata._ZN21Adafruit_MPU6050_Gyro9getSensorEP8sensor_t.str1.1)
 .rodata._ZN21Adafruit_MPU6050_Gyro9getSensorEP8sensor_t.str1.1
                0x0000000000000797        0xa /home/arduino/ArduinoApps/Robot-for-Post-Hurricane-Agricultural-Inspection/robot-project-new/.cache/sketch/libraries/Adafruit MPU6050/Adafruit_MPU6050.cpp.o
 *(.rodata._ZN21Adafruit_MPU6050_Temp9getSensorEP8sensor_t.str1.1)
 .rodata._ZN21Adafruit_MPU6050_Temp9getSensorEP8sensor_t.str1.1
                0x00000000000007a1        0xa /home/arduino/ArduinoApps/Robot-for-Post-Hurricane-Agricultural-Inspection/robot-project-new/.cache/sketch/libraries/Adafruit MPU6050/Adafruit_MPU6050.cpp.o
 *(.rodata._ZN30Adafruit_MPU6050_Accelerometer9getSensorEP8sensor_t.str1.1)
 .rodata._ZN30Adafruit_MPU6050_Accelerometer9getSensorEP8sensor_t.str1.1
                0x00000000000007ab        0xa /home/arduino/ArduinoApps/Robot-for-Post-Hurricane-Agricultural-Inspection/robot-project-new/.cache/sketch/libraries/Adafruit MPU6050/Adafruit_MPU6050.cpp.o
 *(.rodata._ZN7RpcCallIJEE6resultIbEEbRT_.part.0.str1.1)
 .rodata._ZN7RpcCallIJEE6resultIbEEbRT_.part.0.str1.1
                0x00000000000007b5       0x21 /home/arduino/ArduinoApps/Robot-for-Post-Hurricane-Agricultural-Inspection/robot-project-new/.cache/sketch/sketch/sketch.ino.cpp.o
 *(.rodata._ZN7RpcCallIJEEC2ERKN7arduino6StringEP9RPCClientP7k_mutexS8_.str1.1)
 .rodata._ZN7RpcCallIJEEC2ERKN7arduino6StringEP9RPCClientP7k_mutexS8_.str1.1
                0x00000000000007d6       0x1e /home/arduino/ArduinoApps/Robot-for-Post-Hurricane-Agricultural-Inspection/robot-project-new/.cache/sketch/sketch/sketch.ino.cpp.o
 *(.rodata._ZN7arduino7msgpack6object3extC2EaPKhj.str1.1)
 .rodata._ZN7arduino7msgpack6object3extC2EaPKhj.str1.1
                0x00000000000007f4       0x28 /home/arduino/ArduinoApps/Robot-for-Post-Hurricane-Agricultural-Inspection/robot-project-new/.cache/sketch/sketch/sketch.ino.cpp.o
 *(.rodata._ZN8RpcErrorC2Ev.str1.1)
 .rodata._ZN8RpcErrorC2Ev.str1.1
                0x000000000000081c        0x1 /home/arduino/ArduinoApps/Robot-for-Post-Hurricane-Agricultural-Inspection/robot-project-new/.cache/sketch/sketch/sketch.ino.cpp.o
 .rodata._ZN8RpcErrorC2Ev.str1.1
                0x000000000000081d        0x1 /home/arduino/ArduinoApps/Robot-for-Post-Hurricane-Agricultural-Inspection/robot-project-new/.cache/sketch/libraries/Arduino_RouterBridge/singletons.cpp.o
 *(.rodata._ZNSt6vectorIjSaIjEE17_M_realloc_insertIJRjEEEvN9__gnu_cxx17__normal_iteratorIPjS1_EEDpOT_.str1.1)
 .rodata._ZNSt6vectorIjSaIjEE17_M_realloc_insertIJRjEEEvN9__gnu_cxx17__normal_iteratorIPjS1_EEDpOT_.str1.1
                0x000000000000081e       0x1a /home/arduino/ArduinoApps/Robot-for-Post-Hurricane-Agricultural-Inspection/robot-project-new/.cache/sketch/sketch/sketch.ino.cpp.o
 .rodata._ZNSt6vectorIjSaIjEE17_M_realloc_insertIJRjEEEvN9__gnu_cxx17__normal_iteratorIPjS1_EEDpOT_.str1.1
                0x0000000000000838       0x1a /home/arduino/ArduinoApps/Robot-for-Post-Hurricane-Agricultural-Inspection/robot-project-new/.cache/sketch/libraries/Arduino_RouterBridge/singletons.cpp.o
 *(.rodata.dtostrf.str1.1)
 .rodata.dtostrf.str1.1
                0x0000000000000852        0x9 /home/arduino/ArduinoApps/Robot-for-Post-Hurricane-Agricultural-Inspection/robot-project-new/.cache/sketch/core/core.a(itoa.cpp.o)
 *(.rodata.loop.str1.1)
 .rodata.loop.str1.1
                0x000000000000085b       0x21 /home/arduino/ArduinoApps/Robot-for-Post-Hurricane-Agricultural-Inspection/robot-project-new/.cache/sketch/sketch/sketch.ino.cpp.o
 *(.rodata.setup.str1.1)
 .rodata.setup.str1.1
                0x000000000000087c       0x7c /home/arduino/ArduinoApps/Robot-for-Post-Hurricane-Agricultural-Inspection/robot-project-new/.cache/sketch/sketch/sketch.ino.cpp.o
 *(.rodata.str1.1)
 .rodata.str1.1
                0x00000000000008f8       0x51 /home/arduino/ArduinoApps/Robot-for-Post-Hurricane-Agricultural-Inspection/robot-project-new/.cache/sketch/core/core.a(main.cpp.o)

.rel.rodata
 *(.rel.rodata)
 *(.rel.rodata.*)

.rela.rodata
 *(.rela.rodata)
 *(.rela.rodata.*)

/DISCARD/
 *(.ARM.attributes)
 *(.ARM.attributes.*)
 *(.ARM.exidx)
 *(.ARM.exidx.*)
 *(.ARM.extidx)
 *(.ARM.extidx.*)
 *(.ARM.extab)
 *(.ARM.extab.*)
 *(.comment)
 *(.comment.*)
 *(.llvmbc)
 *(.llvmcmd)
 *(.eh_frame)
 *stdexcept.o()
 *eh_*.o()
 *cow-stdexcept.o()
 *cow-string-inst.o()

.text           0x0000000000000000     0x896e
 *(.text)
 *(.stub)
 *(.text*)
 .text._ZN15SerialTransport9availableEv
                0x0000000000000000       0x12 /home/arduino/ArduinoApps/Robot-for-Post-Hurricane-Agricultural-Inspection/robot-project-new/.cache/sketch/sketch/sketch.ino.cpp.o
                0x0000000000000000                SerialTransport::available()
 .text._ZN15SerialTransport5writeEPKhj
                0x0000000000000012       0x10 /home/arduino/ArduinoApps/Robot-for-Post-Hurricane-Agricultural-Inspection/robot-project-new/.cache/sketch/sketch/sketch.ino.cpp.o
                0x0000000000000012                SerialTransport::write(unsigned char const*, unsigned int)
 .text._ZN15SerialTransportD2Ev
                0x0000000000000022        0x2 /home/arduino/ArduinoApps/Robot-for-Post-Hurricane-Agricultural-Inspection/robot-project-new/.cache/sketch/sketch/sketch.ino.cpp.o
                0x0000000000000022                SerialTransport::~SerialTransport()
                0x0000000000000022                SerialTransport::~SerialTransport()
 .text.k_yield  0x0000000000000024        0x8 /home/arduino/ArduinoApps/Robot-for-Post-Hurricane-Agricultural-Inspection/robot-project-new/.cache/sketch/sketch/sketch.ino.cpp.o
 .text.k_mutex_lock
                0x000000000000002c        0x8 /home/arduino/ArduinoApps/Robot-for-Post-Hurricane-Agricultural-Inspection/robot-project-new/.cache/sketch/sketch/sketch.ino.cpp.o
 .text.__tcf_0  0x0000000000000034       0x10 /home/arduino/ArduinoApps/Robot-for-Post-Hurricane-Agricultural-Inspection/robot-project-new/.cache/sketch/sketch/sketch.ino.cpp.o
 .text._ZN15SerialTransport4readEPhj
                0x0000000000000044       0x28 /home/arduino/ArduinoApps/Robot-for-Post-Hurricane-Agricultural-Inspection/robot-project-new/.cache/sketch/sketch/sketch.ino.cpp.o
                0x0000000000000044                SerialTransport::read(unsigned char*, unsigned int)
 .text._ZN15SerialTransport9read_byteERh
                0x000000000000006c       0x20 /home/arduino/ArduinoApps/Robot-for-Post-Hurricane-Agricultural-Inspection/robot-project-new/.cache/sketch/sketch/sketch.ino.cpp.o
                0x000000000000006c                SerialTransport::read_byte(unsigned char&)
 .text._ZN15SerialTransportD0Ev
                0x000000000000008c       0x14 /home/arduino/ArduinoApps/Robot-for-Post-Hurricane-Agricultural-Inspection/robot-project-new/.cache/sketch/sketch/sketch.ino.cpp.o
                0x000000000000008c                SerialTransport::~SerialTransport()
 .text._Z13setServoSpeedi
                0x00000000000000a0       0x10 /home/arduino/ArduinoApps/Robot-for-Post-Hurricane-Agricultural-Inspection/robot-project-new/.cache/sketch/sketch/sketch.ino.cpp.o
                0x00000000000000a0                setServoSpeed(int)
 .text._Z14stopServoMotorv
                0x00000000000000b0       0x10 /home/arduino/ArduinoApps/Robot-for-Post-Hurricane-Agricultural-Inspection/robot-project-new/.cache/sketch/sketch/sketch.ino.cpp.o
                0x00000000000000b0                stopServoMotor()
 .text._ZNSt17_Function_handlerIFviEPS0_E10_M_managerERSt9_Any_dataRKS3_St18_Manager_operation
                0x00000000000000c0       0x30 /home/arduino/ArduinoApps/Robot-for-Post-Hurricane-Agricultural-Inspection/robot-project-new/.cache/sketch/sketch/sketch.ino.cpp.o
                0x00000000000000c0                std::_Function_handler<void (int), void (*)(int)>::_M_manager(std::_Any_data&, std::_Any_data const&, std::_Manager_operation)
 .text._ZNSt17_Function_handlerIFviEPS0_E9_M_invokeERKSt9_Any_dataOi
                0x00000000000000f0        0x6 /home/arduino/ArduinoApps/Robot-for-Post-Hurricane-Agricultural-Inspection/robot-project-new/.cache/sketch/sketch/sketch.ino.cpp.o
                0x00000000000000f0                std::_Function_handler<void (int), void (*)(int)>::_M_invoke(std::_Any_data const&, int&&)
 *fill*         0x00000000000000f6        0x2 
 .text._ZNSt17_Function_handlerIFvvEPS0_E10_M_managerERSt9_Any_dataRKS3_St18_Manager_operation
                0x00000000000000f8       0x30 /home/arduino/ArduinoApps/Robot-for-Post-Hurricane-Agricultural-Inspection/robot-project-new/.cache/sketch/sketch/sketch.ino.cpp.o
                0x00000000000000f8                std::_Function_handler<void (), void (*)()>::_M_manager(std::_Any_data&, std::_Any_data const&, std::_Manager_operation)
 .text._ZNSt17_Function_handlerIFvvEPS0_E9_M_invokeERKSt9_Any_data
                0x0000000000000128        0x4 /home/arduino/ArduinoApps/Robot-for-Post-Hurricane-Agricultural-Inspection/robot-project-new/.cache/sketch/sketch/sketch.ino.cpp.o
                0x0000000000000128                std::_Function_handler<void (), void (*)()>::_M_invoke(std::_Any_data const&)
 .text._ZSt14__relocate_a_1IhhENSt9enable_ifIXsrSt24__is_bitwise_relocatableIT_vE5valueEPS2_E4typeES4_S4_S4_RSaIT0_E.isra.0
                0x000000000000012c       0x20 /home/arduino/ArduinoApps/Robot-for-Post-Hurricane-Agricultural-Inspection/robot-project-new/.cache/sketch/sketch/sketch.ino.cpp.o
 .text._ZNSt12_Vector_baseIhSaIhEE11_M_allocateEj.isra.0
                0x000000000000014c       0x20 /home/arduino/ArduinoApps/Robot-for-Post-Hurricane-Agricultural-Inspection/robot-project-new/.cache/sketch/sketch/sketch.ino.cpp.o
 .text.k_mutex_unlock.isra.0
                0x000000000000016c        0x8 /home/arduino/ArduinoApps/Robot-for-Post-Hurricane-Agricultural-Inspection/robot-project-new/.cache/sketch/sketch/sketch.ino.cpp.o
 .text.k_mutex_init.isra.0
                0x0000000000000174        0x8 /home/arduino/ArduinoApps/Robot-for-Post-Hurricane-Agricultural-Inspection/robot-project-new/.cache/sketch/sketch/sketch.ino.cpp.o
 .text.k_msleep.constprop.0.isra.0
                0x000000000000017c        0xc /home/arduino/ArduinoApps/Robot-for-Post-Hurricane-Agricultural-Inspection/robot-project-new/.cache/sketch/sketch/sketch.ino.cpp.o
 .text._ZNSt14_Function_baseD2Ev
                0x0000000000000188       0x12 /home/arduino/ArduinoApps/Robot-for-Post-Hurricane-Agricultural-Inspection/robot-project-new/.cache/sketch/sketch/sketch.ino.cpp.o
                0x0000000000000188                std::_Function_base::~_Function_base()
                0x0000000000000188                std::_Function_base::~_Function_base()
 *fill*         0x000000000000019a        0x2 
 .text._ZN18RpcFunctionWrapperISt8functionIFviEEED2Ev
                0x000000000000019c       0x1c /home/arduino/ArduinoApps/Robot-for-Post-Hurricane-Agricultural-Inspection/robot-project-new/.cache/sketch/sketch/sketch.ino.cpp.o
                0x000000000000019c                RpcFunctionWrapper<std::function<void (int)> >::~RpcFunctionWrapper()
                0x000000000000019c                RpcFunctionWrapper<std::function<void (int)> >::~RpcFunctionWrapper()
 .text._ZN18RpcFunctionWrapperISt8functionIFviEEED0Ev
                0x00000000000001b8       0x1c /home/arduino/ArduinoApps/Robot-for-Post-Hurricane-Agricultural-Inspection/robot-project-new/.cache/sketch/sketch/sketch.ino.cpp.o
                0x00000000000001b8                RpcFunctionWrapper<std::function<void (int)> >::~RpcFunctionWrapper()
 .text._ZN18RpcFunctionWrapperISt8functionIFvvEEED2Ev
                0x00000000000001d4       0x1c /home/arduino/ArduinoApps/Robot-for-Post-Hurricane-Agricultural-Inspection/robot-project-new/.cache/sketch/sketch/sketch.ino.cpp.o
                0x00000000000001d4                RpcFunctionWrapper<std::function<void ()> >::~RpcFunctionWrapper()
                0x00000000000001d4                RpcFunctionWrapper<std::function<void ()> >::~RpcFunctionWrapper()
 .text._ZN18RpcFunctionWrapperISt8functionIFvvEEED0Ev
                0x00000000000001f0       0x1c /home/arduino/ArduinoApps/Robot-for-Post-Hurricane-Agricultural-Inspection/robot-project-new/.cache/sketch/sketch/sketch.ino.cpp.o
                0x00000000000001f0                RpcFunctionWrapper<std::function<void ()> >::~RpcFunctionWrapper()
 .text._ZN7arduino7msgpack8Unpacker11deserializeEv
                0x000000000000020c       0x16 /home/arduino/ArduinoApps/Robot-for-Post-Hurricane-Agricultural-Inspection/robot-project-new/.cache/sketch/sketch/sketch.ino.cpp.o
                0x000000000000020c                arduino::msgpack::Unpacker::deserialize()
 .text._ZN7arduino7msgpack8Unpacker5clearEv
                0x0000000000000222       0x14 /home/arduino/ArduinoApps/Robot-for-Post-Hurricane-Agricultural-Inspection/robot-project-new/.cache/sketch/sketch/sketch.ino.cpp.o
                0x0000000000000222                arduino::msgpack::Unpacker::clear()
 .text._ZNK7arduino7msgpack8Unpacker13getRawBytePtrEjj
                0x0000000000000236       0x1e /home/arduino/ArduinoApps/Robot-for-Post-Hurricane-Agricultural-Inspection/robot-project-new/.cache/sketch/sketch/sketch.ino.cpp.o
                0x0000000000000236                arduino::msgpack::Unpacker::getRawBytePtr(unsigned int, unsigned int) const
 .text._ZN8RpcErrorC2Ev
                0x0000000000000254       0x2c /home/arduino/ArduinoApps/Robot-for-Post-Hurricane-Agricultural-Inspection/robot-project-new/.cache/sketch/sketch/sketch.ino.cpp.o
                0x0000000000000254                RpcError::RpcError()
                0x0000000000000254                RpcError::RpcError()
 .text._ZN17RpcDecoderManager10getDecoderER10ITransport
                0x0000000000000280       0x7c /home/arduino/ArduinoApps/Robot-for-Post-Hurricane-Agricultural-Inspection/robot-project-new/.cache/sketch/sketch/sketch.ino.cpp.o
                0x0000000000000280                RpcDecoderManager::getDecoder(ITransport&)
 .text._ZN17RpcDecoderManager11getInstanceEv
                0x00000000000002fc       0x30 /home/arduino/ArduinoApps/Robot-for-Post-Hurricane-Agricultural-Inspection/robot-project-new/.cache/sketch/sketch/sketch.ino.cpp.o
                0x00000000000002fc                RpcDecoderManager::getInstance()
 .text._ZN7arduino7msgpack8UnpackerC2Ev
                0x000000000000032c       0x10 /home/arduino/ArduinoApps/Robot-for-Post-Hurricane-Agricultural-Inspection/robot-project-new/.cache/sketch/sketch/sketch.ino.cpp.o
                0x000000000000032c                arduino::msgpack::Unpacker::Unpacker()
                0x000000000000032c                arduino::msgpack::Unpacker::Unpacker()
 .text._ZN10RPCRequestILj256EEC2Ev
                0x000000000000033c       0x4c /home/arduino/ArduinoApps/Robot-for-Post-Hurricane-Agricultural-Inspection/robot-project-new/.cache/sketch/sketch/sketch.ino.cpp.o
                0x000000000000033c                RPCRequest<256u>::RPCRequest()
                0x000000000000033c                RPCRequest<256u>::RPCRequest()
 .text._ZN11BridgeClass10is_startedEv
                0x0000000000000388       0x2c /home/arduino/ArduinoApps/Robot-for-Post-Hurricane-Agricultural-Inspection/robot-project-new/.cache/sketch/sketch/sketch.ino.cpp.o
                0x0000000000000388                BridgeClass::is_started()
 .text._Z14set_led4_colorbbb
                0x00000000000003b4       0x2c /home/arduino/ArduinoApps/Robot-for-Post-Hurricane-Agricultural-Inspection/robot-project-new/.cache/sketch/sketch/sketch.ino.cpp.o
                0x00000000000003b4                set_led4_color(bool, bool, bool)
 .text._ZNSt12_Vector_baseIhSaIhEED2Ev
                0x00000000000003e0       0x18 /home/arduino/ArduinoApps/Robot-for-Post-Hurricane-Agricultural-Inspection/robot-project-new/.cache/sketch/sketch/sketch.ino.cpp.o
                0x00000000000003e0                std::_Vector_base<unsigned char, std::allocator<unsigned char> >::~_Vector_base()
                0x00000000000003e0                std::_Vector_base<unsigned char, std::allocator<unsigned char> >::~_Vector_base()
 .text.__tcf_2  0x00000000000003f8       0x14 /home/arduino/ArduinoApps/Robot-for-Post-Hurricane-Agricultural-Inspection/robot-project-new/.cache/sketch/sketch/sketch.ino.cpp.o
 .text.__tcf_1  0x000000000000040c       0x14 /home/arduino/ArduinoApps/Robot-for-Post-Hurricane-Agricultural-Inspection/robot-project-new/.cache/sketch/sketch/sketch.ino.cpp.o
 .text._ZNSt6vectorIhSaIhEE14_M_move_assignEOS1_St17integral_constantIbLb1EE.isra.0
                0x0000000000000420       0x34 /home/arduino/ArduinoApps/Robot-for-Post-Hurricane-Agricultural-Inspection/robot-project-new/.cache/sketch/sketch/sketch.ino.cpp.o
 .text._ZNK7arduino7msgpack8Unpacker11getRawBytesIhEET_jj
                0x0000000000000454       0x1e /home/arduino/ArduinoApps/Robot-for-Post-Hurricane-Agricultural-Inspection/robot-project-new/.cache/sketch/sketch/sketch.ino.cpp.o
                0x0000000000000454                unsigned char arduino::msgpack::Unpacker::getRawBytes<unsigned char>(unsigned int, unsigned int) const
 *fill*         0x0000000000000472        0x2 
 .text._ZNK7arduino7msgpack8Unpacker7getTypeEj
                0x0000000000000474       0x58 /home/arduino/ArduinoApps/Robot-for-Post-Hurricane-Agricultural-Inspection/robot-project-new/.cache/sketch/sketch/sketch.ino.cpp.o
                0x0000000000000474                arduino::msgpack::Unpacker::getType(unsigned int) const
 .text._ZNK7arduino7msgpack8Unpacker7getTypeEv
                0x00000000000004cc       0x10 /home/arduino/ArduinoApps/Robot-for-Post-Hurricane-Agricultural-Inspection/robot-project-new/.cache/sketch/sketch/sketch.ino.cpp.o
                0x00000000000004cc                arduino::msgpack::Unpacker::getType() const
 .text._ZN7arduino7msgpack8Unpacker9unpackNilEv
                0x00000000000004dc       0x3c /home/arduino/ArduinoApps/Robot-for-Post-Hurricane-Agricultural-Inspection/robot-project-new/.cache/sketch/sketch/sketch.ino.cpp.o
                0x00000000000004dc                arduino::msgpack::Unpacker::unpackNil()
 .text._ZNK7arduino7msgpack8Unpacker7isArrayEv
                0x0000000000000518       0x20 /home/arduino/ArduinoApps/Robot-for-Post-Hurricane-Agricultural-Inspection/robot-project-new/.cache/sketch/sketch/sketch.ino.cpp.o
                0x0000000000000518                arduino::msgpack::Unpacker::isArray() const
 .text._ZNK7arduino7msgpack8Unpacker5isMapEv
                0x0000000000000538       0x20 /home/arduino/ArduinoApps/Robot-for-Post-Hurricane-Agricultural-Inspection/robot-project-new/.cache/sketch/sketch/sketch.ino.cpp.o
                0x0000000000000538                arduino::msgpack::Unpacker::isMap() const
 .text._ZN7arduino7msgpack8Unpacker13unpackFloat32Ev
                0x0000000000000558       0x60 /home/arduino/ArduinoApps/Robot-for-Post-Hurricane-Agricultural-Inspection/robot-project-new/.cache/sketch/sketch/sketch.ino.cpp.o
                0x0000000000000558                arduino::msgpack::Unpacker::unpackFloat32()
 .text._ZN7arduino7msgpack8Unpacker13unpackFloat64Ev
                0x00000000000005b8       0x6c /home/arduino/ArduinoApps/Robot-for-Post-Hurricane-Agricultural-Inspection/robot-project-new/.cache/sketch/sketch/sketch.ino.cpp.o
                0x00000000000005b8                arduino::msgpack::Unpacker::unpackFloat64()
 .text._ZN7arduino7msgpack8Unpacker11unpackInt64Ev
                0x0000000000000624       0x60 /home/arduino/ArduinoApps/Robot-for-Post-Hurricane-Agricultural-Inspection/robot-project-new/.cache/sketch/sketch/sketch.ino.cpp.o
                0x0000000000000624                arduino::msgpack::Unpacker::unpackInt64()
 .text._ZN7arduino7msgpack8Unpacker11unpackInt32Ev
                0x0000000000000684       0x58 /home/arduino/ArduinoApps/Robot-for-Post-Hurricane-Agricultural-Inspection/robot-project-new/.cache/sketch/sketch/sketch.ino.cpp.o
                0x0000000000000684                arduino::msgpack::Unpacker::unpackInt32()
 .text._ZN7arduino7msgpack8Unpacker11unpackInt16Ev
                0x00000000000006dc       0x4c /home/arduino/ArduinoApps/Robot-for-Post-Hurricane-Agricultural-Inspection/robot-project-new/.cache/sketch/sketch/sketch.ino.cpp.o
                0x00000000000006dc                arduino::msgpack::Unpacker::unpackInt16()
 .text._ZN7arduino7msgpack8Unpacker10unpackInt5Ev
                0x0000000000000728       0x4c /home/arduino/ArduinoApps/Robot-for-Post-Hurricane-Agricultural-Inspection/robot-project-new/.cache/sketch/sketch/sketch.ino.cpp.o
                0x0000000000000728                arduino::msgpack::Unpacker::unpackInt5()
 .text._ZN7arduino7msgpack8Unpacker11unpackUInt7Ev
                0x0000000000000774       0x48 /home/arduino/ArduinoApps/Robot-for-Post-Hurricane-Agricultural-Inspection/robot-project-new/.cache/sketch/sketch/sketch.ino.cpp.o
                0x0000000000000774                arduino::msgpack::Unpacker::unpackUInt7()
 .text._ZN7arduino7msgpack8Unpacker11unpackUInt8Ev
                0x00000000000007bc       0x48 /home/arduino/ArduinoApps/Robot-for-Post-Hurricane-Agricultural-Inspection/robot-project-new/.cache/sketch/sketch/sketch.ino.cpp.o
                0x00000000000007bc                arduino::msgpack::Unpacker::unpackUInt8()
 .text._ZNK7arduino7msgpack8Unpacker11getRawBytesItEET_jj
                0x0000000000000804       0x26 /home/arduino/ArduinoApps/Robot-for-Post-Hurricane-Agricultural-Inspection/robot-project-new/.cache/sketch/sketch/sketch.ino.cpp.o
                0x0000000000000804                unsigned short arduino::msgpack::Unpacker::getRawBytes<unsigned short>(unsigned int, unsigned int) const
 *fill*         0x000000000000082a        0x2 
 .text._ZN7arduino7msgpack8Unpacker12unpackUInt16Ev
                0x000000000000082c       0x48 /home/arduino/ArduinoApps/Robot-for-Post-Hurricane-Agricultural-Inspection/robot-project-new/.cache/sketch/sketch/sketch.ino.cpp.o
                0x000000000000082c                arduino::msgpack::Unpacker::unpackUInt16()
 .text._ZNK7arduino7msgpack8Unpacker11getRawBytesIjEET_jj
                0x0000000000000874       0x34 /home/arduino/ArduinoApps/Robot-for-Post-Hurricane-Agricultural-Inspection/robot-project-new/.cache/sketch/sketch/sketch.ino.cpp.o
                0x0000000000000874                unsigned int arduino::msgpack::Unpacker::getRawBytes<unsigned int>(unsigned int, unsigned int) const
 .text._ZNK7arduino7msgpack8Unpacker14getElementSizeEj
                0x00000000000008a8      0x11c /home/arduino/ArduinoApps/Robot-for-Post-Hurricane-Agricultural-Inspection/robot-project-new/.cache/sketch/sketch/sketch.ino.cpp.o
                0x00000000000008a8                arduino::msgpack::Unpacker::getElementSize(unsigned int) const
 .text._ZN7arduino7msgpack8Unpacker15unpackArraySizeEv
                0x00000000000009c4       0x78 /home/arduino/ArduinoApps/Robot-for-Post-Hurricane-Agricultural-Inspection/robot-project-new/.cache/sketch/sketch/sketch.ino.cpp.o
                0x00000000000009c4                arduino::msgpack::Unpacker::unpackArraySize()
 .text._ZN7arduino7msgpack8Unpacker12unpackUInt32Ev
                0x0000000000000a3c       0x48 /home/arduino/ArduinoApps/Robot-for-Post-Hurricane-Agricultural-Inspection/robot-project-new/.cache/sketch/sketch/sketch.ino.cpp.o
                0x0000000000000a3c                arduino::msgpack::Unpacker::unpackUInt32()
 .text._ZN7arduino7msgpack8Unpacker13unpackMapSizeEv
                0x0000000000000a84       0x78 /home/arduino/ArduinoApps/Robot-for-Post-Hurricane-Agricultural-Inspection/robot-project-new/.cache/sketch/sketch/sketch.ino.cpp.o
                0x0000000000000a84                arduino::msgpack::Unpacker::unpackMapSize()
 .text._ZNK7arduino7msgpack8Unpacker11getRawBytesIyEET_jj
                0x0000000000000afc       0x3a /home/arduino/ArduinoApps/Robot-for-Post-Hurricane-Agricultural-Inspection/robot-project-new/.cache/sketch/sketch/sketch.ino.cpp.o
                0x0000000000000afc                unsigned long long arduino::msgpack::Unpacker::getRawBytes<unsigned long long>(unsigned int, unsigned int) const
 *fill*         0x0000000000000b36        0x2 
 .text._ZN7arduino7msgpack8Unpacker12unpackUInt64Ev
                0x0000000000000b38       0x4c /home/arduino/ArduinoApps/Robot-for-Post-Hurricane-Agricultural-Inspection/robot-project-new/.cache/sketch/sketch/sketch.ino.cpp.o
                0x0000000000000b38                arduino::msgpack::Unpacker::unpackUInt64()
 .text._ZNK7arduino7msgpack8Unpacker11getRawBytesIaEET_jj
                0x0000000000000b84       0x1e /home/arduino/ArduinoApps/Robot-for-Post-Hurricane-Agricultural-Inspection/robot-project-new/.cache/sketch/sketch/sketch.ino.cpp.o
                0x0000000000000b84                signed char arduino::msgpack::Unpacker::getRawBytes<signed char>(unsigned int, unsigned int) const
 *fill*         0x0000000000000ba2        0x2 
 .text._ZN7arduino7msgpack8Unpacker10unpackInt8Ev
                0x0000000000000ba4       0x48 /home/arduino/ArduinoApps/Robot-for-Post-Hurricane-Agricultural-Inspection/robot-project-new/.cache/sketch/sketch/sketch.ino.cpp.o
                0x0000000000000ba4                arduino::msgpack::Unpacker::unpackInt8()
 .text._ZNK7arduino7msgpack8Unpacker13isTimestamp32Ev
                0x0000000000000bec       0x2c /home/arduino/ArduinoApps/Robot-for-Post-Hurricane-Agricultural-Inspection/robot-project-new/.cache/sketch/sketch/sketch.ino.cpp.o
                0x0000000000000bec                arduino::msgpack::Unpacker::isTimestamp32() const
 .text._ZNK7arduino7msgpack8Unpacker13isTimestamp64Ev
                0x0000000000000c18       0x2c /home/arduino/ArduinoApps/Robot-for-Post-Hurricane-Agricultural-Inspection/robot-project-new/.cache/sketch/sketch/sketch.ino.cpp.o
                0x0000000000000c18                arduino::msgpack::Unpacker::isTimestamp64() const
 .text._ZNK7arduino7msgpack8Unpacker13isTimestamp96Ev
                0x0000000000000c44       0x40 /home/arduino/ArduinoApps/Robot-for-Post-Hurricane-Agricultural-Inspection/robot-project-new/.cache/sketch/sketch/sketch.ino.cpp.o
                0x0000000000000c44                arduino::msgpack::Unpacker::isTimestamp96() const
 .text._ZNK7arduino7msgpack8Unpacker11getRawBytesIcEET_jj
                0x0000000000000c84       0x1e /home/arduino/ArduinoApps/Robot-for-Post-Hurricane-Agricultural-Inspection/robot-project-new/.cache/sketch/sketch/sketch.ino.cpp.o
                0x0000000000000c84                char arduino::msgpack::Unpacker::getRawBytes<char>(unsigned int, unsigned int) const
 *fill*         0x0000000000000ca2        0x2 
 .text._ZN7arduino7msgpack8Unpacker11deserializeINS0_4type9ArraySizeEJEEEbRT_DpOT0_
                0x0000000000000ca4       0x40 /home/arduino/ArduinoApps/Robot-for-Post-Hurricane-Agricultural-Inspection/robot-project-new/.cache/sketch/sketch/sketch.ino.cpp.o
                0x0000000000000ca4                bool arduino::msgpack::Unpacker::deserialize<arduino::msgpack::type::ArraySize>(arduino::msgpack::type::ArraySize&)
 .text._ZN7arduino7msgpack8Unpacker11deserializeINS0_6object5nil_tEJEEEbRT_DpOT0_
                0x0000000000000ce4       0x40 /home/arduino/ArduinoApps/Robot-for-Post-Hurricane-Agricultural-Inspection/robot-project-new/.cache/sketch/sketch/sketch.ino.cpp.o
                0x0000000000000ce4                bool arduino::msgpack::Unpacker::deserialize<arduino::msgpack::object::nil_t>(arduino::msgpack::object::nil_t&)
 .text._ZN7arduino7msgpack8Unpacker11deserializeIbJEEEbRT_DpOT0_
                0x0000000000000d24       0x68 /home/arduino/ArduinoApps/Robot-for-Post-Hurricane-Agricultural-Inspection/robot-project-new/.cache/sketch/sketch/sketch.ino.cpp.o
                0x0000000000000d24                bool arduino::msgpack::Unpacker::deserialize<bool>(bool&)
 .text._ZN7arduino7msgpack8Unpacker11deserializeINS_6StringEJEEEbRT_DpOT0_
                0x0000000000000d8c      0x174 /home/arduino/ArduinoApps/Robot-for-Post-Hurricane-Agricultural-Inspection/robot-project-new/.cache/sketch/sketch/sketch.ino.cpp.o
                0x0000000000000d8c                bool arduino::msgpack::Unpacker::deserialize<arduino::String>(arduino::String&)
 .text._ZN7arduino7msgpack8Unpacker11deserializeINS0_6object8timespecEJEEEbRT_DpOT0_
                0x0000000000000f00       0xc4 /home/arduino/ArduinoApps/Robot-for-Post-Hurricane-Agricultural-Inspection/robot-project-new/.cache/sketch/sketch/sketch.ino.cpp.o
                0x0000000000000f00                bool arduino::msgpack::Unpacker::deserialize<arduino::msgpack::object::timespec>(arduino::msgpack::object::timespec&)
 .text._ZNSt12_Vector_baseIjSaIjEED2Ev
                0x0000000000000fc4       0x18 /home/arduino/ArduinoApps/Robot-for-Post-Hurricane-Agricultural-Inspection/robot-project-new/.cache/sketch/sketch/sketch.ino.cpp.o
                0x0000000000000fc4                std::_Vector_base<unsigned int, std::allocator<unsigned int> >::~_Vector_base()
                0x0000000000000fc4                std::_Vector_base<unsigned int, std::allocator<unsigned int> >::~_Vector_base()
 .text._ZN10RPCRequestILj256EED2Ev
                0x0000000000000fdc       0x2c /home/arduino/ArduinoApps/Robot-for-Post-Hurricane-Agricultural-Inspection/robot-project-new/.cache/sketch/sketch/sketch.ino.cpp.o
                0x0000000000000fdc                RPCRequest<256u>::~RPCRequest()
                0x0000000000000fdc                RPCRequest<256u>::~RPCRequest()
 .text._ZNSt6vectorIjSaIjEE17_M_realloc_insertIJRjEEEvN9__gnu_cxx17__normal_iteratorIPjS1_EEDpOT_
                0x0000000000001008       0xdc /home/arduino/ArduinoApps/Robot-for-Post-Hurricane-Agricultural-Inspection/robot-project-new/.cache/sketch/sketch/sketch.ino.cpp.o
                0x0000000000001008                void std::vector<unsigned int, std::allocator<unsigned int> >::_M_realloc_insert<unsigned int&>(__gnu_cxx::__normal_iterator<unsigned int*, std::vector<unsigned int, std::allocator<unsigned int> > >, unsigned int&)
 .text._ZN7arduino7msgpack8Unpacker4feedEPKhj
                0x00000000000010e4       0x78 /home/arduino/ArduinoApps/Robot-for-Post-Hurricane-Agricultural-Inspection/robot-project-new/.cache/sketch/sketch/sketch.ino.cpp.o
                0x00000000000010e4                arduino::msgpack::Unpacker::feed(unsigned char const*, unsigned int)
 .text._ZN7RpcCallIJEE8setErrorEiN7arduino6StringE
                0x000000000000115c       0x40 /home/arduino/ArduinoApps/Robot-for-Post-Hurricane-Agricultural-Inspection/robot-project-new/.cache/sketch/sketch/sketch.ino.cpp.o
                0x000000000000115c                RpcCall<>::setError(int, arduino::String)
 .text._ZN7RpcCallIJEEC2ERKN7arduino6StringEP9RPCClientP7k_mutexS8_
                0x000000000000119c       0x7c /home/arduino/ArduinoApps/Robot-for-Post-Hurricane-Agricultural-Inspection/robot-project-new/.cache/sketch/sketch/sketch.ino.cpp.o
                0x000000000000119c                RpcCall<>::RpcCall(arduino::String const&, RPCClient*, k_mutex*, k_mutex*)
                0x000000000000119c                RpcCall<>::RpcCall(arduino::String const&, RPCClient*, k_mutex*, k_mutex*)
 .text._ZN7RpcCallIJEE6resultIbEEbRT_.part.0
                0x0000000000001218       0x34 /home/arduino/ArduinoApps/Robot-for-Post-Hurricane-Agricultural-Inspection/robot-project-new/.cache/sketch/sketch/sketch.ino.cpp.o
 .text._ZN7RpcCallIJEE7isErrorEv
                0x000000000000124c       0x34 /home/arduino/ArduinoApps/Robot-for-Post-Hurricane-Agricultural-Inspection/robot-project-new/.cache/sketch/sketch/sketch.ino.cpp.o
                0x000000000000124c                RpcCall<>::isError()
 .text._ZNKSt6vectorIhSaIhEE12_M_check_lenEjPKc
                0x0000000000001280       0x38 /home/arduino/ArduinoApps/Robot-for-Post-Hurricane-Agricultural-Inspection/robot-project-new/.cache/sketch/sketch/sketch.ino.cpp.o
                0x0000000000001280                std::vector<unsigned char, std::allocator<unsigned char> >::_M_check_len(unsigned int, char const*) const
 .text._ZNSt6vectorIhSaIhEE12emplace_backIJhEEERhDpOT_.isra.0
                0x00000000000012b8       0x90 /home/arduino/ArduinoApps/Robot-for-Post-Hurricane-Agricultural-Inspection/robot-project-new/.cache/sketch/sketch/sketch.ino.cpp.o
 .text._ZN7arduino7msgpack6Packer11packRawByteERKNS0_4TypeE.isra.0
                0x0000000000001348       0x18 /home/arduino/ArduinoApps/Robot-for-Post-Hurricane-Agricultural-Inspection/robot-project-new/.cache/sketch/sketch/sketch.ino.cpp.o
 .text._ZN7arduino7msgpack6Packer7packNilEv
                0x0000000000001360       0x18 /home/arduino/ArduinoApps/Robot-for-Post-Hurricane-Agricultural-Inspection/robot-project-new/.cache/sketch/sketch/sketch.ino.cpp.o
                0x0000000000001360                arduino::msgpack::Packer::packNil()
 .text._ZNSt6vectorIhSaIhEE12emplace_backIJRKhEEERhDpOT_.isra.0
                0x0000000000001378       0x90 /home/arduino/ArduinoApps/Robot-for-Post-Hurricane-Agricultural-Inspection/robot-project-new/.cache/sketch/sketch/sketch.ino.cpp.o
 .text._ZN7arduino7msgpack6Packer9packUInt8Eh
                0x0000000000001408       0x2c /home/arduino/ArduinoApps/Robot-for-Post-Hurricane-Agricultural-Inspection/robot-project-new/.cache/sketch/sketch/sketch.ino.cpp.o
                0x0000000000001408                arduino::msgpack::Packer::packUInt8(unsigned char)
 .text._ZNSt6vectorIhSaIhEE12emplace_backIJRhEEES3_DpOT_.isra.0
                0x0000000000001434       0x90 /home/arduino/ArduinoApps/Robot-for-Post-Hurricane-Agricultural-Inspection/robot-project-new/.cache/sketch/sketch/sketch.ino.cpp.o
 .text._ZN7arduino7msgpack6Packer15packRawReversedIjEEvRKT_
                0x00000000000014c4       0x1c /home/arduino/ArduinoApps/Robot-for-Post-Hurricane-Agricultural-Inspection/robot-project-new/.cache/sketch/sketch/sketch.ino.cpp.o
                0x00000000000014c4                void arduino::msgpack::Packer::packRawReversed<unsigned int>(unsigned int const&)
 .text._ZN7arduino7msgpack6Packer10packUInt32Ej
                0x00000000000014e0       0x28 /home/arduino/ArduinoApps/Robot-for-Post-Hurricane-Agricultural-Inspection/robot-project-new/.cache/sketch/sketch/sketch.ino.cpp.o
                0x00000000000014e0                arduino::msgpack::Packer::packUInt32(unsigned int)
 .text._ZN7arduino7msgpack6Packer15packRawReversedItEEvRKT_
                0x0000000000001508       0x1c /home/arduino/ArduinoApps/Robot-for-Post-Hurricane-Agricultural-Inspection/robot-project-new/.cache/sketch/sketch/sketch.ino.cpp.o
                0x0000000000001508                void arduino::msgpack::Packer::packRawReversed<unsigned short>(unsigned short const&)
 .text._ZN7arduino7msgpack6Packer13packArraySizeEj
                0x0000000000001524       0x58 /home/arduino/ArduinoApps/Robot-for-Post-Hurricane-Agricultural-Inspection/robot-project-new/.cache/sketch/sketch/sketch.ino.cpp.o
                0x0000000000001524                arduino::msgpack::Packer::packArraySize(unsigned int)
 .text._ZN7arduino7msgpack6Packer10packUInt16Et
                0x000000000000157c       0x2c /home/arduino/ArduinoApps/Robot-for-Post-Hurricane-Agricultural-Inspection/robot-project-new/.cache/sketch/sketch/sketch.ino.cpp.o
                0x000000000000157c                arduino::msgpack::Packer::packUInt16(unsigned short)
 .text._ZN7arduino7msgpack6Packer11packIntegerIjEENSt9enable_ifIXaaaaaasrSt13is_arithmeticIT_E5valuesrSt11is_integralIS5_E5valuentsrSt7is_sameIS5_bE5valuentsrS9_INSt9remove_cvIS5_E4typeEPcE5valueEvE4typeERKS5_.isra.0
                0x00000000000015a8       0x50 /home/arduino/ArduinoApps/Robot-for-Post-Hurricane-Agricultural-Inspection/robot-project-new/.cache/sketch/sketch/sketch.ino.cpp.o
 .text._ZN7arduino7msgpack6Packer11packIntegerIiEENSt9enable_ifIXaaaaaasrSt13is_arithmeticIT_E5valuesrSt11is_integralIS5_E5valuentsrSt7is_sameIS5_bE5valuentsrS9_INSt9remove_cvIS5_E4typeEPcE5valueEvE4typeERKS5_.isra.0
                0x00000000000015f8       0xb8 /home/arduino/ArduinoApps/Robot-for-Post-Hurricane-Agricultural-Inspection/robot-project-new/.cache/sketch/sketch/sketch.ino.cpp.o
 .text._ZN7arduino7msgpack6Packer12packRawBytesEPKcj
                0x00000000000016b0       0x9c /home/arduino/ArduinoApps/Robot-for-Post-Hurricane-Agricultural-Inspection/robot-project-new/.cache/sketch/sketch/sketch.ino.cpp.o
                0x00000000000016b0                arduino::msgpack::Packer::packRawBytes(char const*, unsigned int)
 .text._ZN7arduino7msgpack6Packer11packString5EPKcj
                0x000000000000174c       0x38 /home/arduino/ArduinoApps/Robot-for-Post-Hurricane-Agricultural-Inspection/robot-project-new/.cache/sketch/sketch/sketch.ino.cpp.o
                0x000000000000174c                arduino::msgpack::Packer::packString5(char const*, unsigned int)
 .text._ZN7arduino7msgpack6Packer11packString8EPKcj
                0x0000000000001784       0x3c /home/arduino/ArduinoApps/Robot-for-Post-Hurricane-Agricultural-Inspection/robot-project-new/.cache/sketch/sketch/sketch.ino.cpp.o
                0x0000000000001784                arduino::msgpack::Packer::packString8(char const*, unsigned int)
 .text._ZN7arduino7msgpack6Packer12packString16EPKcj
                0x00000000000017c0       0x3c /home/arduino/ArduinoApps/Robot-for-Post-Hurricane-Agricultural-Inspection/robot-project-new/.cache/sketch/sketch/sketch.ino.cpp.o
                0x00000000000017c0                arduino::msgpack::Packer::packString16(char const*, unsigned int)
 .text._ZN7arduino7msgpack6Packer12packString32EPKcj
                0x00000000000017fc       0x38 /home/arduino/ArduinoApps/Robot-for-Post-Hurricane-Agricultural-Inspection/robot-project-new/.cache/sketch/sketch/sketch.ino.cpp.o
                0x00000000000017fc                arduino::msgpack::Packer::packString32(char const*, unsigned int)
 .text._ZN7arduino7msgpack6Packer4packEPKc
                0x0000000000001834       0x44 /home/arduino/ArduinoApps/Robot-for-Post-Hurricane-Agricultural-Inspection/robot-project-new/.cache/sketch/sketch/sketch.ino.cpp.o
                0x0000000000001834                arduino::msgpack::Packer::pack(char const*)
 .text._ZN7arduino7msgpack6Packer4packERKNS_6StringE
                0x0000000000001878       0x34 /home/arduino/ArduinoApps/Robot-for-Post-Hurricane-Agricultural-Inspection/robot-project-new/.cache/sketch/sketch/sketch.ino.cpp.o
                0x0000000000001878                arduino::msgpack::Packer::pack(arduino::String const&)
 .text._ZN7arduino7msgpack6Packer9serializeIJRKiRKNS_6StringEEEEvRKNS0_4type9ArraySizeEDpOT_.isra.0
                0x00000000000018ac       0x2c /home/arduino/ArduinoApps/Robot-for-Post-Hurricane-Agricultural-Inspection/robot-project-new/.cache/sketch/sketch/sketch.ino.cpp.o
 .text._ZN7arduino7msgpack6Packer9serializeI8RpcErrorJRNS0_6object5nil_tEEEENSt9enable_ifIXoooontsrSt10is_pointerIT_E5valuesrSt7is_sameIS9_PKcE5valuesrSB_IS9_PKNS_19__FlashStringHelperEE5valueEvE4typeERKS9_DpOT0_.constprop.0
                0x00000000000018d8       0x20 /home/arduino/ArduinoApps/Robot-for-Post-Hurricane-Agricultural-Inspection/robot-project-new/.cache/sketch/sketch/sketch.ino.cpp.o
 .text._ZN18RpcFunctionWrapperISt8functionIFvvEEEclERN7arduino7msgpack8UnpackerERNS5_6PackerE
                0x00000000000018f8       0x98 /home/arduino/ArduinoApps/Robot-for-Post-Hurricane-Agricultural-Inspection/robot-project-new/.cache/sketch/sketch/sketch.ino.cpp.o
                0x00000000000018f8                RpcFunctionWrapper<std::function<void ()> >::operator()(arduino::msgpack::Unpacker&, arduino::msgpack::Packer&)
 .text._ZN7arduino7msgpack8Unpacker9unpackIntIiEENSt9enable_ifIXaaaaaaaasrSt13is_arithmeticIT_E5valuesrSt11is_integralIS5_E5valuentsrSt7is_sameIS5_bE5valuentsrS9_INSt9remove_cvIS5_E4typeEPcE5valuesrSt9is_signedIS5_E5valueES5_E4typeEv
                0x0000000000001990       0xd0 /home/arduino/ArduinoApps/Robot-for-Post-Hurricane-Agricultural-Inspection/robot-project-new/.cache/sketch/sketch/sketch.ino.cpp.o
                0x0000000000001990                std::enable_if<(((std::is_arithmetic<int>::value&&std::is_integral<int>::value)&&(!std::is_same<int, bool>::value))&&(!std::is_same<std::remove_cv<int>::type, char*>::value))&&std::is_signed<int>::value, int>::type arduino::msgpack::Unpacker::unpackInt<int>()
 .text._ZN7arduino7msgpack8Unpacker11deserializeIiJEEEbRT_DpOT0_
                0x0000000000001a60       0x40 /home/arduino/ArduinoApps/Robot-for-Post-Hurricane-Agricultural-Inspection/robot-project-new/.cache/sketch/sketch/sketch.ino.cpp.o
                0x0000000000001a60                bool arduino::msgpack::Unpacker::deserialize<int>(int&)
 .text._ZN7arduino7msgpack8Unpacker11unpackFloatIfEENSt9enable_ifIXaasrSt13is_arithmeticIT_E5valuesrSt17is_floating_pointIS5_E5valueES5_E4typeEv
                0x0000000000001aa0      0x118 /home/arduino/ArduinoApps/Robot-for-Post-Hurricane-Agricultural-Inspection/robot-project-new/.cache/sketch/sketch/sketch.ino.cpp.o
                0x0000000000001aa0                std::enable_if<std::is_arithmetic<float>::value&&std::is_floating_point<float>::value, float>::type arduino::msgpack::Unpacker::unpackFloat<float>()
 .text._ZN7arduino7msgpack8Unpacker11unpackFloatIdEENSt9enable_ifIXaasrSt13is_arithmeticIT_E5valuesrSt17is_floating_pointIS5_E5valueES5_E4typeEv
                0x0000000000001bb8      0x118 /home/arduino/ArduinoApps/Robot-for-Post-Hurricane-Agricultural-Inspection/robot-project-new/.cache/sketch/sketch/sketch.ino.cpp.o
                0x0000000000001bb8                std::enable_if<std::is_arithmetic<double>::value&&std::is_floating_point<double>::value, double>::type arduino::msgpack::Unpacker::unpackFloat<double>()
 .text._ZN7arduino7msgpack8Unpacker12unpackBinaryIhEENSt9enable_ifIXoosrSt7is_sameIT_cE5valuesrS4_IS5_hE5valueESt6vectorINS3_IXoosrS7_5valuesrS6_5valueES5_E4typeESaIS5_EEE4typeEv
                0x0000000000001cd0      0x114 /home/arduino/ArduinoApps/Robot-for-Post-Hurricane-Agricultural-Inspection/robot-project-new/.cache/sketch/sketch/sketch.ino.cpp.o
                0x0000000000001cd0                std::enable_if<std::is_same<unsigned char, char>::value||std::is_same<unsigned char, unsigned char>::value, std::vector<std::enable_if<std::is_same<unsigned char, unsigned char>::value||std::is_same<unsigned char, char>::value, unsigned char>::type, std::allocator<unsigned char> > >::type arduino::msgpack::Unpacker::unpackBinary<unsigned char>()
 .text._ZN7arduino7msgpack8Unpacker11deserializeINS0_4type9ArraySizeEJRiEEEbRT_DpOT0_
                0x0000000000001de4       0x44 /home/arduino/ArduinoApps/Robot-for-Post-Hurricane-Agricultural-Inspection/robot-project-new/.cache/sketch/sketch/sketch.ino.cpp.o
                0x0000000000001de4                bool arduino::msgpack::Unpacker::deserialize<arduino::msgpack::type::ArraySize, int&>(arduino::msgpack::type::ArraySize&, int&)
 .text._ZNK10RpcDecoderILj1024EE4sendEPKhj
                0x0000000000001e28       0x22 /home/arduino/ArduinoApps/Robot-for-Post-Hurricane-Agricultural-Inspection/robot-project-new/.cache/sketch/sketch/sketch.ino.cpp.o
                0x0000000000001e28                RpcDecoder<1024u>::send(unsigned char const*, unsigned int) const
 *fill*         0x0000000000001e4a        0x2 
 .text._ZN9RPCClient8send_rpcIJEEEbRKN7arduino6StringERjDpOT_.isra.0
                0x0000000000001e4c       0x8c /home/arduino/ArduinoApps/Robot-for-Post-Hurricane-Agricultural-Inspection/robot-project-new/.cache/sketch/sketch/sketch.ino.cpp.o
 .text._ZN9RPCClient8send_rpcIJRKN7arduino6StringEEEEbS4_RjDpOT_.isra.0
                0x0000000000001ed8       0x90 /home/arduino/ArduinoApps/Robot-for-Post-Hurricane-Agricultural-Inspection/robot-project-new/.cache/sketch/sketch/sketch.ino.cpp.o
 .text._ZN11BridgeClass6notifyIJRA14_KcEEEvN7arduino6StringEDpOT_
                0x0000000000001f68       0xa8 /home/arduino/ArduinoApps/Robot-for-Post-Hurricane-Agricultural-Inspection/robot-project-new/.cache/sketch/sketch/sketch.ino.cpp.o
                0x0000000000001f68                void BridgeClass::notify<char const (&) [14]>(arduino::String, char const (&) [14])
 .text._Z17turn_right_slowlyv
                0x0000000000002010      0x114 /home/arduino/ArduinoApps/Robot-for-Post-Hurricane-Agricultural-Inspection/robot-project-new/.cache/sketch/sketch/sketch.ino.cpp.o
                0x0000000000002010                turn_right_slowly()
 .text._Z16turn_left_slowlyv
                0x0000000000002124      0x114 /home/arduino/ArduinoApps/Robot-for-Post-Hurricane-Agricultural-Inspection/robot-project-new/.cache/sketch/sketch/sketch.ino.cpp.o
                0x0000000000002124                turn_left_slowly()
 .text._Z10turn_rightv
                0x0000000000002238       0xfc /home/arduino/ArduinoApps/Robot-for-Post-Hurricane-Agricultural-Inspection/robot-project-new/.cache/sketch/sketch/sketch.ino.cpp.o
                0x0000000000002238                turn_right()
 .text._Z9turn_leftv
                0x0000000000002334       0xfc /home/arduino/ArduinoApps/Robot-for-Post-Hurricane-Agricultural-Inspection/robot-project-new/.cache/sketch/sketch/sketch.ino.cpp.o
                0x0000000000002334                turn_left()
 .text._Z13move_backwardv
                0x0000000000002430       0xfc /home/arduino/ArduinoApps/Robot-for-Post-Hurricane-Agricultural-Inspection/robot-project-new/.cache/sketch/sketch/sketch.ino.cpp.o
                0x0000000000002430                move_backward()
 .text._ZN11BridgeClass6notifyIJRA8_KcEEEvN7arduino6StringEDpOT_
                0x000000000000252c       0xa8 /home/arduino/ArduinoApps/Robot-for-Post-Hurricane-Agricultural-Inspection/robot-project-new/.cache/sketch/sketch/sketch.ino.cpp.o
                0x000000000000252c                void BridgeClass::notify<char const (&) [8]>(arduino::String, char const (&) [8])
 .text._Z12move_forwardv
                0x00000000000025d4       0x7c /home/arduino/ArduinoApps/Robot-for-Post-Hurricane-Agricultural-Inspection/robot-project-new/.cache/sketch/sketch/sketch.ino.cpp.o
                0x00000000000025d4                move_forward()
 .text._Z11stop_motorsv
                0x0000000000002650       0x74 /home/arduino/ArduinoApps/Robot-for-Post-Hurricane-Agricultural-Inspection/robot-project-new/.cache/sketch/sketch/sketch.ino.cpp.o
                0x0000000000002650                stop_motors()
 .text._ZN11BridgeClass6notifyIJRN7arduino6StringEEEEvS2_DpOT_
                0x00000000000026c4       0xa8 /home/arduino/ArduinoApps/Robot-for-Post-Hurricane-Agricultural-Inspection/robot-project-new/.cache/sketch/sketch/sketch.ino.cpp.o
                0x00000000000026c4                void BridgeClass::notify<arduino::String&>(arduino::String, arduino::String&)
 .text._Z13send_IMU_datav
                0x000000000000276c      0x11c /home/arduino/ArduinoApps/Robot-for-Post-Hurricane-Agricultural-Inspection/robot-project-new/.cache/sketch/sketch/sketch.ino.cpp.o
                0x000000000000276c                send_IMU_data()
 .text.loop     0x0000000000002888       0x74 /home/arduino/ArduinoApps/Robot-for-Post-Hurricane-Agricultural-Inspection/robot-project-new/.cache/sketch/sketch/sketch.ino.cpp.o
                0x0000000000002888                loop
 .text._ZN11BridgeClass6notifyIJiEEEvN7arduino6StringEDpOT_
                0x00000000000028fc       0xa8 /home/arduino/ArduinoApps/Robot-for-Post-Hurricane-Agricultural-Inspection/robot-project-new/.cache/sketch/sketch/sketch.ino.cpp.o
                0x00000000000028fc                void BridgeClass::notify<int>(arduino::String, int&&)
 .text._ZNK9RPCServer13send_responseILj256EEEbRK10RPCRequestIXT_EE.isra.0
                0x00000000000029a4       0x24 /home/arduino/ArduinoApps/Robot-for-Post-Hurricane-Agricultural-Inspection/robot-project-new/.cache/sketch/sketch/sketch.ino.cpp.o
 .text._ZN7RpcCallIJRKN7arduino6StringEEE8setErrorEiS1_
                0x00000000000029c8       0x40 /home/arduino/ArduinoApps/Robot-for-Post-Hurricane-Agricultural-Inspection/robot-project-new/.cache/sketch/sketch/sketch.ino.cpp.o
                0x00000000000029c8                RpcCall<arduino::String const&>::setError(int, arduino::String)
 .text._ZN7RpcCallIJRKN7arduino6StringEEEC2ES3_P9RPCClientP7k_mutexS8_S3_
                0x0000000000002a08       0x80 /home/arduino/ArduinoApps/Robot-for-Post-Hurricane-Agricultural-Inspection/robot-project-new/.cache/sketch/sketch/sketch.ino.cpp.o
                0x0000000000002a08                RpcCall<arduino::String const&>::RpcCall(arduino::String const&, RPCClient*, k_mutex*, k_mutex*, arduino::String const&)
                0x0000000000002a08                RpcCall<arduino::String const&>::RpcCall(arduino::String const&, RPCClient*, k_mutex*, k_mutex*, arduino::String const&)
 .text._ZN7RpcCallIJRKN7arduino6StringEEE7isErrorEv
                0x0000000000002a88       0x34 /home/arduino/ArduinoApps/Robot-for-Post-Hurricane-Agricultural-Inspection/robot-project-new/.cache/sketch/sketch/sketch.ino.cpp.o
                0x0000000000002a88                RpcCall<arduino::String const&>::isError()
 .text._ZN10RpcDecoderILj1024EE7consumeEjj
                0x0000000000002abc       0x50 /home/arduino/ArduinoApps/Robot-for-Post-Hurricane-Agricultural-Inspection/robot-project-new/.cache/sketch/sketch/sketch.ino.cpp.o
                0x0000000000002abc                RpcDecoder<1024u>::consume(unsigned int, unsigned int)
 .text._ZN10RpcDecoderILj1024EE7discardEv
                0x0000000000002b0c       0x2c /home/arduino/ArduinoApps/Robot-for-Post-Hurricane-Agricultural-Inspection/robot-project-new/.cache/sketch/sketch/sketch.ino.cpp.o
                0x0000000000002b0c                RpcDecoder<1024u>::discard()
 .text._ZN7arduino7msgpack8Unpacker11deserializeI8RpcErrorJRNS0_6object5nil_tEEEEbRT_DpOT0_
                0x0000000000002b38       0x90 /home/arduino/ArduinoApps/Robot-for-Post-Hurricane-Agricultural-Inspection/robot-project-new/.cache/sketch/sketch/sketch.ino.cpp.o
                0x0000000000002b38                bool arduino::msgpack::Unpacker::deserialize<RpcError, arduino::msgpack::object::nil_t&>(RpcError&, arduino::msgpack::object::nil_t&)
 .text._ZNK21RpcFunctionDispatcherILj100EE7isBoundERKN7arduino6StringE
                0x0000000000002bc8       0x34 /home/arduino/ArduinoApps/Robot-for-Post-Hurricane-Agricultural-Inspection/robot-project-new/.cache/sketch/sketch/sketch.ino.cpp.o
                0x0000000000002bc8                RpcFunctionDispatcher<100u>::isBound(arduino::String const&) const
 .text._Z4wrapIRFvvESt8functionIS0_EEP18RpcFunctionWrapperIT0_EOT_
                0x0000000000002bfc       0x6c /home/arduino/ArduinoApps/Robot-for-Post-Hurricane-Agricultural-Inspection/robot-project-new/.cache/sketch/sketch/sketch.ino.cpp.o
                0x0000000000002bfc                RpcFunctionWrapper<std::function<void ()> >* wrap<void (&)(), std::function<void ()> >(void (&)())
 .text._Z4wrapIRFviESt8functionIS0_EEP18RpcFunctionWrapperIT0_EOT_
                0x0000000000002c68       0x6c /home/arduino/ArduinoApps/Robot-for-Post-Hurricane-Agricultural-Inspection/robot-project-new/.cache/sketch/sketch/sketch.ino.cpp.o
                0x0000000000002c68                RpcFunctionWrapper<std::function<void (int)> >* wrap<void (&)(int), std::function<void (int)> >(void (&)(int))
 .text._ZN7arduino7msgpack8Unpacker10unpackUIntIjEENSt9enable_ifIXaaaaaaaasrSt13is_arithmeticIT_E5valuesrSt11is_integralIS5_E5valuentsrSt7is_sameIS5_bE5valuentsrS9_INSt9remove_cvIS5_E4typeEPcE5valuentsrSt9is_signedIS5_E5valueES5_E4typeEv
                0x0000000000002cd4       0x80 /home/arduino/ArduinoApps/Robot-for-Post-Hurricane-Agricultural-Inspection/robot-project-new/.cache/sketch/sketch/sketch.ino.cpp.o
                0x0000000000002cd4                std::enable_if<(((std::is_arithmetic<unsigned int>::value&&std::is_integral<unsigned int>::value)&&(!std::is_same<unsigned int, bool>::value))&&(!std::is_same<std::remove_cv<unsigned int>::type, char*>::value))&&(!std::is_signed<unsigned int>::value), unsigned int>::type arduino::msgpack::Unpacker::unpackUInt<unsigned int>()
 .text._ZN7arduino7msgpack8Unpacker11deserializeIjJRNS_6StringEEEEbRT_DpOT0_
                0x0000000000002d54       0x44 /home/arduino/ArduinoApps/Robot-for-Post-Hurricane-Agricultural-Inspection/robot-project-new/.cache/sketch/sketch/sketch.ino.cpp.o
                0x0000000000002d54                bool arduino::msgpack::Unpacker::deserialize<unsigned int, arduino::String&>(unsigned int&, arduino::String&)
 .text._ZN10RpcDecoderILj1024EE16fetch_rpc_methodEv
                0x0000000000002d98       0xe8 /home/arduino/ArduinoApps/Robot-for-Post-Hurricane-Agricultural-Inspection/robot-project-new/.cache/sketch/sketch/sketch.ino.cpp.o
                0x0000000000002d98                RpcDecoder<1024u>::fetch_rpc_method()
 .text._ZN10RPCRequestILj256EE22unpack_request_headersEv
                0x0000000000002e80       0xb8 /home/arduino/ArduinoApps/Robot-for-Post-Hurricane-Agricultural-Inspection/robot-project-new/.cache/sketch/sketch/sketch.ino.cpp.o
                0x0000000000002e80                RPCRequest<256u>::unpack_request_headers()
 .text._ZN9RPCServer15process_requestILj256EEEvR10RPCRequestIXT_EE
                0x0000000000002f38      0x114 /home/arduino/ArduinoApps/Robot-for-Post-Hurricane-Agricultural-Inspection/robot-project-new/.cache/sketch/sketch/sketch.ino.cpp.o
                0x0000000000002f38                void RPCServer::process_request<256u>(RPCRequest<256u>&)
 .text._ZN7arduino7msgpack8Unpacker11deserializeINS0_4type9ArraySizeEJRiRjEEEbRT_DpOT0_
                0x000000000000304c       0xa0 /home/arduino/ArduinoApps/Robot-for-Post-Hurricane-Agricultural-Inspection/robot-project-new/.cache/sketch/sketch/sketch.ino.cpp.o
                0x000000000000304c                bool arduino::msgpack::Unpacker::deserialize<arduino::msgpack::type::ArraySize, int&, unsigned int&>(arduino::msgpack::type::ArraySize&, int&, unsigned int&)
 .text._ZN10RpcDecoderILj1024EE12get_responseIbEEbjRT_R8RpcError
                0x00000000000030ec      0x17c /home/arduino/ArduinoApps/Robot-for-Post-Hurricane-Agricultural-Inspection/robot-project-new/.cache/sketch/sketch/sketch.ino.cpp.o
                0x00000000000030ec                bool RpcDecoder<1024u>::get_response<bool>(unsigned int, bool&, RpcError&)
 .text._ZN10RpcDecoderILj1024EE12get_responseIN7arduino6StringEEEbjRT_R8RpcError
                0x0000000000003268      0x17c /home/arduino/ArduinoApps/Robot-for-Post-Hurricane-Agricultural-Inspection/robot-project-new/.cache/sketch/sketch/sketch.ino.cpp.o
                0x0000000000003268                bool RpcDecoder<1024u>::get_response<arduino::String>(unsigned int, arduino::String&, RpcError&)
 .text._ZN10RpcDecoderILj1024EE12get_responseIN7arduino7msgpack6object5nil_tEEEbjRT_R8RpcError
                0x00000000000033e4      0x17c /home/arduino/ArduinoApps/Robot-for-Post-Hurricane-Agricultural-Inspection/robot-project-new/.cache/sketch/sketch/sketch.ino.cpp.o
                0x00000000000033e4                bool RpcDecoder<1024u>::get_response<arduino::msgpack::object::nil_t>(unsigned int, arduino::msgpack::object::nil_t&, RpcError&)
 .text._ZNSt11__copy_moveILb0ELb1ESt26random_access_iterator_tagE8__copy_mIhEEPT_PKS3_S6_S4_
                0x0000000000003560       0x1c /home/arduino/ArduinoApps/Robot-for-Post-Hurricane-Agricultural-Inspection/robot-project-new/.cache/sketch/sketch/sketch.ino.cpp.o
                0x0000000000003560                unsigned char* std::__copy_move<false, true, std::random_access_iterator_tag>::__copy_m<unsigned char>(unsigned char const*, unsigned char const*, unsigned char*)
 .text._ZNSt11__copy_moveILb1ELb1ESt26random_access_iterator_tagE8__copy_mIhEEPT_PKS3_S6_S4_
                0x000000000000357c       0x1c /home/arduino/ArduinoApps/Robot-for-Post-Hurricane-Agricultural-Inspection/robot-project-new/.cache/sketch/sketch/sketch.ino.cpp.o
                0x000000000000357c                unsigned char* std::__copy_move<true, true, std::random_access_iterator_tag>::__copy_m<unsigned char>(unsigned char const*, unsigned char const*, unsigned char*)
 .text._ZN7arduino7msgpack6object3extC2EaPKhj
                0x0000000000003598      0x104 /home/arduino/ArduinoApps/Robot-for-Post-Hurricane-Agricultural-Inspection/robot-project-new/.cache/sketch/sketch/sketch.ino.cpp.o
                0x0000000000003598                arduino::msgpack::object::ext::ext(signed char, unsigned char const*, unsigned int)
                0x0000000000003598                arduino::msgpack::object::ext::ext(signed char, unsigned char const*, unsigned int)
 .text._ZN7arduino7msgpack8Unpacker9unpackExtEv
                0x000000000000369c      0x178 /home/arduino/ArduinoApps/Robot-for-Post-Hurricane-Agricultural-Inspection/robot-project-new/.cache/sketch/sketch/sketch.ino.cpp.o
                0x000000000000369c                arduino::msgpack::Unpacker::unpackExt()
 .text._ZN8RpcUtils6detail12unpackObjectERN7arduino7msgpack8UnpackerE
                0x0000000000003814      0x29c /home/arduino/ArduinoApps/Robot-for-Post-Hurricane-Agricultural-Inspection/robot-project-new/.cache/sketch/sketch/sketch.ino.cpp.o
                0x0000000000003814                RpcUtils::detail::unpackObject(arduino::msgpack::Unpacker&)
 .text._ZN10RpcDecoderILj1024EE12parse_packetEv
                0x0000000000003ab0      0x13c /home/arduino/ArduinoApps/Robot-for-Post-Hurricane-Agricultural-Inspection/robot-project-new/.cache/sketch/sketch/sketch.ino.cpp.o
                0x0000000000003ab0                RpcDecoder<1024u>::parse_packet()
 .text._ZN10RpcDecoderILj1024EE6decodeEv
                0x0000000000003bec       0x40 /home/arduino/ArduinoApps/Robot-for-Post-Hurricane-Agricultural-Inspection/robot-project-new/.cache/sketch/sketch/sketch.ino.cpp.o
                0x0000000000003bec                RpcDecoder<1024u>::decode()
 .text._ZN9RPCServer7get_rpcILj256EEEbR10RPCRequestIXT_EEN7arduino6StringE
                0x0000000000003c2c       0xd0 /home/arduino/ArduinoApps/Robot-for-Post-Hurricane-Agricultural-Inspection/robot-project-new/.cache/sketch/sketch/sketch.ino.cpp.o
                0x0000000000003c2c                bool RPCServer::get_rpc<256u>(RPCRequest<256u>&, arduino::String)
 .text._ZN11BridgeClass11update_safeEv
                0x0000000000003cfc       0xb0 /home/arduino/ArduinoApps/Robot-for-Post-Hurricane-Agricultural-Inspection/robot-project-new/.cache/sketch/sketch/sketch.ino.cpp.o
                0x0000000000003cfc                BridgeClass::update_safe()
 .text._Z10__loopHookv
                0x0000000000003dac       0x28 /home/arduino/ArduinoApps/Robot-for-Post-Hurricane-Agricultural-Inspection/robot-project-new/.cache/sketch/sketch/sketch.ino.cpp.o
                0x0000000000003dac                __loopHook()
 .text._ZN11BridgeClass6updateEv
                0x0000000000003dd4       0xb0 /home/arduino/ArduinoApps/Robot-for-Post-Hurricane-Agricultural-Inspection/robot-project-new/.cache/sketch/sketch/sketch.ino.cpp.o
                0x0000000000003dd4                BridgeClass::update()
 .text._Z16updateEntryPointPvS_S_
                0x0000000000003e84       0x28 /home/arduino/ArduinoApps/Robot-for-Post-Hurricane-Agricultural-Inspection/robot-project-new/.cache/sketch/sketch/sketch.ino.cpp.o
                0x0000000000003e84                updateEntryPoint(void*, void*, void*)
 .text._ZN9RPCClient12get_responseIbEEbjRT_R8RpcError
                0x0000000000003eac       0x40 /home/arduino/ArduinoApps/Robot-for-Post-Hurricane-Agricultural-Inspection/robot-project-new/.cache/sketch/sketch/sketch.ino.cpp.o
                0x0000000000003eac                bool RPCClient::get_response<bool>(unsigned int, bool&, RpcError&)
 .text._ZN7RpcCallIJEE6resultIbEEbRT_
                0x0000000000003eec       0xf4 /home/arduino/ArduinoApps/Robot-for-Post-Hurricane-Agricultural-Inspection/robot-project-new/.cache/sketch/sketch/sketch.ino.cpp.o
                0x0000000000003eec                bool RpcCall<>::result<bool>(bool&)
 .text._ZN7RpcCallIJRKN7arduino6StringEEE6resultIbEEbRT_
                0x0000000000003fe0      0x118 /home/arduino/ArduinoApps/Robot-for-Post-Hurricane-Agricultural-Inspection/robot-project-new/.cache/sketch/sketch/sketch.ino.cpp.o
                0x0000000000003fe0                bool RpcCall<arduino::String const&>::result<bool>(bool&)
 .text._ZN9RPCClient12get_responseIN7arduino7msgpack6object5nil_tEEEbjRT_R8RpcError
                0x00000000000040f8       0x40 /home/arduino/ArduinoApps/Robot-for-Post-Hurricane-Agricultural-Inspection/robot-project-new/.cache/sketch/sketch/sketch.ino.cpp.o
                0x00000000000040f8                bool RPCClient::get_response<arduino::msgpack::object::nil_t>(unsigned int, arduino::msgpack::object::nil_t&, RpcError&)
 .text._ZN7RpcCallIJRKN7arduino6StringEEED2Ev
                0x0000000000004138      0x118 /home/arduino/ArduinoApps/Robot-for-Post-Hurricane-Agricultural-Inspection/robot-project-new/.cache/sketch/sketch/sketch.ino.cpp.o
                0x0000000000004138                RpcCall<arduino::String const&>::~RpcCall()
                0x0000000000004138                RpcCall<arduino::String const&>::~RpcCall()
 .text._ZN11BridgeClass7provideIRFvvEEEbRKN7arduino6StringEOT_.isra.0
                0x0000000000004250      0x120 /home/arduino/ArduinoApps/Robot-for-Post-Hurricane-Agricultural-Inspection/robot-project-new/.cache/sketch/sketch/sketch.ino.cpp.o
 .text._ZN7RpcCallIJEED2Ev
                0x0000000000004370       0xfc /home/arduino/ArduinoApps/Robot-for-Post-Hurricane-Agricultural-Inspection/robot-project-new/.cache/sketch/sketch/sketch.ino.cpp.o
                0x0000000000004370                RpcCall<>::~RpcCall()
                0x0000000000004370                RpcCall<>::~RpcCall()
 .text._ZN11BridgeClass5beginEm
                0x000000000000446c      0x1f0 /home/arduino/ArduinoApps/Robot-for-Post-Hurricane-Agricultural-Inspection/robot-project-new/.cache/sketch/sketch/sketch.ino.cpp.o
                0x000000000000446c                BridgeClass::begin(unsigned long)
 .text._ZN7RpcCallIJEE6resultIN7arduino6StringEEEbRT_
                0x000000000000465c      0x114 /home/arduino/ArduinoApps/Robot-for-Post-Hurricane-Agricultural-Inspection/robot-project-new/.cache/sketch/sketch/sketch.ino.cpp.o
                0x000000000000465c                bool RpcCall<>::result<arduino::String>(arduino::String&)
 .text._ZN13BridgeMonitorILj512EE5beginEmt.isra.0
                0x0000000000004770      0x130 /home/arduino/ArduinoApps/Robot-for-Post-Hurricane-Agricultural-Inspection/robot-project-new/.cache/sketch/sketch/sketch.ino.cpp.o
 .text._Z11setupSonarsv
                0x00000000000048a0       0x74 /home/arduino/ArduinoApps/Robot-for-Post-Hurricane-Agricultural-Inspection/robot-project-new/.cache/sketch/sketch/sketch.ino.cpp.o
                0x00000000000048a0                setupSonars()
 .text._ZN8RpcUtils6detail9unpackMapERN7arduino7msgpack8UnpackerERj
                0x0000000000004914       0x80 /home/arduino/ArduinoApps/Robot-for-Post-Hurricane-Agricultural-Inspection/robot-project-new/.cache/sketch/sketch/sketch.ino.cpp.o
                0x0000000000004914                RpcUtils::detail::unpackMap(arduino::msgpack::Unpacker&, unsigned int&)
 .text._ZN18RpcFunctionWrapperISt8functionIFviEEE11handle_callIvEENSt9enable_ifIXsrSt7is_voidIT_E5valueEiE4typeERN7arduino7msgpack8UnpackerERNSC_6PackerE
                0x0000000000004994       0x74 /home/arduino/ArduinoApps/Robot-for-Post-Hurricane-Agricultural-Inspection/robot-project-new/.cache/sketch/sketch/sketch.ino.cpp.o
                0x0000000000004994                std::enable_if<std::is_void<void>::value, int>::type RpcFunctionWrapper<std::function<void (int)> >::handle_call<void>(arduino::msgpack::Unpacker&, arduino::msgpack::Packer&)
 .text._ZN18RpcFunctionWrapperISt8functionIFviEEEclERN7arduino7msgpack8UnpackerERNS5_6PackerE
                0x0000000000004a08       0xec /home/arduino/ArduinoApps/Robot-for-Post-Hurricane-Agricultural-Inspection/robot-project-new/.cache/sketch/sketch/sketch.ino.cpp.o
                0x0000000000004a08                RpcFunctionWrapper<std::function<void (int)> >::operator()(arduino::msgpack::Unpacker&, arduino::msgpack::Packer&)
 .text._GLOBAL__sub_I_motorSpeed
                0x0000000000004af4       0x70 /home/arduino/ArduinoApps/Robot-for-Post-Hurricane-Agricultural-Inspection/robot-project-new/.cache/sketch/sketch/sketch.ino.cpp.o
 .text._GLOBAL__sub_D_motorSpeed
                0x0000000000004b64       0x30 /home/arduino/ArduinoApps/Robot-for-Post-Hurricane-Agricultural-Inspection/robot-project-new/.cache/sketch/sketch/sketch.ino.cpp.o
 .text.setup    0x0000000000004b94      0x2d8 /home/arduino/ArduinoApps/Robot-for-Post-Hurricane-Agricultural-Inspection/robot-project-new/.cache/sketch/sketch/sketch.ino.cpp.o
                0x0000000000004b94                setup
 .text._ZN7arduino5Print17availableForWriteEv
                0x0000000000004e6c        0x4 /home/arduino/ArduinoApps/Robot-for-Post-Hurricane-Agricultural-Inspection/robot-project-new/.cache/sketch/libraries/Wire/Wire.cpp.o
                0x0000000000004e6c                arduino::Print::availableForWrite()
 .text._ZN7arduino9ZephyrI2C5writeEi
                0x0000000000004e70        0x8 /home/arduino/ArduinoApps/Robot-for-Post-Hurricane-Agricultural-Inspection/robot-project-new/.cache/sketch/libraries/Wire/Wire.cpp.o
                0x0000000000004e70                arduino::ZephyrI2C::write(int)
 .text._ZN7arduino9ZephyrI2C5beginEv
                0x0000000000004e78        0x8 /home/arduino/ArduinoApps/Robot-for-Post-Hurricane-Agricultural-Inspection/robot-project-new/.cache/sketch/libraries/Wire/Wire.cpp.o
                0x0000000000004e78                arduino::ZephyrI2C::begin()
 .text._ZN7arduino9ZephyrI2C15endTransmissionEv
                0x0000000000004e80        0x8 /home/arduino/ArduinoApps/Robot-for-Post-Hurricane-Agricultural-Inspection/robot-project-new/.cache/sketch/libraries/Wire/Wire.cpp.o
                0x0000000000004e80                arduino::ZephyrI2C::endTransmission()
 .text._ZN7arduino9ZephyrI2C11requestFromEhj
                0x0000000000004e88       0x10 /home/arduino/ArduinoApps/Robot-for-Post-Hurricane-Agricultural-Inspection/robot-project-new/.cache/sketch/libraries/Wire/Wire.cpp.o
                0x0000000000004e88                arduino::ZephyrI2C::requestFrom(unsigned char, unsigned int)
 .text._ZN7arduino9ZephyrI2C9availableEv
                0x0000000000004e98        0xe /home/arduino/ArduinoApps/Robot-for-Post-Hurricane-Agricultural-Inspection/robot-project-new/.cache/sketch/libraries/Wire/Wire.cpp.o
                0x0000000000004e98                arduino::ZephyrI2C::available()
 .text._ZN7arduino9ZephyrI2C5flushEv
                0x0000000000004ea6        0x2 /home/arduino/ArduinoApps/Robot-for-Post-Hurricane-Agricultural-Inspection/robot-project-new/.cache/sketch/libraries/Wire/Wire.cpp.o
                0x0000000000004ea6                arduino::ZephyrI2C::flush()
 .text._ZN7arduino9ZephyrI2C9onReceiveEPFviE
                0x0000000000004ea8        0x6 /home/arduino/ArduinoApps/Robot-for-Post-Hurricane-Agricultural-Inspection/robot-project-new/.cache/sketch/libraries/Wire/Wire.cpp.o
                0x0000000000004ea8                arduino::ZephyrI2C::onReceive(void (*)(int))
 .text._ZN7arduino9ZephyrI2C9onRequestEPFvvE
                0x0000000000004eae        0x6 /home/arduino/ArduinoApps/Robot-for-Post-Hurricane-Agricultural-Inspection/robot-project-new/.cache/sketch/libraries/Wire/Wire.cpp.o
                0x0000000000004eae                arduino::ZephyrI2C::onRequest(void (*)())
 .text._ZN7arduino9ZephyrI2C5writeEh
                0x0000000000004eb4       0x1c /home/arduino/ArduinoApps/Robot-for-Post-Hurricane-Agricultural-Inspection/robot-project-new/.cache/sketch/libraries/Wire/Wire.cpp.o
                0x0000000000004eb4                arduino::ZephyrI2C::write(unsigned char)
 .text._ZN7arduino9ZephyrI2C5writeEPKhj
                0x0000000000004ed0        0xc /home/arduino/ArduinoApps/Robot-for-Post-Hurricane-Agricultural-Inspection/robot-project-new/.cache/sketch/libraries/Wire/Wire.cpp.o
                0x0000000000004ed0                arduino::ZephyrI2C::write(unsigned char const*, unsigned int)
 .text._ZN7arduino9ZephyrI2C4readEv
                0x0000000000004edc       0x28 /home/arduino/ArduinoApps/Robot-for-Post-Hurricane-Agricultural-Inspection/robot-project-new/.cache/sketch/libraries/Wire/Wire.cpp.o
                0x0000000000004edc                arduino::ZephyrI2C::read()
 .text._ZL28i2c_target_read_processed_cbP17i2c_target_configPh
                0x0000000000004f04       0x18 /home/arduino/ArduinoApps/Robot-for-Post-Hurricane-Agricultural-Inspection/robot-project-new/.cache/sketch/libraries/Wire/Wire.cpp.o
 .text._ZN7arduino9ZephyrI2C4peekEv
                0x0000000000004f1c       0x28 /home/arduino/ArduinoApps/Robot-for-Post-Hurricane-Agricultural-Inspection/robot-project-new/.cache/sketch/libraries/Wire/Wire.cpp.o
                0x0000000000004f1c                arduino::ZephyrI2C::peek()
 .text._ZN7arduino9ZephyrI2C3endEv
                0x0000000000004f44       0x32 /home/arduino/ArduinoApps/Robot-for-Post-Hurricane-Agricultural-Inspection/robot-project-new/.cache/sketch/libraries/Wire/Wire.cpp.o
                0x0000000000004f44                arduino::ZephyrI2C::end()
 *fill*         0x0000000000004f76        0x2 
 .text._ZN7arduino9ZephyrI2C5beginEh
                0x0000000000004f78       0x20 /home/arduino/ArduinoApps/Robot-for-Post-Hurricane-Agricultural-Inspection/robot-project-new/.cache/sketch/libraries/Wire/Wire.cpp.o
                0x0000000000004f78                arduino::ZephyrI2C::begin(unsigned char)
 .text._ZN7arduino9ZephyrI2C8setClockEj
                0x0000000000004f98       0x3c /home/arduino/ArduinoApps/Robot-for-Post-Hurricane-Agricultural-Inspection/robot-project-new/.cache/sketch/libraries/Wire/Wire.cpp.o
                0x0000000000004f98                arduino::ZephyrI2C::setClock(unsigned int)
 .text._ZN7arduino9ZephyrI2C11requestFromEhjb
                0x0000000000004fd4       0x88 /home/arduino/ArduinoApps/Robot-for-Post-Hurricane-Agricultural-Inspection/robot-project-new/.cache/sketch/libraries/Wire/Wire.cpp.o
                0x0000000000004fd4                arduino::ZephyrI2C::requestFrom(unsigned char, unsigned int, bool)
 .text._ZN7arduino9ZephyrI2C15endTransmissionEb
                0x000000000000505c       0x74 /home/arduino/ArduinoApps/Robot-for-Post-Hurricane-Agricultural-Inspection/robot-project-new/.cache/sketch/libraries/Wire/Wire.cpp.o
                0x000000000000505c                arduino::ZephyrI2C::endTransmission(bool)
 .text._ZL29i2c_target_write_requested_cbP17i2c_target_config
                0x00000000000050d0        0xe /home/arduino/ArduinoApps/Robot-for-Post-Hurricane-Agricultural-Inspection/robot-project-new/.cache/sketch/libraries/Wire/Wire.cpp.o
 .text._ZN7arduino9ZephyrI2C17beginTransmissionEh
                0x00000000000050de       0x14 /home/arduino/ArduinoApps/Robot-for-Post-Hurricane-Agricultural-Inspection/robot-project-new/.cache/sketch/libraries/Wire/Wire.cpp.o
                0x00000000000050de                arduino::ZephyrI2C::beginTransmission(unsigned char)
 *fill*         0x00000000000050f2        0x2 
 .text._ZN7arduino9ZephyrI2CC2EPK6device
                0x00000000000050f4       0x4c /home/arduino/ArduinoApps/Robot-for-Post-Hurricane-Agricultural-Inspection/robot-project-new/.cache/sketch/libraries/Wire/Wire.cpp.o
                0x00000000000050f4                arduino::ZephyrI2C::ZephyrI2C(device const*)
                0x00000000000050f4                arduino::ZephyrI2C::ZephyrI2C(device const*)
 .text._ZN7arduino9ZephyrI2C21writeReceivedCallbackEP17i2c_target_configh
                0x0000000000005140       0x44 /home/arduino/ArduinoApps/Robot-for-Post-Hurricane-Agricultural-Inspection/robot-project-new/.cache/sketch/libraries/Wire/Wire.cpp.o
                0x0000000000005140                arduino::ZephyrI2C::writeReceivedCallback(i2c_target_config*, unsigned char)
 .text._ZL28i2c_target_write_received_cbP17i2c_target_configh
                0x0000000000005184       0x10 /home/arduino/ArduinoApps/Robot-for-Post-Hurricane-Agricultural-Inspection/robot-project-new/.cache/sketch/libraries/Wire/Wire.cpp.o
 .text._ZN7arduino9ZephyrI2C21readRequestedCallbackEP17i2c_target_configPh
                0x0000000000005194       0x30 /home/arduino/ArduinoApps/Robot-for-Post-Hurricane-Agricultural-Inspection/robot-project-new/.cache/sketch/libraries/Wire/Wire.cpp.o
                0x0000000000005194                arduino::ZephyrI2C::readRequestedCallback(i2c_target_config*, unsigned char*)
 .text._ZL28i2c_target_read_requested_cbP17i2c_target_configPh
                0x00000000000051c4       0x10 /home/arduino/ArduinoApps/Robot-for-Post-Hurricane-Agricultural-Inspection/robot-project-new/.cache/sketch/libraries/Wire/Wire.cpp.o
 .text._ZN7arduino9ZephyrI2C12stopCallbackEP17i2c_target_config
                0x00000000000051d4       0x1c /home/arduino/ArduinoApps/Robot-for-Post-Hurricane-Agricultural-Inspection/robot-project-new/.cache/sketch/libraries/Wire/Wire.cpp.o
                0x00000000000051d4                arduino::ZephyrI2C::stopCallback(i2c_target_config*)
 .text._ZL18i2c_target_stop_cbP17i2c_target_config
                0x00000000000051f0        0xc /home/arduino/ArduinoApps/Robot-for-Post-Hurricane-Agricultural-Inspection/robot-project-new/.cache/sketch/libraries/Wire/Wire.cpp.o
 .text._GLOBAL__sub_I__ZN7arduino9ZephyrI2CC2EPK6device
                0x00000000000051fc       0x60 /home/arduino/ArduinoApps/Robot-for-Post-Hurricane-Agricultural-Inspection/robot-project-new/.cache/sketch/libraries/Wire/Wire.cpp.o
 .text._GLOBAL__sub_D__ZN7arduino9ZephyrI2CC2EPK6device
                0x000000000000525c       0x20 /home/arduino/ArduinoApps/Robot-for-Post-Hurricane-Agricultural-Inspection/robot-project-new/.cache/sketch/libraries/Wire/Wire.cpp.o
 .text._ZN7arduino9ZephyrSPI14usingInterruptEi
                0x000000000000527c        0x2 /home/arduino/ArduinoApps/Robot-for-Post-Hurricane-Agricultural-Inspection/robot-project-new/.cache/sketch/libraries/SPI/SPI.cpp.o
                0x000000000000527c                arduino::ZephyrSPI::notUsingInterrupt(int)
                0x000000000000527c                arduino::ZephyrSPI::usingInterrupt(int)
 .text._ZN7arduino9ZephyrSPI15attachInterruptEv
                0x000000000000527e        0x2 /home/arduino/ArduinoApps/Robot-for-Post-Hurricane-Agricultural-Inspection/robot-project-new/.cache/sketch/libraries/SPI/SPI.cpp.o
                0x000000000000527e                arduino::ZephyrSPI::attachInterrupt()
                0x000000000000527e                arduino::ZephyrSPI::detachInterrupt()
 .text._ZN7arduino9ZephyrSPI5beginEv
                0x0000000000005280        0x6 /home/arduino/ArduinoApps/Robot-for-Post-Hurricane-Agricultural-Inspection/robot-project-new/.cache/sketch/libraries/SPI/SPI.cpp.o
                0x0000000000005280                arduino::ZephyrSPI::begin()
 .text._ZN7arduino9ZephyrSPI3endEv
                0x0000000000005286        0xa /home/arduino/ArduinoApps/Robot-for-Post-Hurricane-Agricultural-Inspection/robot-project-new/.cache/sketch/libraries/SPI/SPI.cpp.o
                0x0000000000005286                arduino::ZephyrSPI::end()
 .text._ZN7arduino9ZephyrSPID2Ev
                0x0000000000005290        0x2 /home/arduino/ArduinoApps/Robot-for-Post-Hurricane-Agricultural-Inspection/robot-project-new/.cache/sketch/libraries/SPI/SPI.cpp.o
                0x0000000000005290                arduino::ZephyrSPI::~ZephyrSPI()
                0x0000000000005290                arduino::ZephyrSPI::~ZephyrSPI()
 *fill*         0x0000000000005292        0x2 
 .text._ZN7arduino9ZephyrSPID0Ev
                0x0000000000005294       0x14 /home/arduino/ArduinoApps/Robot-for-Post-Hurricane-Agricultural-Inspection/robot-project-new/.cache/sketch/libraries/SPI/SPI.cpp.o
                0x0000000000005294                arduino::ZephyrSPI::~ZephyrSPI()
 .text._ZN7arduino9ZephyrSPI16beginTransactionENS_11SPISettingsE
                0x00000000000052a8       0x80 /home/arduino/ArduinoApps/Robot-for-Post-Hurricane-Agricultural-Inspection/robot-project-new/.cache/sketch/libraries/SPI/SPI.cpp.o
                0x00000000000052a8                arduino::ZephyrSPI::beginTransaction(arduino::SPISettings)
 .text._ZN7arduino9ZephyrSPI14endTransactionEv
                0x0000000000005328        0xc /home/arduino/ArduinoApps/Robot-for-Post-Hurricane-Agricultural-Inspection/robot-project-new/.cache/sketch/libraries/SPI/SPI.cpp.o
                0x0000000000005328                arduino::ZephyrSPI::endTransaction()
 .text._ZN7arduino9ZephyrSPI8transferEPvjPK10spi_config
                0x0000000000005334       0x2e /home/arduino/ArduinoApps/Robot-for-Post-Hurricane-Agricultural-Inspection/robot-project-new/.cache/sketch/libraries/SPI/SPI.cpp.o
                0x0000000000005334                arduino::ZephyrSPI::transfer(void*, unsigned int, spi_config const*)
 *fill*         0x0000000000005362        0x2 
 .text._ZN7arduino9ZephyrSPI8transferEh
                0x0000000000005364       0x28 /home/arduino/ArduinoApps/Robot-for-Post-Hurricane-Agricultural-Inspection/robot-project-new/.cache/sketch/libraries/SPI/SPI.cpp.o
                0x0000000000005364                arduino::ZephyrSPI::transfer(unsigned char)
 .text._ZN7arduino9ZephyrSPI10transfer16Et
                0x000000000000538c       0x28 /home/arduino/ArduinoApps/Robot-for-Post-Hurricane-Agricultural-Inspection/robot-project-new/.cache/sketch/libraries/SPI/SPI.cpp.o
                0x000000000000538c                arduino::ZephyrSPI::transfer16(unsigned short)
 .text._ZN7arduino9ZephyrSPI8transferEPvj
                0x00000000000053b4       0x14 /home/arduino/ArduinoApps/Robot-for-Post-Hurricane-Agricultural-Inspection/robot-project-new/.cache/sketch/libraries/SPI/SPI.cpp.o
                0x00000000000053b4                arduino::ZephyrSPI::transfer(void*, unsigned int)
 .text._GLOBAL__sub_I__ZN7arduino9ZephyrSPIC2EPK6device
                0x00000000000053c8       0x5c /home/arduino/ArduinoApps/Robot-for-Post-Hurricane-Agricultural-Inspection/robot-project-new/.cache/sketch/libraries/SPI/SPI.cpp.o
 .text._GLOBAL__sub_D__ZN7arduino9ZephyrSPIC2EPK6device
                0x0000000000005424       0x20 /home/arduino/ArduinoApps/Robot-for-Post-Hurricane-Agricultural-Inspection/robot-project-new/.cache/sketch/libraries/SPI/SPI.cpp.o
 .text._ZN7arduino5Print5flushEv
                0x0000000000005444        0x2 /home/arduino/ArduinoApps/Robot-for-Post-Hurricane-Agricultural-Inspection/robot-project-new/.cache/sketch/libraries/Arduino_RouterBridge/singletons.cpp.o
                0x0000000000005444                arduino::Print::flush()
 .text._ZN13BridgeMonitorILj512EE5writeEh
                0x0000000000005446       0x18 /home/arduino/ArduinoApps/Robot-for-Post-Hurricane-Agricultural-Inspection/robot-project-new/.cache/sketch/libraries/Arduino_RouterBridge/singletons.cpp.o
                0x0000000000005446                BridgeMonitor<512u>::write(unsigned char)
 *fill*         0x000000000000545e        0x2 